ARM GAS  C:\Users\skey\AppData\Local\Temp\cccihEbR.s 			page 1


   1              		.cpu cortex-m3
   2              		.eabi_attribute 20, 1	@ Tag_ABI_FP_denormal
   3              		.eabi_attribute 21, 1	@ Tag_ABI_FP_exceptions
   4              		.eabi_attribute 23, 3	@ Tag_ABI_FP_number_model
   5              		.eabi_attribute 24, 1	@ Tag_ABI_align8_needed
   6              		.eabi_attribute 25, 1	@ Tag_ABI_align8_preserved
   7              		.eabi_attribute 26, 1	@ Tag_ABI_enum_size
   8              		.eabi_attribute 30, 4	@ Tag_ABI_optimization_goals
   9              		.eabi_attribute 34, 1	@ Tag_CPU_unaligned_access
  10              		.eabi_attribute 18, 4	@ Tag_ABI_PCS_wchar_t
  11              		.file	"stm32f10x_iwdg.c"
  12              	@ GNU C17 (GNU Tools for Arm Embedded Processors 9-2019-q4-major) version 9.2.1 20191025 (release) 
  13              	@	compiled by GNU C version 5.3.1 20160211, GMP version 6.1.0, MPFR version 3.1.4, MPC version 1.0.
  14              	
  15              	@ GGC heuristics: --param ggc-min-expand=100 --param ggc-min-heapsize=131072
  16              	@ options passed:  -I . -I .\usr_inc -I .\task_inc
  17              	@ -I .\stlib\CMSIS\CM3\CoreSupport
  18              	@ -I .\stlib\CMSIS\CM3\DeviceSupport\ST\STM32F10x
  19              	@ -I .\stlib\STM32F10x_StdPeriph_Driver\inc
  20              	@ -I .\stlib\STM32F10x_StdPeriph_Driver -I .\freertos\include
  21              	@ -I .\freertos\portable\GCC\ARM_CM3 -imultilib thumb/v7-m/nofp
  22              	@ -iprefix c:\program files (x86)\gnu tools arm embedded\9 2019-q4-major\bin\../lib/gcc/arm-none-ea
  23              	@ -isysroot c:\program files (x86)\gnu tools arm embedded\9 2019-q4-major\bin\../arm-none-eabi
  24              	@ -D__USES_INITFINI__ -D STM32F10X_HD -D USE_STDPERIPH_DRIVER
  25              	@ -D HSE_VALUE=8000000 -D RUN_FROM_FLASH=1
  26              	@ .\stlib\STM32F10x_StdPeriph_Driver\src\stm32f10x_iwdg.c -mcpu=cortex-m3
  27              	@ -mthumb -mfloat-abi=soft -march=armv7-m
  28              	@ -auxbase-strip .\stlib\STM32F10x_StdPeriph_Driver\src\stm32f10x_iwdg.o -g
  29              	@ -gdwarf-2 -Os -Wall -fomit-frame-pointer -fverbose-asm
  30              	@ options enabled:  -faggressive-loop-optimizations -fassume-phsa
  31              	@ -fauto-inc-dec -fbranch-count-reg -fcaller-saves -fcode-hoisting
  32              	@ -fcombine-stack-adjustments -fcommon -fcompare-elim -fcprop-registers
  33              	@ -fcrossjumping -fcse-follow-jumps -fdefer-pop
  34              	@ -fdelete-null-pointer-checks -fdevirtualize -fdevirtualize-speculatively
  35              	@ -fdwarf2-cfi-asm -fearly-inlining -feliminate-unused-debug-types
  36              	@ -fexpensive-optimizations -fforward-propagate -ffp-int-builtin-inexact
  37              	@ -ffunction-cse -fgcse -fgcse-lm -fgnu-runtime -fgnu-unique
  38              	@ -fguess-branch-probability -fhoist-adjacent-loads -fident -fif-conversion
  39              	@ -fif-conversion2 -findirect-inlining -finline -finline-atomics
  40              	@ -finline-functions -finline-functions-called-once
  41              	@ -finline-small-functions -fipa-bit-cp -fipa-cp -fipa-icf
  42              	@ -fipa-icf-functions -fipa-icf-variables -fipa-profile -fipa-pure-const
  43              	@ -fipa-ra -fipa-reference -fipa-reference-addressable -fipa-sra
  44              	@ -fipa-stack-alignment -fipa-vrp -fira-hoist-pressure
  45              	@ -fira-share-save-slots -fira-share-spill-slots
  46              	@ -fisolate-erroneous-paths-dereference -fivopts -fkeep-static-consts
  47              	@ -fleading-underscore -flifetime-dse -flra-remat -flto-odr-type-merging
  48              	@ -fmath-errno -fmerge-constants -fmerge-debug-strings
  49              	@ -fmove-loop-invariants -fomit-frame-pointer -foptimize-sibling-calls
  50              	@ -fpartial-inlining -fpeephole -fpeephole2 -fplt -fprefetch-loop-arrays
  51              	@ -freg-struct-return -freorder-blocks -freorder-functions
  52              	@ -frerun-cse-after-loop -fsched-critical-path-heuristic
  53              	@ -fsched-dep-count-heuristic -fsched-group-heuristic -fsched-interblock
  54              	@ -fsched-last-insn-heuristic -fsched-pressure -fsched-rank-heuristic
  55              	@ -fsched-spec -fsched-spec-insn-heuristic -fsched-stalled-insns-dep
  56              	@ -fschedule-insns2 -fsection-anchors -fsemantic-interposition
  57              	@ -fshow-column -fshrink-wrap-separate -fsigned-zeros
ARM GAS  C:\Users\skey\AppData\Local\Temp\cccihEbR.s 			page 2


  58              	@ -fsplit-ivs-in-unroller -fsplit-wide-types -fssa-backprop -fssa-phiopt
  59              	@ -fstdarg-opt -fstore-merging -fstrict-aliasing
  60              	@ -fstrict-volatile-bitfields -fsync-libcalls -fthread-jumps
  61              	@ -ftoplevel-reorder -ftrapping-math -ftree-bit-ccp -ftree-builtin-call-dce
  62              	@ -ftree-ccp -ftree-ch -ftree-coalesce-vars -ftree-copy-prop -ftree-cselim
  63              	@ -ftree-dce -ftree-dominator-opts -ftree-dse -ftree-forwprop -ftree-fre
  64              	@ -ftree-loop-if-convert -ftree-loop-im -ftree-loop-ivcanon
  65              	@ -ftree-loop-optimize -ftree-parallelize-loops= -ftree-phiprop -ftree-pre
  66              	@ -ftree-pta -ftree-reassoc -ftree-scev-cprop -ftree-sink -ftree-slsr
  67              	@ -ftree-sra -ftree-switch-conversion -ftree-tail-merge -ftree-ter
  68              	@ -ftree-vrp -funit-at-a-time -fvar-tracking -fvar-tracking-assignments
  69              	@ -fverbose-asm -fzero-initialized-in-bss -masm-syntax-unified -mbe32
  70              	@ -mfix-cortex-m3-ldrd -mlittle-endian -mpic-data-is-text-relative
  71              	@ -msched-prolog -mthumb -munaligned-access -mvectorize-with-neon-quad
  72              	
  73              		.text
  74              	.Ltext0:
  75              		.cfi_sections	.debug_frame
  76              		.align	1
  77              		.global	IWDG_WriteAccessCmd
  78              		.arch armv7-m
  79              		.syntax unified
  80              		.thumb
  81              		.thumb_func
  82              		.fpu softvfp
  83              		.type	IWDG_WriteAccessCmd, %function
  84              	IWDG_WriteAccessCmd:
  85              	.LVL0:
  86              	.LFB29:
  87              		.file 1 ".\\stlib\\STM32F10x_StdPeriph_Driver\\src\\stm32f10x_iwdg.c"
   1:.\stlib\STM32F10x_StdPeriph_Driver\src/stm32f10x_iwdg.c **** /**
   2:.\stlib\STM32F10x_StdPeriph_Driver\src/stm32f10x_iwdg.c ****   ******************************************************************************
   3:.\stlib\STM32F10x_StdPeriph_Driver\src/stm32f10x_iwdg.c ****   * @file    stm32f10x_iwdg.c
   4:.\stlib\STM32F10x_StdPeriph_Driver\src/stm32f10x_iwdg.c ****   * @author  MCD Application Team
   5:.\stlib\STM32F10x_StdPeriph_Driver\src/stm32f10x_iwdg.c ****   * @version V3.5.0
   6:.\stlib\STM32F10x_StdPeriph_Driver\src/stm32f10x_iwdg.c ****   * @date    11-March-2011
   7:.\stlib\STM32F10x_StdPeriph_Driver\src/stm32f10x_iwdg.c ****   * @brief   This file provides all the IWDG firmware functions.
   8:.\stlib\STM32F10x_StdPeriph_Driver\src/stm32f10x_iwdg.c ****   ******************************************************************************
   9:.\stlib\STM32F10x_StdPeriph_Driver\src/stm32f10x_iwdg.c ****   * @attention
  10:.\stlib\STM32F10x_StdPeriph_Driver\src/stm32f10x_iwdg.c ****   *
  11:.\stlib\STM32F10x_StdPeriph_Driver\src/stm32f10x_iwdg.c ****   * THE PRESENT FIRMWARE WHICH IS FOR GUIDANCE ONLY AIMS AT PROVIDING CUSTOMERS
  12:.\stlib\STM32F10x_StdPeriph_Driver\src/stm32f10x_iwdg.c ****   * WITH CODING INFORMATION REGARDING THEIR PRODUCTS IN ORDER FOR THEM TO SAVE
  13:.\stlib\STM32F10x_StdPeriph_Driver\src/stm32f10x_iwdg.c ****   * TIME. AS A RESULT, STMICROELECTRONICS SHALL NOT BE HELD LIABLE FOR ANY
  14:.\stlib\STM32F10x_StdPeriph_Driver\src/stm32f10x_iwdg.c ****   * DIRECT, INDIRECT OR CONSEQUENTIAL DAMAGES WITH RESPECT TO ANY CLAIMS ARISING
  15:.\stlib\STM32F10x_StdPeriph_Driver\src/stm32f10x_iwdg.c ****   * FROM THE CONTENT OF SUCH FIRMWARE AND/OR THE USE MADE BY CUSTOMERS OF THE
  16:.\stlib\STM32F10x_StdPeriph_Driver\src/stm32f10x_iwdg.c ****   * CODING INFORMATION CONTAINED HEREIN IN CONNECTION WITH THEIR PRODUCTS.
  17:.\stlib\STM32F10x_StdPeriph_Driver\src/stm32f10x_iwdg.c ****   *
  18:.\stlib\STM32F10x_StdPeriph_Driver\src/stm32f10x_iwdg.c ****   * <h2><center>&copy; COPYRIGHT 2011 STMicroelectronics</center></h2>
  19:.\stlib\STM32F10x_StdPeriph_Driver\src/stm32f10x_iwdg.c ****   ******************************************************************************
  20:.\stlib\STM32F10x_StdPeriph_Driver\src/stm32f10x_iwdg.c ****   */
  21:.\stlib\STM32F10x_StdPeriph_Driver\src/stm32f10x_iwdg.c **** 
  22:.\stlib\STM32F10x_StdPeriph_Driver\src/stm32f10x_iwdg.c **** /* Includes ------------------------------------------------------------------*/
  23:.\stlib\STM32F10x_StdPeriph_Driver\src/stm32f10x_iwdg.c **** #include "stm32f10x_iwdg.h"
  24:.\stlib\STM32F10x_StdPeriph_Driver\src/stm32f10x_iwdg.c **** 
  25:.\stlib\STM32F10x_StdPeriph_Driver\src/stm32f10x_iwdg.c **** /** @addtogroup STM32F10x_StdPeriph_Driver
  26:.\stlib\STM32F10x_StdPeriph_Driver\src/stm32f10x_iwdg.c ****   * @{
  27:.\stlib\STM32F10x_StdPeriph_Driver\src/stm32f10x_iwdg.c ****   */
ARM GAS  C:\Users\skey\AppData\Local\Temp\cccihEbR.s 			page 3


  28:.\stlib\STM32F10x_StdPeriph_Driver\src/stm32f10x_iwdg.c **** 
  29:.\stlib\STM32F10x_StdPeriph_Driver\src/stm32f10x_iwdg.c **** /** @defgroup IWDG 
  30:.\stlib\STM32F10x_StdPeriph_Driver\src/stm32f10x_iwdg.c ****   * @brief IWDG driver modules
  31:.\stlib\STM32F10x_StdPeriph_Driver\src/stm32f10x_iwdg.c ****   * @{
  32:.\stlib\STM32F10x_StdPeriph_Driver\src/stm32f10x_iwdg.c ****   */ 
  33:.\stlib\STM32F10x_StdPeriph_Driver\src/stm32f10x_iwdg.c **** 
  34:.\stlib\STM32F10x_StdPeriph_Driver\src/stm32f10x_iwdg.c **** /** @defgroup IWDG_Private_TypesDefinitions
  35:.\stlib\STM32F10x_StdPeriph_Driver\src/stm32f10x_iwdg.c ****   * @{
  36:.\stlib\STM32F10x_StdPeriph_Driver\src/stm32f10x_iwdg.c ****   */
  37:.\stlib\STM32F10x_StdPeriph_Driver\src/stm32f10x_iwdg.c **** 
  38:.\stlib\STM32F10x_StdPeriph_Driver\src/stm32f10x_iwdg.c **** /**
  39:.\stlib\STM32F10x_StdPeriph_Driver\src/stm32f10x_iwdg.c ****   * @}
  40:.\stlib\STM32F10x_StdPeriph_Driver\src/stm32f10x_iwdg.c ****   */
  41:.\stlib\STM32F10x_StdPeriph_Driver\src/stm32f10x_iwdg.c **** 
  42:.\stlib\STM32F10x_StdPeriph_Driver\src/stm32f10x_iwdg.c **** /** @defgroup IWDG_Private_Defines
  43:.\stlib\STM32F10x_StdPeriph_Driver\src/stm32f10x_iwdg.c ****   * @{
  44:.\stlib\STM32F10x_StdPeriph_Driver\src/stm32f10x_iwdg.c ****   */ 
  45:.\stlib\STM32F10x_StdPeriph_Driver\src/stm32f10x_iwdg.c **** 
  46:.\stlib\STM32F10x_StdPeriph_Driver\src/stm32f10x_iwdg.c **** /* ---------------------- IWDG registers bit mask ----------------------------*/
  47:.\stlib\STM32F10x_StdPeriph_Driver\src/stm32f10x_iwdg.c **** 
  48:.\stlib\STM32F10x_StdPeriph_Driver\src/stm32f10x_iwdg.c **** /* KR register bit mask */
  49:.\stlib\STM32F10x_StdPeriph_Driver\src/stm32f10x_iwdg.c **** #define KR_KEY_Reload    ((uint16_t)0xAAAA)
  50:.\stlib\STM32F10x_StdPeriph_Driver\src/stm32f10x_iwdg.c **** #define KR_KEY_Enable    ((uint16_t)0xCCCC)
  51:.\stlib\STM32F10x_StdPeriph_Driver\src/stm32f10x_iwdg.c **** 
  52:.\stlib\STM32F10x_StdPeriph_Driver\src/stm32f10x_iwdg.c **** /**
  53:.\stlib\STM32F10x_StdPeriph_Driver\src/stm32f10x_iwdg.c ****   * @}
  54:.\stlib\STM32F10x_StdPeriph_Driver\src/stm32f10x_iwdg.c ****   */ 
  55:.\stlib\STM32F10x_StdPeriph_Driver\src/stm32f10x_iwdg.c **** 
  56:.\stlib\STM32F10x_StdPeriph_Driver\src/stm32f10x_iwdg.c **** /** @defgroup IWDG_Private_Macros
  57:.\stlib\STM32F10x_StdPeriph_Driver\src/stm32f10x_iwdg.c ****   * @{
  58:.\stlib\STM32F10x_StdPeriph_Driver\src/stm32f10x_iwdg.c ****   */
  59:.\stlib\STM32F10x_StdPeriph_Driver\src/stm32f10x_iwdg.c **** 
  60:.\stlib\STM32F10x_StdPeriph_Driver\src/stm32f10x_iwdg.c **** /**
  61:.\stlib\STM32F10x_StdPeriph_Driver\src/stm32f10x_iwdg.c ****   * @}
  62:.\stlib\STM32F10x_StdPeriph_Driver\src/stm32f10x_iwdg.c ****   */
  63:.\stlib\STM32F10x_StdPeriph_Driver\src/stm32f10x_iwdg.c **** 
  64:.\stlib\STM32F10x_StdPeriph_Driver\src/stm32f10x_iwdg.c **** /** @defgroup IWDG_Private_Variables
  65:.\stlib\STM32F10x_StdPeriph_Driver\src/stm32f10x_iwdg.c ****   * @{
  66:.\stlib\STM32F10x_StdPeriph_Driver\src/stm32f10x_iwdg.c ****   */
  67:.\stlib\STM32F10x_StdPeriph_Driver\src/stm32f10x_iwdg.c **** 
  68:.\stlib\STM32F10x_StdPeriph_Driver\src/stm32f10x_iwdg.c **** /**
  69:.\stlib\STM32F10x_StdPeriph_Driver\src/stm32f10x_iwdg.c ****   * @}
  70:.\stlib\STM32F10x_StdPeriph_Driver\src/stm32f10x_iwdg.c ****   */
  71:.\stlib\STM32F10x_StdPeriph_Driver\src/stm32f10x_iwdg.c **** 
  72:.\stlib\STM32F10x_StdPeriph_Driver\src/stm32f10x_iwdg.c **** /** @defgroup IWDG_Private_FunctionPrototypes
  73:.\stlib\STM32F10x_StdPeriph_Driver\src/stm32f10x_iwdg.c ****   * @{
  74:.\stlib\STM32F10x_StdPeriph_Driver\src/stm32f10x_iwdg.c ****   */
  75:.\stlib\STM32F10x_StdPeriph_Driver\src/stm32f10x_iwdg.c **** 
  76:.\stlib\STM32F10x_StdPeriph_Driver\src/stm32f10x_iwdg.c **** /**
  77:.\stlib\STM32F10x_StdPeriph_Driver\src/stm32f10x_iwdg.c ****   * @}
  78:.\stlib\STM32F10x_StdPeriph_Driver\src/stm32f10x_iwdg.c ****   */
  79:.\stlib\STM32F10x_StdPeriph_Driver\src/stm32f10x_iwdg.c **** 
  80:.\stlib\STM32F10x_StdPeriph_Driver\src/stm32f10x_iwdg.c **** /** @defgroup IWDG_Private_Functions
  81:.\stlib\STM32F10x_StdPeriph_Driver\src/stm32f10x_iwdg.c ****   * @{
  82:.\stlib\STM32F10x_StdPeriph_Driver\src/stm32f10x_iwdg.c ****   */
  83:.\stlib\STM32F10x_StdPeriph_Driver\src/stm32f10x_iwdg.c **** 
  84:.\stlib\STM32F10x_StdPeriph_Driver\src/stm32f10x_iwdg.c **** /**
ARM GAS  C:\Users\skey\AppData\Local\Temp\cccihEbR.s 			page 4


  85:.\stlib\STM32F10x_StdPeriph_Driver\src/stm32f10x_iwdg.c ****   * @brief  Enables or disables write access to IWDG_PR and IWDG_RLR registers.
  86:.\stlib\STM32F10x_StdPeriph_Driver\src/stm32f10x_iwdg.c ****   * @param  IWDG_WriteAccess: new state of write access to IWDG_PR and IWDG_RLR registers.
  87:.\stlib\STM32F10x_StdPeriph_Driver\src/stm32f10x_iwdg.c ****   *   This parameter can be one of the following values:
  88:.\stlib\STM32F10x_StdPeriph_Driver\src/stm32f10x_iwdg.c ****   *     @arg IWDG_WriteAccess_Enable: Enable write access to IWDG_PR and IWDG_RLR registers
  89:.\stlib\STM32F10x_StdPeriph_Driver\src/stm32f10x_iwdg.c ****   *     @arg IWDG_WriteAccess_Disable: Disable write access to IWDG_PR and IWDG_RLR registers
  90:.\stlib\STM32F10x_StdPeriph_Driver\src/stm32f10x_iwdg.c ****   * @retval None
  91:.\stlib\STM32F10x_StdPeriph_Driver\src/stm32f10x_iwdg.c ****   */
  92:.\stlib\STM32F10x_StdPeriph_Driver\src/stm32f10x_iwdg.c **** void IWDG_WriteAccessCmd(uint16_t IWDG_WriteAccess)
  93:.\stlib\STM32F10x_StdPeriph_Driver\src/stm32f10x_iwdg.c **** {
  88              		.loc 1 93 1 view -0
  89              		.cfi_startproc
  90              		@ args = 0, pretend = 0, frame = 0
  91              		@ frame_needed = 0, uses_anonymous_args = 0
  92              		@ link register save eliminated.
  94:.\stlib\STM32F10x_StdPeriph_Driver\src/stm32f10x_iwdg.c ****   /* Check the parameters */
  95:.\stlib\STM32F10x_StdPeriph_Driver\src/stm32f10x_iwdg.c ****   assert_param(IS_IWDG_WRITE_ACCESS(IWDG_WriteAccess));
  93              		.loc 1 95 3 view .LVU1
  96:.\stlib\STM32F10x_StdPeriph_Driver\src/stm32f10x_iwdg.c ****   IWDG->KR = IWDG_WriteAccess;
  94              		.loc 1 96 3 view .LVU2
  95              	@ .\stlib\STM32F10x_StdPeriph_Driver\src\stm32f10x_iwdg.c:96:   IWDG->KR = IWDG_WriteAccess;
  96              		.loc 1 96 12 is_stmt 0 view .LVU3
  97 0000 014B     		ldr	r3, .L2	@ tmp112,
  98 0002 1860     		str	r0, [r3]	@ IWDG_WriteAccess, MEM[(struct IWDG_TypeDef *)1073754112B].KR
  99              	@ .\stlib\STM32F10x_StdPeriph_Driver\src\stm32f10x_iwdg.c:97: }
  97:.\stlib\STM32F10x_StdPeriph_Driver\src/stm32f10x_iwdg.c **** }
 100              		.loc 1 97 1 view .LVU4
 101 0004 7047     		bx	lr	@
 102              	.L3:
 103 0006 00BF     		.align	2
 104              	.L2:
 105 0008 00300040 		.word	1073754112
 106              		.cfi_endproc
 107              	.LFE29:
 108              		.size	IWDG_WriteAccessCmd, .-IWDG_WriteAccessCmd
 109              		.align	1
 110              		.global	IWDG_SetPrescaler
 111              		.syntax unified
 112              		.thumb
 113              		.thumb_func
 114              		.fpu softvfp
 115              		.type	IWDG_SetPrescaler, %function
 116              	IWDG_SetPrescaler:
 117              	.LVL1:
 118              	.LFB30:
  98:.\stlib\STM32F10x_StdPeriph_Driver\src/stm32f10x_iwdg.c **** 
  99:.\stlib\STM32F10x_StdPeriph_Driver\src/stm32f10x_iwdg.c **** /**
 100:.\stlib\STM32F10x_StdPeriph_Driver\src/stm32f10x_iwdg.c ****   * @brief  Sets IWDG Prescaler value.
 101:.\stlib\STM32F10x_StdPeriph_Driver\src/stm32f10x_iwdg.c ****   * @param  IWDG_Prescaler: specifies the IWDG Prescaler value.
 102:.\stlib\STM32F10x_StdPeriph_Driver\src/stm32f10x_iwdg.c ****   *   This parameter can be one of the following values:
 103:.\stlib\STM32F10x_StdPeriph_Driver\src/stm32f10x_iwdg.c ****   *     @arg IWDG_Prescaler_4: IWDG prescaler set to 4
 104:.\stlib\STM32F10x_StdPeriph_Driver\src/stm32f10x_iwdg.c ****   *     @arg IWDG_Prescaler_8: IWDG prescaler set to 8
 105:.\stlib\STM32F10x_StdPeriph_Driver\src/stm32f10x_iwdg.c ****   *     @arg IWDG_Prescaler_16: IWDG prescaler set to 16
 106:.\stlib\STM32F10x_StdPeriph_Driver\src/stm32f10x_iwdg.c ****   *     @arg IWDG_Prescaler_32: IWDG prescaler set to 32
 107:.\stlib\STM32F10x_StdPeriph_Driver\src/stm32f10x_iwdg.c ****   *     @arg IWDG_Prescaler_64: IWDG prescaler set to 64
 108:.\stlib\STM32F10x_StdPeriph_Driver\src/stm32f10x_iwdg.c ****   *     @arg IWDG_Prescaler_128: IWDG prescaler set to 128
 109:.\stlib\STM32F10x_StdPeriph_Driver\src/stm32f10x_iwdg.c ****   *     @arg IWDG_Prescaler_256: IWDG prescaler set to 256
 110:.\stlib\STM32F10x_StdPeriph_Driver\src/stm32f10x_iwdg.c ****   * @retval None
ARM GAS  C:\Users\skey\AppData\Local\Temp\cccihEbR.s 			page 5


 111:.\stlib\STM32F10x_StdPeriph_Driver\src/stm32f10x_iwdg.c ****   */
 112:.\stlib\STM32F10x_StdPeriph_Driver\src/stm32f10x_iwdg.c **** void IWDG_SetPrescaler(uint8_t IWDG_Prescaler)
 113:.\stlib\STM32F10x_StdPeriph_Driver\src/stm32f10x_iwdg.c **** {
 119              		.loc 1 113 1 is_stmt 1 view -0
 120              		.cfi_startproc
 121              		@ args = 0, pretend = 0, frame = 0
 122              		@ frame_needed = 0, uses_anonymous_args = 0
 123              		@ link register save eliminated.
 114:.\stlib\STM32F10x_StdPeriph_Driver\src/stm32f10x_iwdg.c ****   /* Check the parameters */
 115:.\stlib\STM32F10x_StdPeriph_Driver\src/stm32f10x_iwdg.c ****   assert_param(IS_IWDG_PRESCALER(IWDG_Prescaler));
 124              		.loc 1 115 3 view .LVU6
 116:.\stlib\STM32F10x_StdPeriph_Driver\src/stm32f10x_iwdg.c ****   IWDG->PR = IWDG_Prescaler;
 125              		.loc 1 116 3 view .LVU7
 126              	@ .\stlib\STM32F10x_StdPeriph_Driver\src\stm32f10x_iwdg.c:116:   IWDG->PR = IWDG_Prescaler;
 127              		.loc 1 116 12 is_stmt 0 view .LVU8
 128 000c 014B     		ldr	r3, .L5	@ tmp112,
 129 000e 5860     		str	r0, [r3, #4]	@ IWDG_Prescaler, MEM[(struct IWDG_TypeDef *)1073754112B].PR
 130              	@ .\stlib\STM32F10x_StdPeriph_Driver\src\stm32f10x_iwdg.c:117: }
 117:.\stlib\STM32F10x_StdPeriph_Driver\src/stm32f10x_iwdg.c **** }
 131              		.loc 1 117 1 view .LVU9
 132 0010 7047     		bx	lr	@
 133              	.L6:
 134 0012 00BF     		.align	2
 135              	.L5:
 136 0014 00300040 		.word	1073754112
 137              		.cfi_endproc
 138              	.LFE30:
 139              		.size	IWDG_SetPrescaler, .-IWDG_SetPrescaler
 140              		.align	1
 141              		.global	IWDG_SetReload
 142              		.syntax unified
 143              		.thumb
 144              		.thumb_func
 145              		.fpu softvfp
 146              		.type	IWDG_SetReload, %function
 147              	IWDG_SetReload:
 148              	.LVL2:
 149              	.LFB31:
 118:.\stlib\STM32F10x_StdPeriph_Driver\src/stm32f10x_iwdg.c **** 
 119:.\stlib\STM32F10x_StdPeriph_Driver\src/stm32f10x_iwdg.c **** /**
 120:.\stlib\STM32F10x_StdPeriph_Driver\src/stm32f10x_iwdg.c ****   * @brief  Sets IWDG Reload value.
 121:.\stlib\STM32F10x_StdPeriph_Driver\src/stm32f10x_iwdg.c ****   * @param  Reload: specifies the IWDG Reload value.
 122:.\stlib\STM32F10x_StdPeriph_Driver\src/stm32f10x_iwdg.c ****   *   This parameter must be a number between 0 and 0x0FFF.
 123:.\stlib\STM32F10x_StdPeriph_Driver\src/stm32f10x_iwdg.c ****   * @retval None
 124:.\stlib\STM32F10x_StdPeriph_Driver\src/stm32f10x_iwdg.c ****   */
 125:.\stlib\STM32F10x_StdPeriph_Driver\src/stm32f10x_iwdg.c **** void IWDG_SetReload(uint16_t Reload)
 126:.\stlib\STM32F10x_StdPeriph_Driver\src/stm32f10x_iwdg.c **** {
 150              		.loc 1 126 1 is_stmt 1 view -0
 151              		.cfi_startproc
 152              		@ args = 0, pretend = 0, frame = 0
 153              		@ frame_needed = 0, uses_anonymous_args = 0
 154              		@ link register save eliminated.
 127:.\stlib\STM32F10x_StdPeriph_Driver\src/stm32f10x_iwdg.c ****   /* Check the parameters */
 128:.\stlib\STM32F10x_StdPeriph_Driver\src/stm32f10x_iwdg.c ****   assert_param(IS_IWDG_RELOAD(Reload));
 155              		.loc 1 128 3 view .LVU11
 129:.\stlib\STM32F10x_StdPeriph_Driver\src/stm32f10x_iwdg.c ****   IWDG->RLR = Reload;
 156              		.loc 1 129 3 view .LVU12
ARM GAS  C:\Users\skey\AppData\Local\Temp\cccihEbR.s 			page 6


 157              	@ .\stlib\STM32F10x_StdPeriph_Driver\src\stm32f10x_iwdg.c:129:   IWDG->RLR = Reload;
 158              		.loc 1 129 13 is_stmt 0 view .LVU13
 159 0018 014B     		ldr	r3, .L8	@ tmp112,
 160 001a 9860     		str	r0, [r3, #8]	@ Reload, MEM[(struct IWDG_TypeDef *)1073754112B].RLR
 161              	@ .\stlib\STM32F10x_StdPeriph_Driver\src\stm32f10x_iwdg.c:130: }
 130:.\stlib\STM32F10x_StdPeriph_Driver\src/stm32f10x_iwdg.c **** }
 162              		.loc 1 130 1 view .LVU14
 163 001c 7047     		bx	lr	@
 164              	.L9:
 165 001e 00BF     		.align	2
 166              	.L8:
 167 0020 00300040 		.word	1073754112
 168              		.cfi_endproc
 169              	.LFE31:
 170              		.size	IWDG_SetReload, .-IWDG_SetReload
 171              		.align	1
 172              		.global	IWDG_ReloadCounter
 173              		.syntax unified
 174              		.thumb
 175              		.thumb_func
 176              		.fpu softvfp
 177              		.type	IWDG_ReloadCounter, %function
 178              	IWDG_ReloadCounter:
 179              	.LFB32:
 131:.\stlib\STM32F10x_StdPeriph_Driver\src/stm32f10x_iwdg.c **** 
 132:.\stlib\STM32F10x_StdPeriph_Driver\src/stm32f10x_iwdg.c **** /**
 133:.\stlib\STM32F10x_StdPeriph_Driver\src/stm32f10x_iwdg.c ****   * @brief  Reloads IWDG counter with value defined in the reload register
 134:.\stlib\STM32F10x_StdPeriph_Driver\src/stm32f10x_iwdg.c ****   *   (write access to IWDG_PR and IWDG_RLR registers disabled).
 135:.\stlib\STM32F10x_StdPeriph_Driver\src/stm32f10x_iwdg.c ****   * @param  None
 136:.\stlib\STM32F10x_StdPeriph_Driver\src/stm32f10x_iwdg.c ****   * @retval None
 137:.\stlib\STM32F10x_StdPeriph_Driver\src/stm32f10x_iwdg.c ****   */
 138:.\stlib\STM32F10x_StdPeriph_Driver\src/stm32f10x_iwdg.c **** void IWDG_ReloadCounter(void)
 139:.\stlib\STM32F10x_StdPeriph_Driver\src/stm32f10x_iwdg.c **** {
 180              		.loc 1 139 1 is_stmt 1 view -0
 181              		.cfi_startproc
 182              		@ args = 0, pretend = 0, frame = 0
 183              		@ frame_needed = 0, uses_anonymous_args = 0
 184              		@ link register save eliminated.
 140:.\stlib\STM32F10x_StdPeriph_Driver\src/stm32f10x_iwdg.c ****   IWDG->KR = KR_KEY_Reload;
 185              		.loc 1 140 3 view .LVU16
 186              	@ .\stlib\STM32F10x_StdPeriph_Driver\src\stm32f10x_iwdg.c:140:   IWDG->KR = KR_KEY_Reload;
 187              		.loc 1 140 12 is_stmt 0 view .LVU17
 188 0024 4AF6AA22 		movw	r2, #43690	@ tmp111,
 189 0028 014B     		ldr	r3, .L11	@ tmp110,
 190 002a 1A60     		str	r2, [r3]	@ tmp111, MEM[(struct IWDG_TypeDef *)1073754112B].KR
 191              	@ .\stlib\STM32F10x_StdPeriph_Driver\src\stm32f10x_iwdg.c:141: }
 141:.\stlib\STM32F10x_StdPeriph_Driver\src/stm32f10x_iwdg.c **** }
 192              		.loc 1 141 1 view .LVU18
 193 002c 7047     		bx	lr	@
 194              	.L12:
 195 002e 00BF     		.align	2
 196              	.L11:
 197 0030 00300040 		.word	1073754112
 198              		.cfi_endproc
 199              	.LFE32:
 200              		.size	IWDG_ReloadCounter, .-IWDG_ReloadCounter
 201              		.align	1
ARM GAS  C:\Users\skey\AppData\Local\Temp\cccihEbR.s 			page 7


 202              		.global	IWDG_Enable
 203              		.syntax unified
 204              		.thumb
 205              		.thumb_func
 206              		.fpu softvfp
 207              		.type	IWDG_Enable, %function
 208              	IWDG_Enable:
 209              	.LFB33:
 142:.\stlib\STM32F10x_StdPeriph_Driver\src/stm32f10x_iwdg.c **** 
 143:.\stlib\STM32F10x_StdPeriph_Driver\src/stm32f10x_iwdg.c **** /**
 144:.\stlib\STM32F10x_StdPeriph_Driver\src/stm32f10x_iwdg.c ****   * @brief  Enables IWDG (write access to IWDG_PR and IWDG_RLR registers disabled).
 145:.\stlib\STM32F10x_StdPeriph_Driver\src/stm32f10x_iwdg.c ****   * @param  None
 146:.\stlib\STM32F10x_StdPeriph_Driver\src/stm32f10x_iwdg.c ****   * @retval None
 147:.\stlib\STM32F10x_StdPeriph_Driver\src/stm32f10x_iwdg.c ****   */
 148:.\stlib\STM32F10x_StdPeriph_Driver\src/stm32f10x_iwdg.c **** void IWDG_Enable(void)
 149:.\stlib\STM32F10x_StdPeriph_Driver\src/stm32f10x_iwdg.c **** {
 210              		.loc 1 149 1 is_stmt 1 view -0
 211              		.cfi_startproc
 212              		@ args = 0, pretend = 0, frame = 0
 213              		@ frame_needed = 0, uses_anonymous_args = 0
 214              		@ link register save eliminated.
 150:.\stlib\STM32F10x_StdPeriph_Driver\src/stm32f10x_iwdg.c ****   IWDG->KR = KR_KEY_Enable;
 215              		.loc 1 150 3 view .LVU20
 216              	@ .\stlib\STM32F10x_StdPeriph_Driver\src\stm32f10x_iwdg.c:150:   IWDG->KR = KR_KEY_Enable;
 217              		.loc 1 150 12 is_stmt 0 view .LVU21
 218 0034 4CF6CC42 		movw	r2, #52428	@ tmp111,
 219 0038 014B     		ldr	r3, .L14	@ tmp110,
 220 003a 1A60     		str	r2, [r3]	@ tmp111, MEM[(struct IWDG_TypeDef *)1073754112B].KR
 221              	@ .\stlib\STM32F10x_StdPeriph_Driver\src\stm32f10x_iwdg.c:151: }
 151:.\stlib\STM32F10x_StdPeriph_Driver\src/stm32f10x_iwdg.c **** }
 222              		.loc 1 151 1 view .LVU22
 223 003c 7047     		bx	lr	@
 224              	.L15:
 225 003e 00BF     		.align	2
 226              	.L14:
 227 0040 00300040 		.word	1073754112
 228              		.cfi_endproc
 229              	.LFE33:
 230              		.size	IWDG_Enable, .-IWDG_Enable
 231              		.align	1
 232              		.global	IWDG_GetFlagStatus
 233              		.syntax unified
 234              		.thumb
 235              		.thumb_func
 236              		.fpu softvfp
 237              		.type	IWDG_GetFlagStatus, %function
 238              	IWDG_GetFlagStatus:
 239              	.LVL3:
 240              	.LFB34:
 152:.\stlib\STM32F10x_StdPeriph_Driver\src/stm32f10x_iwdg.c **** 
 153:.\stlib\STM32F10x_StdPeriph_Driver\src/stm32f10x_iwdg.c **** /**
 154:.\stlib\STM32F10x_StdPeriph_Driver\src/stm32f10x_iwdg.c ****   * @brief  Checks whether the specified IWDG flag is set or not.
 155:.\stlib\STM32F10x_StdPeriph_Driver\src/stm32f10x_iwdg.c ****   * @param  IWDG_FLAG: specifies the flag to check.
 156:.\stlib\STM32F10x_StdPeriph_Driver\src/stm32f10x_iwdg.c ****   *   This parameter can be one of the following values:
 157:.\stlib\STM32F10x_StdPeriph_Driver\src/stm32f10x_iwdg.c ****   *     @arg IWDG_FLAG_PVU: Prescaler Value Update on going
 158:.\stlib\STM32F10x_StdPeriph_Driver\src/stm32f10x_iwdg.c ****   *     @arg IWDG_FLAG_RVU: Reload Value Update on going
 159:.\stlib\STM32F10x_StdPeriph_Driver\src/stm32f10x_iwdg.c ****   * @retval The new state of IWDG_FLAG (SET or RESET).
ARM GAS  C:\Users\skey\AppData\Local\Temp\cccihEbR.s 			page 8


 160:.\stlib\STM32F10x_StdPeriph_Driver\src/stm32f10x_iwdg.c ****   */
 161:.\stlib\STM32F10x_StdPeriph_Driver\src/stm32f10x_iwdg.c **** FlagStatus IWDG_GetFlagStatus(uint16_t IWDG_FLAG)
 162:.\stlib\STM32F10x_StdPeriph_Driver\src/stm32f10x_iwdg.c **** {
 241              		.loc 1 162 1 is_stmt 1 view -0
 242              		.cfi_startproc
 243              		@ args = 0, pretend = 0, frame = 0
 244              		@ frame_needed = 0, uses_anonymous_args = 0
 245              		@ link register save eliminated.
 163:.\stlib\STM32F10x_StdPeriph_Driver\src/stm32f10x_iwdg.c ****   FlagStatus bitstatus = RESET;
 246              		.loc 1 163 3 view .LVU24
 164:.\stlib\STM32F10x_StdPeriph_Driver\src/stm32f10x_iwdg.c ****   /* Check the parameters */
 165:.\stlib\STM32F10x_StdPeriph_Driver\src/stm32f10x_iwdg.c ****   assert_param(IS_IWDG_FLAG(IWDG_FLAG));
 247              		.loc 1 165 3 view .LVU25
 166:.\stlib\STM32F10x_StdPeriph_Driver\src/stm32f10x_iwdg.c ****   if ((IWDG->SR & IWDG_FLAG) != (uint32_t)RESET)
 248              		.loc 1 166 3 view .LVU26
 249              	@ .\stlib\STM32F10x_StdPeriph_Driver\src\stm32f10x_iwdg.c:166:   if ((IWDG->SR & IWDG_FLAG) != (uin
 250              		.loc 1 166 12 is_stmt 0 view .LVU27
 251 0044 034B     		ldr	r3, .L17	@ tmp116,
 252 0046 DB68     		ldr	r3, [r3, #12]	@ _1, MEM[(struct IWDG_TypeDef *)1073754112B].SR
 253              	.LVL4:
 167:.\stlib\STM32F10x_StdPeriph_Driver\src/stm32f10x_iwdg.c ****   {
 168:.\stlib\STM32F10x_StdPeriph_Driver\src/stm32f10x_iwdg.c ****     bitstatus = SET;
 169:.\stlib\STM32F10x_StdPeriph_Driver\src/stm32f10x_iwdg.c ****   }
 170:.\stlib\STM32F10x_StdPeriph_Driver\src/stm32f10x_iwdg.c ****   else
 171:.\stlib\STM32F10x_StdPeriph_Driver\src/stm32f10x_iwdg.c ****   {
 172:.\stlib\STM32F10x_StdPeriph_Driver\src/stm32f10x_iwdg.c ****     bitstatus = RESET;
 173:.\stlib\STM32F10x_StdPeriph_Driver\src/stm32f10x_iwdg.c ****   }
 174:.\stlib\STM32F10x_StdPeriph_Driver\src/stm32f10x_iwdg.c ****   /* Return the flag status */
 175:.\stlib\STM32F10x_StdPeriph_Driver\src/stm32f10x_iwdg.c ****   return bitstatus;
 254              		.loc 1 175 3 is_stmt 1 view .LVU28
 255              	@ .\stlib\STM32F10x_StdPeriph_Driver\src\stm32f10x_iwdg.c:166:   if ((IWDG->SR & IWDG_FLAG) != (uin
 166:.\stlib\STM32F10x_StdPeriph_Driver\src/stm32f10x_iwdg.c ****   if ((IWDG->SR & IWDG_FLAG) != (uint32_t)RESET)
 256              		.loc 1 166 6 is_stmt 0 view .LVU29
 257 0048 1842     		tst	r0, r3	@ tmp121, _1
 258              	@ .\stlib\STM32F10x_StdPeriph_Driver\src\stm32f10x_iwdg.c:176: }
 176:.\stlib\STM32F10x_StdPeriph_Driver\src/stm32f10x_iwdg.c **** }
 259              		.loc 1 176 1 view .LVU30
 260 004a 14BF     		ite	ne
 261 004c 0120     		movne	r0, #1	@,
 262              	.LVL5:
 263              		.loc 1 176 1 view .LVU31
 264 004e 0020     		moveq	r0, #0	@,
 265 0050 7047     		bx	lr	@
 266              	.L18:
 267 0052 00BF     		.align	2
 268              	.L17:
 269 0054 00300040 		.word	1073754112
 270              		.cfi_endproc
 271              	.LFE34:
 272              		.size	IWDG_GetFlagStatus, .-IWDG_GetFlagStatus
 273              	.Letext0:
 274              		.file 2 "c:\\program files (x86)\\gnu tools arm embedded\\9 2019-q4-major\\arm-none-eabi\\include\
 275              		.file 3 "c:\\program files (x86)\\gnu tools arm embedded\\9 2019-q4-major\\arm-none-eabi\\include\
 276              		.file 4 ".\\stlib\\CMSIS\\CM3\\CoreSupport/core_cm3.h"
 277              		.file 5 ".\\stlib\\CMSIS\\CM3\\DeviceSupport\\ST\\STM32F10x/system_stm32f10x.h"
 278              		.file 6 ".\\stlib\\CMSIS\\CM3\\DeviceSupport\\ST\\STM32F10x/stm32f10x.h"
 279              		.section	.debug_info,"",%progbits
ARM GAS  C:\Users\skey\AppData\Local\Temp\cccihEbR.s 			page 9


 280              	.Ldebug_info0:
 281 0000 3F020000 		.4byte	0x23f
 282 0004 0200     		.2byte	0x2
 283 0006 00000000 		.4byte	.Ldebug_abbrev0
 284 000a 04       		.byte	0x4
 285 000b 01       		.uleb128 0x1
 286 000c 1D000000 		.4byte	.LASF28
 287 0010 0C       		.byte	0xc
 288 0011 A7010000 		.4byte	.LASF29
 289 0015 BF000000 		.4byte	.LASF30
 290 0019 00000000 		.4byte	.Ltext0
 291 001d 58000000 		.4byte	.Letext0
 292 0021 00000000 		.4byte	.Ldebug_line0
 293 0025 02       		.uleb128 0x2
 294 0026 01       		.byte	0x1
 295 0027 06       		.byte	0x6
 296 0028 6C020000 		.4byte	.LASF0
 297 002c 03       		.uleb128 0x3
 298 002d 00000000 		.4byte	.LASF3
 299 0031 02       		.byte	0x2
 300 0032 2B       		.byte	0x2b
 301 0033 18       		.byte	0x18
 302 0034 38000000 		.4byte	0x38
 303 0038 02       		.uleb128 0x2
 304 0039 01       		.byte	0x1
 305 003a 08       		.byte	0x8
 306 003b 0D010000 		.4byte	.LASF1
 307 003f 02       		.uleb128 0x2
 308 0040 02       		.byte	0x2
 309 0041 05       		.byte	0x5
 310 0042 3C020000 		.4byte	.LASF2
 311 0046 03       		.uleb128 0x3
 312 0047 46020000 		.4byte	.LASF4
 313 004b 02       		.byte	0x2
 314 004c 39       		.byte	0x39
 315 004d 19       		.byte	0x19
 316 004e 52000000 		.4byte	0x52
 317 0052 02       		.uleb128 0x2
 318 0053 02       		.byte	0x2
 319 0054 07       		.byte	0x7
 320 0055 78020000 		.4byte	.LASF5
 321 0059 02       		.uleb128 0x2
 322 005a 04       		.byte	0x4
 323 005b 05       		.byte	0x5
 324 005c 63020000 		.4byte	.LASF6
 325 0060 03       		.uleb128 0x3
 326 0061 9C010000 		.4byte	.LASF7
 327 0065 02       		.byte	0x2
 328 0066 4F       		.byte	0x4f
 329 0067 19       		.byte	0x19
 330 0068 6C000000 		.4byte	0x6c
 331 006c 02       		.uleb128 0x2
 332 006d 04       		.byte	0x4
 333 006e 07       		.byte	0x7
 334 006f 48010000 		.4byte	.LASF8
 335 0073 02       		.uleb128 0x2
 336 0074 08       		.byte	0x8
ARM GAS  C:\Users\skey\AppData\Local\Temp\cccihEbR.s 			page 10


 337 0075 05       		.byte	0x5
 338 0076 1E020000 		.4byte	.LASF9
 339 007a 02       		.uleb128 0x2
 340 007b 08       		.byte	0x8
 341 007c 07       		.byte	0x7
 342 007d FF010000 		.4byte	.LASF10
 343 0081 04       		.uleb128 0x4
 344 0082 04       		.byte	0x4
 345 0083 05       		.byte	0x5
 346 0084 696E7400 		.ascii	"int\000"
 347 0088 05       		.uleb128 0x5
 348 0089 81000000 		.4byte	0x81
 349 008d 02       		.uleb128 0x2
 350 008e 04       		.byte	0x4
 351 008f 07       		.byte	0x7
 352 0090 F2010000 		.4byte	.LASF11
 353 0094 03       		.uleb128 0x3
 354 0095 16020000 		.4byte	.LASF12
 355 0099 03       		.byte	0x3
 356 009a 18       		.byte	0x18
 357 009b 13       		.byte	0x13
 358 009c 2C000000 		.4byte	0x2c
 359 00a0 03       		.uleb128 0x3
 360 00a1 51020000 		.4byte	.LASF13
 361 00a5 03       		.byte	0x3
 362 00a6 24       		.byte	0x24
 363 00a7 14       		.byte	0x14
 364 00a8 46000000 		.4byte	0x46
 365 00ac 03       		.uleb128 0x3
 366 00ad 5A020000 		.4byte	.LASF14
 367 00b1 03       		.byte	0x3
 368 00b2 30       		.byte	0x30
 369 00b3 14       		.byte	0x14
 370 00b4 60000000 		.4byte	0x60
 371 00b8 05       		.uleb128 0x5
 372 00b9 AC000000 		.4byte	0xac
 373 00bd 06       		.uleb128 0x6
 374 00be 74010000 		.4byte	.LASF15
 375 00c2 04       		.byte	0x4
 376 00c3 CE06     		.2byte	0x6ce
 377 00c5 15       		.byte	0x15
 378 00c6 88000000 		.4byte	0x88
 379 00ca 01       		.byte	0x1
 380 00cb 01       		.byte	0x1
 381 00cc 07       		.uleb128 0x7
 382 00cd 2C020000 		.4byte	.LASF16
 383 00d1 05       		.byte	0x5
 384 00d2 35       		.byte	0x35
 385 00d3 11       		.byte	0x11
 386 00d4 AC000000 		.4byte	0xac
 387 00d8 01       		.byte	0x1
 388 00d9 01       		.byte	0x1
 389 00da 08       		.uleb128 0x8
 390 00db 07       		.byte	0x7
 391 00dc 01       		.byte	0x1
 392 00dd 38000000 		.4byte	0x38
 393 00e1 06       		.byte	0x6
ARM GAS  C:\Users\skey\AppData\Local\Temp\cccihEbR.s 			page 11


 394 00e2 0702     		.2byte	0x207
 395 00e4 0E       		.byte	0xe
 396 00e5 F6000000 		.4byte	0xf6
 397 00e9 09       		.uleb128 0x9
 398 00ea 6E010000 		.4byte	.LASF17
 399 00ee 00       		.byte	0
 400 00ef 0A       		.uleb128 0xa
 401 00f0 53455400 		.ascii	"SET\000"
 402 00f4 01       		.byte	0x1
 403 00f5 00       		.byte	0
 404 00f6 0B       		.uleb128 0xb
 405 00f7 3D010000 		.4byte	.LASF18
 406 00fb 06       		.byte	0x6
 407 00fc 0702     		.2byte	0x207
 408 00fe 28       		.byte	0x28
 409 00ff DA000000 		.4byte	0xda
 410 0103 0C       		.uleb128 0xc
 411 0104 10       		.byte	0x10
 412 0105 06       		.byte	0x6
 413 0106 1E04     		.2byte	0x41e
 414 0108 09       		.byte	0x9
 415 0109 4B010000 		.4byte	0x14b
 416 010d 0D       		.uleb128 0xd
 417 010e 4B5200   		.ascii	"KR\000"
 418 0111 06       		.byte	0x6
 419 0112 2004     		.2byte	0x420
 420 0114 11       		.byte	0x11
 421 0115 B8000000 		.4byte	0xb8
 422 0119 02       		.byte	0x2
 423 011a 23       		.byte	0x23
 424 011b 00       		.uleb128 0
 425 011c 0D       		.uleb128 0xd
 426 011d 505200   		.ascii	"PR\000"
 427 0120 06       		.byte	0x6
 428 0121 2104     		.2byte	0x421
 429 0123 11       		.byte	0x11
 430 0124 B8000000 		.4byte	0xb8
 431 0128 02       		.byte	0x2
 432 0129 23       		.byte	0x23
 433 012a 04       		.uleb128 0x4
 434 012b 0D       		.uleb128 0xd
 435 012c 524C5200 		.ascii	"RLR\000"
 436 0130 06       		.byte	0x6
 437 0131 2204     		.2byte	0x422
 438 0133 11       		.byte	0x11
 439 0134 B8000000 		.4byte	0xb8
 440 0138 02       		.byte	0x2
 441 0139 23       		.byte	0x23
 442 013a 08       		.uleb128 0x8
 443 013b 0D       		.uleb128 0xd
 444 013c 535200   		.ascii	"SR\000"
 445 013f 06       		.byte	0x6
 446 0140 2304     		.2byte	0x423
 447 0142 11       		.byte	0x11
 448 0143 B8000000 		.4byte	0xb8
 449 0147 02       		.byte	0x2
 450 0148 23       		.byte	0x23
ARM GAS  C:\Users\skey\AppData\Local\Temp\cccihEbR.s 			page 12


 451 0149 0C       		.uleb128 0xc
 452 014a 00       		.byte	0
 453 014b 0B       		.uleb128 0xb
 454 014c 8B020000 		.4byte	.LASF19
 455 0150 06       		.byte	0x6
 456 0151 2404     		.2byte	0x424
 457 0153 03       		.byte	0x3
 458 0154 03010000 		.4byte	0x103
 459 0158 0E       		.uleb128 0xe
 460 0159 01       		.byte	0x1
 461 015a DF010000 		.4byte	.LASF31
 462 015e 01       		.byte	0x1
 463 015f A1       		.byte	0xa1
 464 0160 0C       		.byte	0xc
 465 0161 01       		.byte	0x1
 466 0162 F6000000 		.4byte	0xf6
 467 0166 44000000 		.4byte	.LFB34
 468 016a 58000000 		.4byte	.LFE34
 469 016e 02       		.byte	0x2
 470 016f 7D       		.byte	0x7d
 471 0170 00       		.sleb128 0
 472 0171 01       		.byte	0x1
 473 0172 9F010000 		.4byte	0x19f
 474 0176 0F       		.uleb128 0xf
 475 0177 81010000 		.4byte	.LASF32
 476 017b 01       		.byte	0x1
 477 017c A1       		.byte	0xa1
 478 017d 28       		.byte	0x28
 479 017e A0000000 		.4byte	0xa0
 480 0182 04000000 		.4byte	.LLST0
 481 0186 00000000 		.4byte	.LVUS0
 482 018a 10       		.uleb128 0x10
 483 018b F1000000 		.4byte	.LASF20
 484 018f 01       		.byte	0x1
 485 0190 A3       		.byte	0xa3
 486 0191 0E       		.byte	0xe
 487 0192 F6000000 		.4byte	0xf6
 488 0196 29000000 		.4byte	.LLST1
 489 019a 25000000 		.4byte	.LVUS1
 490 019e 00       		.byte	0
 491 019f 11       		.uleb128 0x11
 492 01a0 01       		.byte	0x1
 493 01a1 11000000 		.4byte	.LASF21
 494 01a5 01       		.byte	0x1
 495 01a6 94       		.byte	0x94
 496 01a7 06       		.byte	0x6
 497 01a8 01       		.byte	0x1
 498 01a9 34000000 		.4byte	.LFB33
 499 01ad 44000000 		.4byte	.LFE33
 500 01b1 02       		.byte	0x2
 501 01b2 7D       		.byte	0x7d
 502 01b3 00       		.sleb128 0
 503 01b4 01       		.byte	0x1
 504 01b5 11       		.uleb128 0x11
 505 01b6 01       		.byte	0x1
 506 01b7 2A010000 		.4byte	.LASF22
 507 01bb 01       		.byte	0x1
ARM GAS  C:\Users\skey\AppData\Local\Temp\cccihEbR.s 			page 13


 508 01bc 8A       		.byte	0x8a
 509 01bd 06       		.byte	0x6
 510 01be 01       		.byte	0x1
 511 01bf 24000000 		.4byte	.LFB32
 512 01c3 34000000 		.4byte	.LFE32
 513 01c7 02       		.byte	0x2
 514 01c8 7D       		.byte	0x7d
 515 01c9 00       		.sleb128 0
 516 01ca 01       		.byte	0x1
 517 01cb 12       		.uleb128 0x12
 518 01cc 01       		.byte	0x1
 519 01cd 1B010000 		.4byte	.LASF23
 520 01d1 01       		.byte	0x1
 521 01d2 7D       		.byte	0x7d
 522 01d3 06       		.byte	0x6
 523 01d4 01       		.byte	0x1
 524 01d5 18000000 		.4byte	.LFB31
 525 01d9 24000000 		.4byte	.LFE31
 526 01dd 02       		.byte	0x2
 527 01de 7D       		.byte	0x7d
 528 01df 00       		.sleb128 0
 529 01e0 01       		.byte	0x1
 530 01e1 F4010000 		.4byte	0x1f4
 531 01e5 13       		.uleb128 0x13
 532 01e6 0A000000 		.4byte	.LASF25
 533 01ea 01       		.byte	0x1
 534 01eb 7D       		.byte	0x7d
 535 01ec 1E       		.byte	0x1e
 536 01ed A0000000 		.4byte	0xa0
 537 01f1 01       		.byte	0x1
 538 01f2 50       		.byte	0x50
 539 01f3 00       		.byte	0
 540 01f4 12       		.uleb128 0x12
 541 01f5 01       		.byte	0x1
 542 01f6 FB000000 		.4byte	.LASF24
 543 01fa 01       		.byte	0x1
 544 01fb 70       		.byte	0x70
 545 01fc 06       		.byte	0x6
 546 01fd 01       		.byte	0x1
 547 01fe 0C000000 		.4byte	.LFB30
 548 0202 18000000 		.4byte	.LFE30
 549 0206 02       		.byte	0x2
 550 0207 7D       		.byte	0x7d
 551 0208 00       		.sleb128 0
 552 0209 01       		.byte	0x1
 553 020a 1D020000 		.4byte	0x21d
 554 020e 13       		.uleb128 0x13
 555 020f E2000000 		.4byte	.LASF26
 556 0213 01       		.byte	0x1
 557 0214 70       		.byte	0x70
 558 0215 20       		.byte	0x20
 559 0216 94000000 		.4byte	0x94
 560 021a 01       		.byte	0x1
 561 021b 50       		.byte	0x50
 562 021c 00       		.byte	0
 563 021d 14       		.uleb128 0x14
 564 021e 01       		.byte	0x1
ARM GAS  C:\Users\skey\AppData\Local\Temp\cccihEbR.s 			page 14


 565 021f 5A010000 		.4byte	.LASF33
 566 0223 01       		.byte	0x1
 567 0224 5C       		.byte	0x5c
 568 0225 06       		.byte	0x6
 569 0226 01       		.byte	0x1
 570 0227 00000000 		.4byte	.LFB29
 571 022b 0C000000 		.4byte	.LFE29
 572 022f 02       		.byte	0x2
 573 0230 7D       		.byte	0x7d
 574 0231 00       		.sleb128 0
 575 0232 01       		.byte	0x1
 576 0233 13       		.uleb128 0x13
 577 0234 8B010000 		.4byte	.LASF27
 578 0238 01       		.byte	0x1
 579 0239 5C       		.byte	0x5c
 580 023a 23       		.byte	0x23
 581 023b A0000000 		.4byte	0xa0
 582 023f 01       		.byte	0x1
 583 0240 50       		.byte	0x50
 584 0241 00       		.byte	0
 585 0242 00       		.byte	0
 586              		.section	.debug_abbrev,"",%progbits
 587              	.Ldebug_abbrev0:
 588 0000 01       		.uleb128 0x1
 589 0001 11       		.uleb128 0x11
 590 0002 01       		.byte	0x1
 591 0003 25       		.uleb128 0x25
 592 0004 0E       		.uleb128 0xe
 593 0005 13       		.uleb128 0x13
 594 0006 0B       		.uleb128 0xb
 595 0007 03       		.uleb128 0x3
 596 0008 0E       		.uleb128 0xe
 597 0009 1B       		.uleb128 0x1b
 598 000a 0E       		.uleb128 0xe
 599 000b 11       		.uleb128 0x11
 600 000c 01       		.uleb128 0x1
 601 000d 12       		.uleb128 0x12
 602 000e 01       		.uleb128 0x1
 603 000f 10       		.uleb128 0x10
 604 0010 06       		.uleb128 0x6
 605 0011 00       		.byte	0
 606 0012 00       		.byte	0
 607 0013 02       		.uleb128 0x2
 608 0014 24       		.uleb128 0x24
 609 0015 00       		.byte	0
 610 0016 0B       		.uleb128 0xb
 611 0017 0B       		.uleb128 0xb
 612 0018 3E       		.uleb128 0x3e
 613 0019 0B       		.uleb128 0xb
 614 001a 03       		.uleb128 0x3
 615 001b 0E       		.uleb128 0xe
 616 001c 00       		.byte	0
 617 001d 00       		.byte	0
 618 001e 03       		.uleb128 0x3
 619 001f 16       		.uleb128 0x16
 620 0020 00       		.byte	0
 621 0021 03       		.uleb128 0x3
ARM GAS  C:\Users\skey\AppData\Local\Temp\cccihEbR.s 			page 15


 622 0022 0E       		.uleb128 0xe
 623 0023 3A       		.uleb128 0x3a
 624 0024 0B       		.uleb128 0xb
 625 0025 3B       		.uleb128 0x3b
 626 0026 0B       		.uleb128 0xb
 627 0027 39       		.uleb128 0x39
 628 0028 0B       		.uleb128 0xb
 629 0029 49       		.uleb128 0x49
 630 002a 13       		.uleb128 0x13
 631 002b 00       		.byte	0
 632 002c 00       		.byte	0
 633 002d 04       		.uleb128 0x4
 634 002e 24       		.uleb128 0x24
 635 002f 00       		.byte	0
 636 0030 0B       		.uleb128 0xb
 637 0031 0B       		.uleb128 0xb
 638 0032 3E       		.uleb128 0x3e
 639 0033 0B       		.uleb128 0xb
 640 0034 03       		.uleb128 0x3
 641 0035 08       		.uleb128 0x8
 642 0036 00       		.byte	0
 643 0037 00       		.byte	0
 644 0038 05       		.uleb128 0x5
 645 0039 35       		.uleb128 0x35
 646 003a 00       		.byte	0
 647 003b 49       		.uleb128 0x49
 648 003c 13       		.uleb128 0x13
 649 003d 00       		.byte	0
 650 003e 00       		.byte	0
 651 003f 06       		.uleb128 0x6
 652 0040 34       		.uleb128 0x34
 653 0041 00       		.byte	0
 654 0042 03       		.uleb128 0x3
 655 0043 0E       		.uleb128 0xe
 656 0044 3A       		.uleb128 0x3a
 657 0045 0B       		.uleb128 0xb
 658 0046 3B       		.uleb128 0x3b
 659 0047 05       		.uleb128 0x5
 660 0048 39       		.uleb128 0x39
 661 0049 0B       		.uleb128 0xb
 662 004a 49       		.uleb128 0x49
 663 004b 13       		.uleb128 0x13
 664 004c 3F       		.uleb128 0x3f
 665 004d 0C       		.uleb128 0xc
 666 004e 3C       		.uleb128 0x3c
 667 004f 0C       		.uleb128 0xc
 668 0050 00       		.byte	0
 669 0051 00       		.byte	0
 670 0052 07       		.uleb128 0x7
 671 0053 34       		.uleb128 0x34
 672 0054 00       		.byte	0
 673 0055 03       		.uleb128 0x3
 674 0056 0E       		.uleb128 0xe
 675 0057 3A       		.uleb128 0x3a
 676 0058 0B       		.uleb128 0xb
 677 0059 3B       		.uleb128 0x3b
 678 005a 0B       		.uleb128 0xb
ARM GAS  C:\Users\skey\AppData\Local\Temp\cccihEbR.s 			page 16


 679 005b 39       		.uleb128 0x39
 680 005c 0B       		.uleb128 0xb
 681 005d 49       		.uleb128 0x49
 682 005e 13       		.uleb128 0x13
 683 005f 3F       		.uleb128 0x3f
 684 0060 0C       		.uleb128 0xc
 685 0061 3C       		.uleb128 0x3c
 686 0062 0C       		.uleb128 0xc
 687 0063 00       		.byte	0
 688 0064 00       		.byte	0
 689 0065 08       		.uleb128 0x8
 690 0066 04       		.uleb128 0x4
 691 0067 01       		.byte	0x1
 692 0068 3E       		.uleb128 0x3e
 693 0069 0B       		.uleb128 0xb
 694 006a 0B       		.uleb128 0xb
 695 006b 0B       		.uleb128 0xb
 696 006c 49       		.uleb128 0x49
 697 006d 13       		.uleb128 0x13
 698 006e 3A       		.uleb128 0x3a
 699 006f 0B       		.uleb128 0xb
 700 0070 3B       		.uleb128 0x3b
 701 0071 05       		.uleb128 0x5
 702 0072 39       		.uleb128 0x39
 703 0073 0B       		.uleb128 0xb
 704 0074 01       		.uleb128 0x1
 705 0075 13       		.uleb128 0x13
 706 0076 00       		.byte	0
 707 0077 00       		.byte	0
 708 0078 09       		.uleb128 0x9
 709 0079 28       		.uleb128 0x28
 710 007a 00       		.byte	0
 711 007b 03       		.uleb128 0x3
 712 007c 0E       		.uleb128 0xe
 713 007d 1C       		.uleb128 0x1c
 714 007e 0B       		.uleb128 0xb
 715 007f 00       		.byte	0
 716 0080 00       		.byte	0
 717 0081 0A       		.uleb128 0xa
 718 0082 28       		.uleb128 0x28
 719 0083 00       		.byte	0
 720 0084 03       		.uleb128 0x3
 721 0085 08       		.uleb128 0x8
 722 0086 1C       		.uleb128 0x1c
 723 0087 0B       		.uleb128 0xb
 724 0088 00       		.byte	0
 725 0089 00       		.byte	0
 726 008a 0B       		.uleb128 0xb
 727 008b 16       		.uleb128 0x16
 728 008c 00       		.byte	0
 729 008d 03       		.uleb128 0x3
 730 008e 0E       		.uleb128 0xe
 731 008f 3A       		.uleb128 0x3a
 732 0090 0B       		.uleb128 0xb
 733 0091 3B       		.uleb128 0x3b
 734 0092 05       		.uleb128 0x5
 735 0093 39       		.uleb128 0x39
ARM GAS  C:\Users\skey\AppData\Local\Temp\cccihEbR.s 			page 17


 736 0094 0B       		.uleb128 0xb
 737 0095 49       		.uleb128 0x49
 738 0096 13       		.uleb128 0x13
 739 0097 00       		.byte	0
 740 0098 00       		.byte	0
 741 0099 0C       		.uleb128 0xc
 742 009a 13       		.uleb128 0x13
 743 009b 01       		.byte	0x1
 744 009c 0B       		.uleb128 0xb
 745 009d 0B       		.uleb128 0xb
 746 009e 3A       		.uleb128 0x3a
 747 009f 0B       		.uleb128 0xb
 748 00a0 3B       		.uleb128 0x3b
 749 00a1 05       		.uleb128 0x5
 750 00a2 39       		.uleb128 0x39
 751 00a3 0B       		.uleb128 0xb
 752 00a4 01       		.uleb128 0x1
 753 00a5 13       		.uleb128 0x13
 754 00a6 00       		.byte	0
 755 00a7 00       		.byte	0
 756 00a8 0D       		.uleb128 0xd
 757 00a9 0D       		.uleb128 0xd
 758 00aa 00       		.byte	0
 759 00ab 03       		.uleb128 0x3
 760 00ac 08       		.uleb128 0x8
 761 00ad 3A       		.uleb128 0x3a
 762 00ae 0B       		.uleb128 0xb
 763 00af 3B       		.uleb128 0x3b
 764 00b0 05       		.uleb128 0x5
 765 00b1 39       		.uleb128 0x39
 766 00b2 0B       		.uleb128 0xb
 767 00b3 49       		.uleb128 0x49
 768 00b4 13       		.uleb128 0x13
 769 00b5 38       		.uleb128 0x38
 770 00b6 0A       		.uleb128 0xa
 771 00b7 00       		.byte	0
 772 00b8 00       		.byte	0
 773 00b9 0E       		.uleb128 0xe
 774 00ba 2E       		.uleb128 0x2e
 775 00bb 01       		.byte	0x1
 776 00bc 3F       		.uleb128 0x3f
 777 00bd 0C       		.uleb128 0xc
 778 00be 03       		.uleb128 0x3
 779 00bf 0E       		.uleb128 0xe
 780 00c0 3A       		.uleb128 0x3a
 781 00c1 0B       		.uleb128 0xb
 782 00c2 3B       		.uleb128 0x3b
 783 00c3 0B       		.uleb128 0xb
 784 00c4 39       		.uleb128 0x39
 785 00c5 0B       		.uleb128 0xb
 786 00c6 27       		.uleb128 0x27
 787 00c7 0C       		.uleb128 0xc
 788 00c8 49       		.uleb128 0x49
 789 00c9 13       		.uleb128 0x13
 790 00ca 11       		.uleb128 0x11
 791 00cb 01       		.uleb128 0x1
 792 00cc 12       		.uleb128 0x12
ARM GAS  C:\Users\skey\AppData\Local\Temp\cccihEbR.s 			page 18


 793 00cd 01       		.uleb128 0x1
 794 00ce 40       		.uleb128 0x40
 795 00cf 0A       		.uleb128 0xa
 796 00d0 9742     		.uleb128 0x2117
 797 00d2 0C       		.uleb128 0xc
 798 00d3 01       		.uleb128 0x1
 799 00d4 13       		.uleb128 0x13
 800 00d5 00       		.byte	0
 801 00d6 00       		.byte	0
 802 00d7 0F       		.uleb128 0xf
 803 00d8 05       		.uleb128 0x5
 804 00d9 00       		.byte	0
 805 00da 03       		.uleb128 0x3
 806 00db 0E       		.uleb128 0xe
 807 00dc 3A       		.uleb128 0x3a
 808 00dd 0B       		.uleb128 0xb
 809 00de 3B       		.uleb128 0x3b
 810 00df 0B       		.uleb128 0xb
 811 00e0 39       		.uleb128 0x39
 812 00e1 0B       		.uleb128 0xb
 813 00e2 49       		.uleb128 0x49
 814 00e3 13       		.uleb128 0x13
 815 00e4 02       		.uleb128 0x2
 816 00e5 06       		.uleb128 0x6
 817 00e6 B742     		.uleb128 0x2137
 818 00e8 06       		.uleb128 0x6
 819 00e9 00       		.byte	0
 820 00ea 00       		.byte	0
 821 00eb 10       		.uleb128 0x10
 822 00ec 34       		.uleb128 0x34
 823 00ed 00       		.byte	0
 824 00ee 03       		.uleb128 0x3
 825 00ef 0E       		.uleb128 0xe
 826 00f0 3A       		.uleb128 0x3a
 827 00f1 0B       		.uleb128 0xb
 828 00f2 3B       		.uleb128 0x3b
 829 00f3 0B       		.uleb128 0xb
 830 00f4 39       		.uleb128 0x39
 831 00f5 0B       		.uleb128 0xb
 832 00f6 49       		.uleb128 0x49
 833 00f7 13       		.uleb128 0x13
 834 00f8 02       		.uleb128 0x2
 835 00f9 06       		.uleb128 0x6
 836 00fa B742     		.uleb128 0x2137
 837 00fc 06       		.uleb128 0x6
 838 00fd 00       		.byte	0
 839 00fe 00       		.byte	0
 840 00ff 11       		.uleb128 0x11
 841 0100 2E       		.uleb128 0x2e
 842 0101 00       		.byte	0
 843 0102 3F       		.uleb128 0x3f
 844 0103 0C       		.uleb128 0xc
 845 0104 03       		.uleb128 0x3
 846 0105 0E       		.uleb128 0xe
 847 0106 3A       		.uleb128 0x3a
 848 0107 0B       		.uleb128 0xb
 849 0108 3B       		.uleb128 0x3b
ARM GAS  C:\Users\skey\AppData\Local\Temp\cccihEbR.s 			page 19


 850 0109 0B       		.uleb128 0xb
 851 010a 39       		.uleb128 0x39
 852 010b 0B       		.uleb128 0xb
 853 010c 27       		.uleb128 0x27
 854 010d 0C       		.uleb128 0xc
 855 010e 11       		.uleb128 0x11
 856 010f 01       		.uleb128 0x1
 857 0110 12       		.uleb128 0x12
 858 0111 01       		.uleb128 0x1
 859 0112 40       		.uleb128 0x40
 860 0113 0A       		.uleb128 0xa
 861 0114 9742     		.uleb128 0x2117
 862 0116 0C       		.uleb128 0xc
 863 0117 00       		.byte	0
 864 0118 00       		.byte	0
 865 0119 12       		.uleb128 0x12
 866 011a 2E       		.uleb128 0x2e
 867 011b 01       		.byte	0x1
 868 011c 3F       		.uleb128 0x3f
 869 011d 0C       		.uleb128 0xc
 870 011e 03       		.uleb128 0x3
 871 011f 0E       		.uleb128 0xe
 872 0120 3A       		.uleb128 0x3a
 873 0121 0B       		.uleb128 0xb
 874 0122 3B       		.uleb128 0x3b
 875 0123 0B       		.uleb128 0xb
 876 0124 39       		.uleb128 0x39
 877 0125 0B       		.uleb128 0xb
 878 0126 27       		.uleb128 0x27
 879 0127 0C       		.uleb128 0xc
 880 0128 11       		.uleb128 0x11
 881 0129 01       		.uleb128 0x1
 882 012a 12       		.uleb128 0x12
 883 012b 01       		.uleb128 0x1
 884 012c 40       		.uleb128 0x40
 885 012d 0A       		.uleb128 0xa
 886 012e 9742     		.uleb128 0x2117
 887 0130 0C       		.uleb128 0xc
 888 0131 01       		.uleb128 0x1
 889 0132 13       		.uleb128 0x13
 890 0133 00       		.byte	0
 891 0134 00       		.byte	0
 892 0135 13       		.uleb128 0x13
 893 0136 05       		.uleb128 0x5
 894 0137 00       		.byte	0
 895 0138 03       		.uleb128 0x3
 896 0139 0E       		.uleb128 0xe
 897 013a 3A       		.uleb128 0x3a
 898 013b 0B       		.uleb128 0xb
 899 013c 3B       		.uleb128 0x3b
 900 013d 0B       		.uleb128 0xb
 901 013e 39       		.uleb128 0x39
 902 013f 0B       		.uleb128 0xb
 903 0140 49       		.uleb128 0x49
 904 0141 13       		.uleb128 0x13
 905 0142 02       		.uleb128 0x2
 906 0143 0A       		.uleb128 0xa
ARM GAS  C:\Users\skey\AppData\Local\Temp\cccihEbR.s 			page 20


 907 0144 00       		.byte	0
 908 0145 00       		.byte	0
 909 0146 14       		.uleb128 0x14
 910 0147 2E       		.uleb128 0x2e
 911 0148 01       		.byte	0x1
 912 0149 3F       		.uleb128 0x3f
 913 014a 0C       		.uleb128 0xc
 914 014b 03       		.uleb128 0x3
 915 014c 0E       		.uleb128 0xe
 916 014d 3A       		.uleb128 0x3a
 917 014e 0B       		.uleb128 0xb
 918 014f 3B       		.uleb128 0x3b
 919 0150 0B       		.uleb128 0xb
 920 0151 39       		.uleb128 0x39
 921 0152 0B       		.uleb128 0xb
 922 0153 27       		.uleb128 0x27
 923 0154 0C       		.uleb128 0xc
 924 0155 11       		.uleb128 0x11
 925 0156 01       		.uleb128 0x1
 926 0157 12       		.uleb128 0x12
 927 0158 01       		.uleb128 0x1
 928 0159 40       		.uleb128 0x40
 929 015a 0A       		.uleb128 0xa
 930 015b 9742     		.uleb128 0x2117
 931 015d 0C       		.uleb128 0xc
 932 015e 00       		.byte	0
 933 015f 00       		.byte	0
 934 0160 00       		.byte	0
 935              		.section	.debug_loc,"",%progbits
 936              	.Ldebug_loc0:
 937              	.LVUS0:
 938 0000 00       		.uleb128 0
 939 0001 00       		.uleb128 .LVU31
 940 0002 00       		.uleb128 .LVU31
 941 0003 00       		.uleb128 0
 942              	.LLST0:
 943 0004 44000000 		.4byte	.LVL3-.Ltext0
 944 0008 4E000000 		.4byte	.LVL5-.Ltext0
 945 000c 0100     		.2byte	0x1
 946 000e 50       		.byte	0x50
 947 000f 4E000000 		.4byte	.LVL5-.Ltext0
 948 0013 58000000 		.4byte	.LFE34-.Ltext0
 949 0017 0400     		.2byte	0x4
 950 0019 F3       		.byte	0xf3
 951 001a 01       		.uleb128 0x1
 952 001b 50       		.byte	0x50
 953 001c 9F       		.byte	0x9f
 954 001d 00000000 		.4byte	0
 955 0021 00000000 		.4byte	0
 956              	.LVUS1:
 957 0025 02       		.uleb128 .LVU25
 958 0026 00       		.uleb128 .LVU28
 959 0027 00       		.uleb128 .LVU28
 960 0028 00       		.uleb128 .LVU31
 961              	.LLST1:
 962 0029 44000000 		.4byte	.LVL3-.Ltext0
 963 002d 48000000 		.4byte	.LVL4-.Ltext0
ARM GAS  C:\Users\skey\AppData\Local\Temp\cccihEbR.s 			page 21


 964 0031 0200     		.2byte	0x2
 965 0033 30       		.byte	0x30
 966 0034 9F       		.byte	0x9f
 967 0035 48000000 		.4byte	.LVL4-.Ltext0
 968 0039 4E000000 		.4byte	.LVL5-.Ltext0
 969 003d 0800     		.2byte	0x8
 970 003f 70       		.byte	0x70
 971 0040 00       		.sleb128 0
 972 0041 73       		.byte	0x73
 973 0042 00       		.sleb128 0
 974 0043 1A       		.byte	0x1a
 975 0044 30       		.byte	0x30
 976 0045 2E       		.byte	0x2e
 977 0046 9F       		.byte	0x9f
 978 0047 00000000 		.4byte	0
 979 004b 00000000 		.4byte	0
 980              		.section	.debug_aranges,"",%progbits
 981 0000 1C000000 		.4byte	0x1c
 982 0004 0200     		.2byte	0x2
 983 0006 00000000 		.4byte	.Ldebug_info0
 984 000a 04       		.byte	0x4
 985 000b 00       		.byte	0
 986 000c 0000     		.2byte	0
 987 000e 0000     		.2byte	0
 988 0010 00000000 		.4byte	.Ltext0
 989 0014 58000000 		.4byte	.Letext0-.Ltext0
 990 0018 00000000 		.4byte	0
 991 001c 00000000 		.4byte	0
 992              		.section	.debug_line,"",%progbits
 993              	.Ldebug_line0:
 994 0000 3E020000 		.section	.debug_str,"MS",%progbits,1
 994      0300A101 
 994      00000201 
 994      FB0E0D00 
 994      01010101 
 995              	.LASF3:
 996 0000 5F5F7569 		.ascii	"__uint8_t\000"
 996      6E74385F 
 996      7400
 997              	.LASF25:
 998 000a 52656C6F 		.ascii	"Reload\000"
 998      616400
 999              	.LASF21:
 1000 0011 49574447 		.ascii	"IWDG_Enable\000"
 1000      5F456E61 
 1000      626C6500 
 1001              	.LASF28:
 1002 001d 474E5520 		.ascii	"GNU C17 9.2.1 20191025 (release) [ARM/arm-9-branch "
 1002      43313720 
 1002      392E322E 
 1002      31203230 
 1002      31393130 
 1003 0050 72657669 		.ascii	"revision 277599] -mcpu=cortex-m3 -mthumb -mfloat-ab"
 1003      73696F6E 
 1003      20323737 
 1003      3539395D 
 1003      202D6D63 
ARM GAS  C:\Users\skey\AppData\Local\Temp\cccihEbR.s 			page 22


 1004 0083 693D736F 		.ascii	"i=soft -march=armv7-m -g -gdwarf-2 -Os -fomit-frame"
 1004      6674202D 
 1004      6D617263 
 1004      683D6172 
 1004      6D76372D 
 1005 00b6 2D706F69 		.ascii	"-pointer\000"
 1005      6E746572 
 1005      00
 1006              	.LASF30:
 1007 00bf 443A5C53 		.ascii	"D:\\STM32_Freertos_GCC_Makefile_Win\000"
 1007      544D3332 
 1007      5F467265 
 1007      6572746F 
 1007      735F4743 
 1008              	.LASF26:
 1009 00e2 49574447 		.ascii	"IWDG_Prescaler\000"
 1009      5F507265 
 1009      7363616C 
 1009      657200
 1010              	.LASF20:
 1011 00f1 62697473 		.ascii	"bitstatus\000"
 1011      74617475 
 1011      7300
 1012              	.LASF24:
 1013 00fb 49574447 		.ascii	"IWDG_SetPrescaler\000"
 1013      5F536574 
 1013      50726573 
 1013      63616C65 
 1013      7200
 1014              	.LASF1:
 1015 010d 756E7369 		.ascii	"unsigned char\000"
 1015      676E6564 
 1015      20636861 
 1015      7200
 1016              	.LASF23:
 1017 011b 49574447 		.ascii	"IWDG_SetReload\000"
 1017      5F536574 
 1017      52656C6F 
 1017      616400
 1018              	.LASF22:
 1019 012a 49574447 		.ascii	"IWDG_ReloadCounter\000"
 1019      5F52656C 
 1019      6F616443 
 1019      6F756E74 
 1019      657200
 1020              	.LASF18:
 1021 013d 466C6167 		.ascii	"FlagStatus\000"
 1021      53746174 
 1021      757300
 1022              	.LASF8:
 1023 0148 6C6F6E67 		.ascii	"long unsigned int\000"
 1023      20756E73 
 1023      69676E65 
 1023      6420696E 
 1023      7400
 1024              	.LASF33:
 1025 015a 49574447 		.ascii	"IWDG_WriteAccessCmd\000"
ARM GAS  C:\Users\skey\AppData\Local\Temp\cccihEbR.s 			page 23


 1025      5F577269 
 1025      74654163 
 1025      63657373 
 1025      436D6400 
 1026              	.LASF17:
 1027 016e 52455345 		.ascii	"RESET\000"
 1027      5400
 1028              	.LASF15:
 1029 0174 49544D5F 		.ascii	"ITM_RxBuffer\000"
 1029      52784275 
 1029      66666572 
 1029      00
 1030              	.LASF32:
 1031 0181 49574447 		.ascii	"IWDG_FLAG\000"
 1031      5F464C41 
 1031      4700
 1032              	.LASF27:
 1033 018b 49574447 		.ascii	"IWDG_WriteAccess\000"
 1033      5F577269 
 1033      74654163 
 1033      63657373 
 1033      00
 1034              	.LASF7:
 1035 019c 5F5F7569 		.ascii	"__uint32_t\000"
 1035      6E743332 
 1035      5F7400
 1036              	.LASF29:
 1037 01a7 2E5C7374 		.ascii	".\\stlib\\STM32F10x_StdPeriph_Driver\\src\\stm32f10"
 1037      6C69625C 
 1037      53544D33 
 1037      32463130 
 1037      785F5374 
 1038 01d6 785F6977 		.ascii	"x_iwdg.c\000"
 1038      64672E63 
 1038      00
 1039              	.LASF31:
 1040 01df 49574447 		.ascii	"IWDG_GetFlagStatus\000"
 1040      5F476574 
 1040      466C6167 
 1040      53746174 
 1040      757300
 1041              	.LASF11:
 1042 01f2 756E7369 		.ascii	"unsigned int\000"
 1042      676E6564 
 1042      20696E74 
 1042      00
 1043              	.LASF10:
 1044 01ff 6C6F6E67 		.ascii	"long long unsigned int\000"
 1044      206C6F6E 
 1044      6720756E 
 1044      7369676E 
 1044      65642069 
 1045              	.LASF12:
 1046 0216 75696E74 		.ascii	"uint8_t\000"
 1046      385F7400 
 1047              	.LASF9:
 1048 021e 6C6F6E67 		.ascii	"long long int\000"
ARM GAS  C:\Users\skey\AppData\Local\Temp\cccihEbR.s 			page 24


 1048      206C6F6E 
 1048      6720696E 
 1048      7400
 1049              	.LASF16:
 1050 022c 53797374 		.ascii	"SystemCoreClock\000"
 1050      656D436F 
 1050      7265436C 
 1050      6F636B00 
 1051              	.LASF2:
 1052 023c 73686F72 		.ascii	"short int\000"
 1052      7420696E 
 1052      7400
 1053              	.LASF4:
 1054 0246 5F5F7569 		.ascii	"__uint16_t\000"
 1054      6E743136 
 1054      5F7400
 1055              	.LASF13:
 1056 0251 75696E74 		.ascii	"uint16_t\000"
 1056      31365F74 
 1056      00
 1057              	.LASF14:
 1058 025a 75696E74 		.ascii	"uint32_t\000"
 1058      33325F74 
 1058      00
 1059              	.LASF6:
 1060 0263 6C6F6E67 		.ascii	"long int\000"
 1060      20696E74 
 1060      00
 1061              	.LASF0:
 1062 026c 7369676E 		.ascii	"signed char\000"
 1062      65642063 
 1062      68617200 
 1063              	.LASF5:
 1064 0278 73686F72 		.ascii	"short unsigned int\000"
 1064      7420756E 
 1064      7369676E 
 1064      65642069 
 1064      6E7400
 1065              	.LASF19:
 1066 028b 49574447 		.ascii	"IWDG_TypeDef\000"
 1066      5F547970 
 1066      65446566 
 1066      00
 1067              		.ident	"GCC: (GNU Tools for Arm Embedded Processors 9-2019-q4-major) 9.2.1 20191025 (release) [ARM
ARM GAS  C:\Users\skey\AppData\Local\Temp\cccihEbR.s 			page 25


DEFINED SYMBOLS
                            *ABS*:00000000 stm32f10x_iwdg.c
C:\Users\skey\AppData\Local\Temp\cccihEbR.s:76     .text:00000000 $t
C:\Users\skey\AppData\Local\Temp\cccihEbR.s:84     .text:00000000 IWDG_WriteAccessCmd
C:\Users\skey\AppData\Local\Temp\cccihEbR.s:105    .text:00000008 $d
C:\Users\skey\AppData\Local\Temp\cccihEbR.s:109    .text:0000000c $t
C:\Users\skey\AppData\Local\Temp\cccihEbR.s:116    .text:0000000c IWDG_SetPrescaler
C:\Users\skey\AppData\Local\Temp\cccihEbR.s:136    .text:00000014 $d
C:\Users\skey\AppData\Local\Temp\cccihEbR.s:140    .text:00000018 $t
C:\Users\skey\AppData\Local\Temp\cccihEbR.s:147    .text:00000018 IWDG_SetReload
C:\Users\skey\AppData\Local\Temp\cccihEbR.s:167    .text:00000020 $d
C:\Users\skey\AppData\Local\Temp\cccihEbR.s:171    .text:00000024 $t
C:\Users\skey\AppData\Local\Temp\cccihEbR.s:178    .text:00000024 IWDG_ReloadCounter
C:\Users\skey\AppData\Local\Temp\cccihEbR.s:197    .text:00000030 $d
C:\Users\skey\AppData\Local\Temp\cccihEbR.s:201    .text:00000034 $t
C:\Users\skey\AppData\Local\Temp\cccihEbR.s:208    .text:00000034 IWDG_Enable
C:\Users\skey\AppData\Local\Temp\cccihEbR.s:227    .text:00000040 $d
C:\Users\skey\AppData\Local\Temp\cccihEbR.s:231    .text:00000044 $t
C:\Users\skey\AppData\Local\Temp\cccihEbR.s:238    .text:00000044 IWDG_GetFlagStatus
C:\Users\skey\AppData\Local\Temp\cccihEbR.s:269    .text:00000054 $d

NO UNDEFINED SYMBOLS
