Archive member included to satisfy reference by file (symbol)

c:/program files (x86)/gnu tools arm embedded/9 2019-q4-major/bin/../lib/gcc/arm-none-eabi/9.2.1/../../../../arm-none-eabi/lib/thumb/v7-m/nofp\libg.a(lib_a-memcpy.o)
                              .\freertos\queue.o (memcpy)
c:/program files (x86)/gnu tools arm embedded/9 2019-q4-major/bin/../lib/gcc/arm-none-eabi/9.2.1/../../../../arm-none-eabi/lib/thumb/v7-m/nofp\libg.a(lib_a-memset.o)
                              .\freertos\tasks.o (memset)

Discarded input sections

 .text          0x00000000       0x14 .\stlib\CMSIS\CM3\DeviceSupport\ST\STM32F10x\startup\gcc_ride7\startup_stm32f10x_hd.o
 .data          0x00000000        0x0 .\stlib\CMSIS\CM3\DeviceSupport\ST\STM32F10x\startup\gcc_ride7\startup_stm32f10x_hd.o
 .bss           0x00000000        0x0 .\stlib\CMSIS\CM3\DeviceSupport\ST\STM32F10x\startup\gcc_ride7\startup_stm32f10x_hd.o
 .bss           0x00000000        0x0 .\stlib\CMSIS\CM3\DeviceSupport\ST\STM32F10x\system_stm32f10x.o
 .text          0x00000000       0x8a .\stlib\CMSIS\CM3\CoreSupport\core_cm3.o
 .data          0x00000000        0x0 .\stlib\CMSIS\CM3\CoreSupport\core_cm3.o
 .bss           0x00000000        0x0 .\stlib\CMSIS\CM3\CoreSupport\core_cm3.o
 .debug_info    0x00000000      0x63b .\stlib\CMSIS\CM3\CoreSupport\core_cm3.o
 .debug_abbrev  0x00000000       0xe4 .\stlib\CMSIS\CM3\CoreSupport\core_cm3.o
 .debug_loc     0x00000000      0x35c .\stlib\CMSIS\CM3\CoreSupport\core_cm3.o
 .debug_aranges
                0x00000000       0x20 .\stlib\CMSIS\CM3\CoreSupport\core_cm3.o
 .debug_ranges  0x00000000       0x10 .\stlib\CMSIS\CM3\CoreSupport\core_cm3.o
 .debug_line    0x00000000      0x2dd .\stlib\CMSIS\CM3\CoreSupport\core_cm3.o
 .debug_str     0x00000000      0x309 .\stlib\CMSIS\CM3\CoreSupport\core_cm3.o
 .comment       0x00000000       0x7a .\stlib\CMSIS\CM3\CoreSupport\core_cm3.o
 .debug_frame   0x00000000      0x170 .\stlib\CMSIS\CM3\CoreSupport\core_cm3.o
 .ARM.attributes
                0x00000000       0x2d .\stlib\CMSIS\CM3\CoreSupport\core_cm3.o
 .text          0x00000000       0xb0 .\stlib\STM32F10x_StdPeriph_Driver\src\misc.o
 .data          0x00000000        0x0 .\stlib\STM32F10x_StdPeriph_Driver\src\misc.o
 .bss           0x00000000        0x0 .\stlib\STM32F10x_StdPeriph_Driver\src\misc.o
 .debug_info    0x00000000      0x5b5 .\stlib\STM32F10x_StdPeriph_Driver\src\misc.o
 .debug_abbrev  0x00000000      0x1b8 .\stlib\STM32F10x_StdPeriph_Driver\src\misc.o
 .debug_loc     0x00000000      0x1cb .\stlib\STM32F10x_StdPeriph_Driver\src\misc.o
 .debug_aranges
                0x00000000       0x20 .\stlib\STM32F10x_StdPeriph_Driver\src\misc.o
 .debug_line    0x00000000      0x2e7 .\stlib\STM32F10x_StdPeriph_Driver\src\misc.o
 .debug_str     0x00000000      0x3f4 .\stlib\STM32F10x_StdPeriph_Driver\src\misc.o
 .comment       0x00000000       0x7a .\stlib\STM32F10x_StdPeriph_Driver\src\misc.o
 .debug_frame   0x00000000       0x70 .\stlib\STM32F10x_StdPeriph_Driver\src\misc.o
 .ARM.attributes
                0x00000000       0x2d .\stlib\STM32F10x_StdPeriph_Driver\src\misc.o
 .text          0x00000000      0x360 .\stlib\STM32F10x_StdPeriph_Driver\src\stm32f10x_adc.o
 .data          0x00000000        0x0 .\stlib\STM32F10x_StdPeriph_Driver\src\stm32f10x_adc.o
 .bss           0x00000000        0x0 .\stlib\STM32F10x_StdPeriph_Driver\src\stm32f10x_adc.o
 .debug_info    0x00000000      0xe00 .\stlib\STM32F10x_StdPeriph_Driver\src\stm32f10x_adc.o
 .debug_abbrev  0x00000000      0x269 .\stlib\STM32F10x_StdPeriph_Driver\src\stm32f10x_adc.o
 .debug_loc     0x00000000      0xc28 .\stlib\STM32F10x_StdPeriph_Driver\src\stm32f10x_adc.o
 .debug_aranges
                0x00000000       0x20 .\stlib\STM32F10x_StdPeriph_Driver\src\stm32f10x_adc.o
 .debug_line    0x00000000      0x9c9 .\stlib\STM32F10x_StdPeriph_Driver\src\stm32f10x_adc.o
 .debug_str     0x00000000      0x74e .\stlib\STM32F10x_StdPeriph_Driver\src\stm32f10x_adc.o
 .comment       0x00000000       0x7a .\stlib\STM32F10x_StdPeriph_Driver\src\stm32f10x_adc.o
 .debug_frame   0x00000000      0x2a0 .\stlib\STM32F10x_StdPeriph_Driver\src\stm32f10x_adc.o
 .ARM.attributes
                0x00000000       0x2d .\stlib\STM32F10x_StdPeriph_Driver\src\stm32f10x_adc.o
 .text          0x00000000       0xe0 .\stlib\STM32F10x_StdPeriph_Driver\src\stm32f10x_bkp.o
 .data          0x00000000        0x0 .\stlib\STM32F10x_StdPeriph_Driver\src\stm32f10x_bkp.o
 .bss           0x00000000        0x0 .\stlib\STM32F10x_StdPeriph_Driver\src\stm32f10x_bkp.o
 .debug_info    0x00000000      0x96d .\stlib\STM32F10x_StdPeriph_Driver\src\stm32f10x_bkp.o
 .debug_abbrev  0x00000000      0x1ee .\stlib\STM32F10x_StdPeriph_Driver\src\stm32f10x_bkp.o
 .debug_loc     0x00000000      0x12e .\stlib\STM32F10x_StdPeriph_Driver\src\stm32f10x_bkp.o
 .debug_aranges
                0x00000000       0x20 .\stlib\STM32F10x_StdPeriph_Driver\src\stm32f10x_bkp.o
[...]
Memory Configuration

Name             Origin             Length             Attributes
FLASH            0x08000000         0x00040000         xr
RAM              0x20000000         0x00010000         xrw
MEMORY_B1        0x60000000         0x00000000         xr
*default*        0x00000000         0xffffffff

Linker script and memory map

LOAD .\stlib\CMSIS\CM3\DeviceSupport\ST\STM32F10x\startup\gcc_ride7\startup_stm32f10x_hd.o
LOAD .\stlib\CMSIS\CM3\DeviceSupport\ST\STM32F10x\system_stm32f10x.o
LOAD .\stlib\CMSIS\CM3\CoreSupport\core_cm3.o
LOAD .\stlib\STM32F10x_StdPeriph_Driver\src\misc.o
LOAD .\stlib\STM32F10x_StdPeriph_Driver\src\stm32f10x_adc.o
LOAD .\stlib\STM32F10x_StdPeriph_Driver\src\stm32f10x_bkp.o
LOAD .\stlib\STM32F10x_StdPeriph_Driver\src\stm32f10x_can.o
LOAD .\stlib\STM32F10x_StdPeriph_Driver\src\stm32f10x_cec.o
LOAD .\stlib\STM32F10x_StdPeriph_Driver\src\stm32f10x_dac.o
LOAD .\stlib\STM32F10x_StdPeriph_Driver\src\stm32f10x_dbgmcu.o
LOAD .\stlib\STM32F10x_StdPeriph_Driver\src\stm32f10x_dma.o
LOAD .\stlib\STM32F10x_StdPeriph_Driver\src\stm32f10x_exti.o
LOAD .\stlib\STM32F10x_StdPeriph_Driver\src\stm32f10x_flash.o
LOAD .\stlib\STM32F10x_StdPeriph_Driver\src\stm32f10x_fsmc.o
LOAD .\stlib\STM32F10x_StdPeriph_Driver\src\stm32f10x_gpio.o
LOAD .\stlib\STM32F10x_StdPeriph_Driver\src\stm32f10x_i2c.o
LOAD .\stlib\STM32F10x_StdPeriph_Driver\src\stm32f10x_iwdg.o
LOAD .\stlib\STM32F10x_StdPeriph_Driver\src\stm32f10x_pwr.o
LOAD .\stlib\STM32F10x_StdPeriph_Driver\src\stm32f10x_rcc.o
LOAD .\stlib\STM32F10x_StdPeriph_Driver\src\stm32f10x_rtc.o
LOAD .\stlib\STM32F10x_StdPeriph_Driver\src\stm32f10x_sdio.o
LOAD .\stlib\STM32F10x_StdPeriph_Driver\src\stm32f10x_spi.o
LOAD .\stlib\STM32F10x_StdPeriph_Driver\src\stm32f10x_tim.o
LOAD .\stlib\STM32F10x_StdPeriph_Driver\src\stm32f10x_usart.o
LOAD .\stlib\STM32F10x_StdPeriph_Driver\src\stm32f10x_wwdg.o
LOAD .\freertos\list.o
LOAD .\freertos\queue.o
LOAD .\freertos\croutine.o
LOAD .\freertos\tasks.o
LOAD .\freertos\timers.o
LOAD .\freertos\portable\GCC\ARM_CM3\port.o
LOAD .\freertos\portable\MemMang\heap_4.o
LOAD .\usr_src\main.o
LOAD .\task_src\task_debug.o
START GROUP
LOAD c:/program files (x86)/gnu tools arm embedded/9 2019-q4-major/bin/../lib/gcc/arm-none-eabi/9.2.1/thumb/v7-m/nofp\libgcc.a
LOAD c:/program files (x86)/gnu tools arm embedded/9 2019-q4-major/bin/../lib/gcc/arm-none-eabi/9.2.1/../../../../arm-none-eabi/lib/thumb/v7-m/nofp\libg.a
LOAD c:/program files (x86)/gnu tools arm embedded/9 2019-q4-major/bin/../lib/gcc/arm-none-eabi/9.2.1/../../../../arm-none-eabi/lib/thumb/v7-m/nofp\libc.a
END GROUP
                0x20010000                _estack = 0x20010000
                0x00000000                _Min_Heap_Size = 0x0
                0x00000200                _Min_Stack_Size = 0x200

.isr_vector     0x08000000      0x1e4
                0x08000000                . = ALIGN (0x4)
 *(.isr_vector)
 .isr_vector    0x08000000      0x1e4 .\stlib\CMSIS\CM3\DeviceSupport\ST\STM32F10x\startup\gcc_ride7\startup_stm32f10x_hd.o
                0x08000000                g_pfnVectors
                0x080001e4                . = ALIGN (0x4)

.text           0x080001f0     0x24dc
                0x080001f0                . = ALIGN (0x4)
 *(.text)
 .text          0x080001f0      0x144 .\stlib\CMSIS\CM3\DeviceSupport\ST\STM32F10x\system_stm32f10x.o
                0x080001f0                SystemInit
                0x080002e0                SystemCoreClockUpdate
 .text          0x08000334       0x82 .\freertos\list.o
                0x08000334                vListInitialise
                0x0800034a                vListInitialiseItem
                0x08000350                vListInsertEnd
                0x08000368                vListInsert
                0x08000396                uxListRemove
 *fill*         0x080003b6        0x2 
 .text          0x080003b8      0x844 .\freertos\queue.o
                0x080004d0                xQueueGenericReset
                0x0800053c                xQueueGenericCreate
                0x08000570                xQueueCreateCountingSemaphore
                0x08000582                xQueueGenericSend
                0x08000684                xQueueCreateMutex
                0x080006a8                xQueueGiveMutexRecursive
                0x080006d0                xQueueGenericSendFromISR
                0x08000738                xQueueGiveFromISR
                0x08000794                xQueueReceive
                0x08000884                xQueueSemaphoreTake
                0x080009ac                xQueueTakeMutexRecursive
                0x080009da                xQueuePeek
                0x08000acc                xQueueReceiveFromISR
                0x08000b34                xQueuePeekFromISR
                0x08000b64                uxQueueMessagesWaiting
                0x08000b76                uxQueueSpacesAvailable
                0x08000b8c                uxQueueMessagesWaitingFromISR
                0x08000b90                vQueueDelete
                0x08000b94                uxQueueGetQueueNumber
                0x08000b98                vQueueSetQueueNumber
                0x08000b9c                ucQueueGetQueueType
                0x08000ba2                xQueueIsQueueEmptyFromISR
                0x08000bac                xQueueIsQueueFullFromISR
                0x08000bb8                vQueueWaitForMessageRestricted
 .text          0x08000bfc     0x1150 .\freertos\tasks.o
                0x08000cdc                xTaskCreate
                0x08000e74                vTaskDelete
                0x08000f14                eTaskGetState
                0x08000f78                uxTaskPriorityGet
                0x08000f94                uxTaskPriorityGetFromISR
                0x08000fbc                vTaskPrioritySet
                0x08001080                vTaskResume
                0x080010f8                xTaskResumeFromISR
                0x0800117c                vTaskStartScheduler
                0x080011d8                vTaskEndScheduler
                0x080011f8                vTaskSuspendAll
                0x0800120c                xTaskGetTickCount
                0x08001218                xTaskGetTickCountFromISR
                0x08001224                uxTaskGetNumberOfTasks
                0x08001230                pcTaskGetName
                0x08001240                xTaskIncrementTick
                0x0800130c                xTaskResumeAll
                0x080013cc                vTaskDelayUntil
                0x08001418                vTaskDelay
                0x08001448                vTaskSwitchContext
                0x08001498                vTaskSuspend
                0x08001540                vTaskPlaceOnEventList
                0x08001560                vTaskPlaceOnUnorderedEventList
                0x08001588                vTaskPlaceOnEventListRestricted
                0x080015b4                xTaskRemoveFromEventList
                0x08001610                vTaskRemoveFromUnorderedEventList
                0x0800165c                vTaskSetTimeOutState
                0x0800167c                vTaskInternalSetTimeOutState
                0x08001690                xTaskCheckForTimeOut
                0x080016dc                vTaskMissedYield
                0x080016ec                uxTaskGetTaskNumber
                0x080016f2                vTaskSetTaskNumber
                0x080016f8                vTaskGetInfo
                0x080017d4                uxTaskGetSystemState
                0x0800186c                xTaskGetCurrentTaskHandle
                0x08001878                xTaskGetSchedulerState
                0x08001898                xTaskPriorityInherit
                0x08001938                xTaskPriorityDisinherit
                0x080019a8                vTaskPriorityDisinheritAfterTimeout
                0x08001a2c                uxTaskResetEventItemValue
                0x08001a44                pvTaskIncrementMutexHeldCount
                0x08001a5c                ulTaskNotifyTake
                0x08001ac0                xTaskNotifyWait
                0x08001b48                xTaskGenericNotify
                0x08001be4                xTaskGenericNotifyFromISR
                0x08001c94                vTaskNotifyGiveFromISR
                0x08001d20                xTaskNotifyStateClear
 .text          0x08001d4c      0x3c8 .\freertos\timers.o
                0x08001dc0                xTimerCreateTimerTask
                0x08001df4                xTimerCreate
                0x08001e3a                xTimerGenericCommand
                0x08002090                xTimerGetTimerDaemonTaskHandle
                0x0800209c                xTimerGetPeriod
                0x080020a0                vTimerSetReloadMode
                0x080020c6                xTimerGetExpiryTime
                0x080020ca                pcTimerGetName
                0x080020ce                xTimerIsTimerActive
                0x080020e6                pvTimerGetTimerID
                0x080020f8                vTimerSetTimerID
                0x0800210c                uxTimerGetTimerNumber
                0x08002110                vTimerSetTimerNumber
 *fill*         0x08002114        0xc 
 .text          0x08002120      0x194 .\freertos\portable\GCC\ARM_CM3\port.o
                0x0800215a                pxPortInitialiseStack
                0x0800217c                SVC_Handler
                0x080021a4                vPortEndScheduler
                0x080021a6                vPortEnterCritical
                0x080021c4                vPortExitCritical
                0x080021d8                PendSV_Handler
                0x08002224                SysTick_Handler
                0x08002250                vPortSetupTimerInterrupt
                0x08002278                xPortStartScheduler
 .text          0x080022b4      0x170 .\freertos\portable\MemMang\heap_4.o
                0x080022f8                pvPortMalloc
                0x080023c4                vPortFree
                0x08002408                xPortGetFreeHeapSize
                0x08002414                xPortGetMinimumEverFreeHeapSize
                0x08002420                vPortInitialiseBlocks
 .text          0x08002424       0xb0 .\task_src\task_debug.o
                0x08002424                UART3_Init
                0x0800247c                UART3_Send
                0x08002490                Task_Debug
                0x080024ac                Create_Task_Debug
 .text          0x080024d4       0xec c:/program files (x86)/gnu tools arm embedded/9 2019-q4-major/bin/../lib/gcc/arm-none-eabi/9.2.1/../../../../arm-none-eabi/lib/thumb/v7-m/nofp\libg.a(lib_a-memcpy.o)
                0x080024d4                memcpy
 *(.text*)
 .text.Reset_Handler
                0x080025c0       0x44 .\stlib\CMSIS\CM3\DeviceSupport\ST\STM32F10x\startup\gcc_ride7\startup_stm32f10x_hd.o
                0x080025c0                Reset_Handler
 .text.Default_Handler
                0x08002604        0x2 .\stlib\CMSIS\CM3\DeviceSupport\ST\STM32F10x\startup\gcc_ride7\startup_stm32f10x_hd.o
                0x08002604                EXTI2_IRQHandler
                0x08002604                TIM8_TRG_COM_IRQHandler
                0x08002604                TIM8_CC_IRQHandler
                0x08002604                DebugMon_Handler
                0x08002604                TIM1_CC_IRQHandler
                0x08002604                HardFault_Handler
                0x08002604                TIM6_IRQHandler
                0x08002604                PVD_IRQHandler
                0x08002604                SDIO_IRQHandler
                0x08002604                NMI_Handler
                0x08002604                EXTI3_IRQHandler
                0x08002604                EXTI0_IRQHandler
                0x08002604                I2C2_EV_IRQHandler
                0x08002604                UsageFault_Handler
                0x08002604                ADC1_2_IRQHandler
                0x08002604                SPI1_IRQHandler
                0x08002604                TAMPER_IRQHandler
                0x08002604                TIM8_UP_IRQHandler
                0x08002604                DMA2_Channel2_IRQHandler
                0x08002604                DMA1_Channel4_IRQHandler
                0x08002604                USART3_IRQHandler
                0x08002604                RTC_IRQHandler
                0x08002604                DMA1_Channel7_IRQHandler
                0x08002604                CAN1_RX1_IRQHandler
                0x08002604                UART5_IRQHandler
                0x08002604                ADC3_IRQHandler
                0x08002604                TIM4_IRQHandler
                0x08002604                DMA2_Channel1_IRQHandler
                0x08002604                I2C1_EV_IRQHandler
                0x08002604                DMA1_Channel6_IRQHandler
                0x08002604                UART4_IRQHandler
                0x08002604                TIM3_IRQHandler
                0x08002604                RCC_IRQHandler
                0x08002604                TIM1_TRG_COM_IRQHandler
                0x08002604                DMA1_Channel1_IRQHandler
                0x08002604                Default_Handler
                0x08002604                EXTI15_10_IRQHandler
                0x08002604                TIM7_IRQHandler
                0x08002604                TIM5_IRQHandler
                0x08002604                EXTI9_5_IRQHandler
                0x08002604                SPI2_IRQHandler
                0x08002604                MemManage_Handler
                0x08002604                DMA1_Channel5_IRQHandler
                0x08002604                EXTI4_IRQHandler
                0x08002604                USB_LP_CAN1_RX0_IRQHandler
                0x08002604                USB_HP_CAN1_TX_IRQHandler
                0x08002604                DMA1_Channel3_IRQHandler
                0x08002604                FSMC_IRQHandler
                0x08002604                TIM1_UP_IRQHandler
                0x08002604                WWDG_IRQHandler
                0x08002604                TIM2_IRQHandler
                0x08002604                TIM1_BRK_IRQHandler
                0x08002604                EXTI1_IRQHandler
                0x08002604                RTCAlarm_IRQHandler
                0x08002604                DMA2_Channel4_5_IRQHandler
                0x08002604                USART2_IRQHandler
                0x08002604                I2C2_ER_IRQHandler
                0x08002604                DMA1_Channel2_IRQHandler
                0x08002604                TIM8_BRK_IRQHandler
                0x08002604                CAN1_SCE_IRQHandler
                0x08002604                FLASH_IRQHandler
                0x08002604                BusFault_Handler
                0x08002604                USART1_IRQHandler
                0x08002604                SPI3_IRQHandler
                0x08002604                I2C1_ER_IRQHandler
                0x08002604                USBWakeUp_IRQHandler
                0x08002604                DMA2_Channel3_IRQHandler
 .text.startup  0x08002606       0x10 .\usr_src\main.o
                0x08002606                main
 *fill*         0x08002616        0x2 
 .text.memset   0x08002618       0xa0 c:/program files (x86)/gnu tools arm embedded/9 2019-q4-major/bin/../lib/gcc/arm-none-eabi/9.2.1/../../../../arm-none-eabi/lib/thumb/v7-m/nofp\libg.a(lib_a-memset.o)
                0x08002618                memset
 *(.rodata)
 *(.rodata*)
 .rodata.str1.1
                0x080026b8        0x5 .\freertos\tasks.o
 .rodata.str1.1
                0x080026bd        0x8 .\freertos\timers.o
 .rodata.str1.1
                0x080026c5        0x6 .\task_src\task_debug.o
 *(.glue_7)
 .glue_7        0x080026cb        0x0 linker stubs
 *(.glue_7t)
 .glue_7t       0x080026cb        0x0 linker stubs
 *(.init)
 *(.fini)
                0x080026cc                . = ALIGN (0x4)
 *fill*         0x080026cb        0x1 
                0x080026cc                _etext = .

.vfp11_veneer   0x080026cc        0x0
 .vfp11_veneer  0x080026cc        0x0 linker stubs

.v4_bx          0x080026cc        0x0
 .v4_bx         0x080026cc        0x0 linker stubs

.iplt           0x080026cc        0x0
 .iplt          0x080026cc        0x0 .\stlib\CMSIS\CM3\DeviceSupport\ST\STM32F10x\startup\gcc_ride7\startup_stm32f10x_hd.o

.rel.dyn        0x080026cc        0x0
 .rel.iplt      0x080026cc        0x0 .\stlib\CMSIS\CM3\DeviceSupport\ST\STM32F10x\startup\gcc_ride7\startup_stm32f10x_hd.o

.ARM.extab
 *(.ARM.extab* .gnu.linkonce.armextab.*)

.ARM            0x080026cc        0x0
                0x080026cc                __exidx_start = .
 *(.ARM.exidx*)
                0x080026cc                __exidx_end = .

.ARM.attributes
                0x080026cc       0x2f
 *(.ARM.attributes)
 .ARM.attributes
                0x080026cc       0x21 .\stlib\CMSIS\CM3\DeviceSupport\ST\STM32F10x\startup\gcc_ride7\startup_stm32f10x_hd.o
 .ARM.attributes
                0x080026ed       0x2d .\stlib\CMSIS\CM3\DeviceSupport\ST\STM32F10x\system_stm32f10x.o
 .ARM.attributes
                0x0800271a       0x2d .\freertos\list.o
 .ARM.attributes
                0x08002747       0x2d .\freertos\queue.o
 .ARM.attributes
                0x08002774       0x2d .\freertos\tasks.o
 .ARM.attributes
                0x080027a1       0x2d .\freertos\timers.o
 .ARM.attributes
                0x080027ce       0x2d .\freertos\portable\GCC\ARM_CM3\port.o
 .ARM.attributes
                0x080027fb       0x2d .\freertos\portable\MemMang\heap_4.o
 .ARM.attributes
                0x08002828       0x2d .\usr_src\main.o
 .ARM.attributes
                0x08002855       0x2d .\task_src\task_debug.o
 .ARM.attributes
                0x08002882       0x1b c:/program files (x86)/gnu tools arm embedded/9 2019-q4-major/bin/../lib/gcc/arm-none-eabi/9.2.1/../../../../arm-none-eabi/lib/thumb/v7-m/nofp\libg.a(lib_a-memcpy.o)
 .ARM.attributes
                0x0800289d       0x2d c:/program files (x86)/gnu tools arm embedded/9 2019-q4-major/bin/../lib/gcc/arm-none-eabi/9.2.1/../../../../arm-none-eabi/lib/thumb/v7-m/nofp\libg.a(lib_a-memset.o)

.preinit_array  0x080026cc        0x0
                [!provide]                PROVIDE (__preinit_array_start = .)
 *(.preinit_array*)
                [!provide]                PROVIDE (__preinit_array_end = .)

.init_array     0x080026cc        0x0
                [!provide]                PROVIDE (__init_array_start = .)
 *(SORT_BY_NAME(.init_array.*))
 *(.init_array*)
                [!provide]                PROVIDE (__init_array_end = .)

.fini_array     0x080026cc        0x0
                [!provide]                PROVIDE (__fini_array_start = .)
 *(.fini_array*)
 *(SORT_BY_NAME(.fini_array.*))
                [!provide]                PROVIDE (__fini_array_end = .)
                0x080028ca                _sidata = .

.data           0x20000000       0x18 load address 0x080028ca
                0x20000000                . = ALIGN (0x4)
                0x20000000                _sdata = .
 *(.data)
 .data          0x20000000       0x14 .\stlib\CMSIS\CM3\DeviceSupport\ST\STM32F10x\system_stm32f10x.o
                0x20000000                SystemCoreClock
                0x20000004                AHBPrescTable
 .data          0x20000014        0x4 .\freertos\portable\GCC\ARM_CM3\port.o
 *(.data*)
                0x20000018                . = ALIGN (0x4)
                0x20000018                _edata = .

.igot.plt       0x20000018        0x0 load address 0x080028e4
 .igot.plt      0x20000018        0x0 .\stlib\CMSIS\CM3\DeviceSupport\ST\STM32F10x\startup\gcc_ride7\startup_stm32f10x_hd.o
                0x20000018                . = ALIGN (0x4)

.bss            0x20000018     0x495c load address 0x080028e4
                0x20000018                _sbss = .
                0x20000018                __bss_start__ = _sbss
 *(.bss)
 .bss           0x20000018      0x104 .\freertos\tasks.o
                0x20000024                pxCurrentTCB
 .bss           0x2000011c       0x3c .\freertos\timers.o
 .bss           0x20000158     0x4818 .\freertos\portable\MemMang\heap_4.o
 .bss           0x20004970        0x4 .\task_src\task_debug.o
 *(.bss*)
 *(COMMON)
                0x20004974                . = ALIGN (0x4)
                0x20004974                _ebss = .
                0x20004974                __bss_end__ = _ebss
                [!provide]                PROVIDE (end = _ebss)
                [!provide]                PROVIDE (_end = _ebss)

._user_heap_stack
                0x20004974      0x200 load address 0x08007240
                0x20004974                . = ALIGN (0x4)
                0x20004974                . = (. + _Min_Heap_Size)
                0x20004b74                . = (. + _Min_Stack_Size)
 *fill*         0x20004974      0x200 
                0x20004b74                . = ALIGN (0x4)

.memory_b1_text
 *(.mb1text)
 *(.mb1text*)
 *(.mb1rodata)
 *(.mb1rodata*)

/DISCARD/
 libc.a(*)
 libm.a(*)
 libgcc.a(*)
OUTPUT(stm32f10x_makefile_freertos.elf elf32-littlearm)

.debug_line     0x00000000     0x4ede
 .debug_line    0x00000000       0xb1 .\stlib\CMSIS\CM3\DeviceSupport\ST\STM32F10x\startup\gcc_ride7\startup_stm32f10x_hd.o
 .debug_line    0x000000b1      0x367 .\stlib\CMSIS\CM3\DeviceSupport\ST\STM32F10x\system_stm32f10x.o
 .debug_line    0x00000418      0x436 .\freertos\list.o
 .debug_line    0x0000084e     0x113d .\freertos\queue.o
 .debug_line    0x0000198b     0x1dfc .\freertos\tasks.o
 .debug_line    0x00003787      0x92c .\freertos\timers.o
 .debug_line    0x000040b3      0x3e6 .\freertos\portable\GCC\ARM_CM3\port.o
 .debug_line    0x00004499      0x5a2 .\freertos\portable\MemMang\heap_4.o
 .debug_line    0x00004a3b      0x1cf .\usr_src\main.o
 .debug_line    0x00004c0a      0x2d4 .\task_src\task_debug.o

.debug_info     0x00000000     0xa1a5
 .debug_info    0x00000000       0x22 .\stlib\CMSIS\CM3\DeviceSupport\ST\STM32F10x\startup\gcc_ride7\startup_stm32f10x_hd.o
 .debug_info    0x00000022      0x515 .\stlib\CMSIS\CM3\DeviceSupport\ST\STM32F10x\system_stm32f10x.o
 .debug_info    0x00000537      0xcb4 .\freertos\list.o
 .debug_info    0x000011eb     0x26f4 .\freertos\queue.o
 .debug_info    0x000038df     0x357b .\freertos\tasks.o
 .debug_info    0x00006e5a     0x1bc5 .\freertos\timers.o
 .debug_info    0x00008a1f      0x3ac .\freertos\portable\GCC\ARM_CM3\port.o
 .debug_info    0x00008dcb      0xdf7 .\freertos\portable\MemMang\heap_4.o
 .debug_info    0x00009bc2      0x111 .\usr_src\main.o
 .debug_info    0x00009cd3      0x4d2 .\task_src\task_debug.o

.debug_abbrev   0x00000000     0x1a2b
 .debug_abbrev  0x00000000       0x12 .\stlib\CMSIS\CM3\DeviceSupport\ST\STM32F10x\startup\gcc_ride7\startup_stm32f10x_hd.o
 .debug_abbrev  0x00000012      0x1fb .\stlib\CMSIS\CM3\DeviceSupport\ST\STM32F10x\system_stm32f10x.o
 .debug_abbrev  0x0000020d      0x243 .\freertos\list.o
 .debug_abbrev  0x00000450      0x465 .\freertos\queue.o
 .debug_abbrev  0x000008b5      0x55a .\freertos\tasks.o
 .debug_abbrev  0x00000e0f      0x40e .\freertos\timers.o
 .debug_abbrev  0x0000121d      0x25a .\freertos\portable\GCC\ARM_CM3\port.o
 .debug_abbrev  0x00001477      0x35a .\freertos\portable\MemMang\heap_4.o
 .debug_abbrev  0x000017d1       0xd2 .\usr_src\main.o
 .debug_abbrev  0x000018a3      0x188 .\task_src\task_debug.o

.debug_aranges  0x00000000      0x148
 .debug_aranges
                0x00000000       0x28 .\stlib\CMSIS\CM3\DeviceSupport\ST\STM32F10x\startup\gcc_ride7\startup_stm32f10x_hd.o
 .debug_aranges
                0x00000028       0x20 .\stlib\CMSIS\CM3\DeviceSupport\ST\STM32F10x\system_stm32f10x.o
 .debug_aranges
                0x00000048       0x20 .\freertos\list.o
 .debug_aranges
                0x00000068       0x20 .\freertos\queue.o
 .debug_aranges
                0x00000088       0x20 .\freertos\tasks.o
 .debug_aranges
                0x000000a8       0x20 .\freertos\timers.o
 .debug_aranges
                0x000000c8       0x20 .\freertos\portable\GCC\ARM_CM3\port.o
 .debug_aranges
                0x000000e8       0x20 .\freertos\portable\MemMang\heap_4.o
 .debug_aranges
                0x00000108       0x20 .\usr_src\main.o
 .debug_aranges
                0x00000128       0x20 .\task_src\task_debug.o

.debug_str      0x00000000     0x2319
 .debug_str     0x00000000       0x87 .\stlib\CMSIS\CM3\DeviceSupport\ST\STM32F10x\startup\gcc_ride7\startup_stm32f10x_hd.o
 .debug_str     0x00000087      0x29c .\stlib\CMSIS\CM3\DeviceSupport\ST\STM32F10x\system_stm32f10x.o
                                0x312 (size before relaxing)
 .debug_str     0x00000323      0x513 .\freertos\list.o
                                0x6c2 (size before relaxing)
 .debug_str     0x00000836      0x7ab .\freertos\queue.o
                                0xe4d (size before relaxing)
 .debug_str     0x00000fe1      0xb8c .\freertos\tasks.o
                               0x14f2 (size before relaxing)
 .debug_str     0x00001b6d      0x448 .\freertos\timers.o
                                0xc7f (size before relaxing)
 .debug_str     0x00001fb5       0xb3 .\freertos\portable\GCC\ARM_CM3\port.o
                                0x35a (size before relaxing)
 .debug_str     0x00002068      0x1b8 .\freertos\portable\MemMang\heap_4.o
                                0x78c (size before relaxing)
 .debug_str     0x00002220       0x28 .\usr_src\main.o
                                0x1c7 (size before relaxing)
 .debug_str     0x00002248       0xd1 .\task_src\task_debug.o
                                0x32c (size before relaxing)

.debug_ranges   0x00000000      0x448
 .debug_ranges  0x00000000       0x20 .\stlib\CMSIS\CM3\DeviceSupport\ST\STM32F10x\startup\gcc_ride7\startup_stm32f10x_hd.o
 .debug_ranges  0x00000020       0x18 .\stlib\CMSIS\CM3\DeviceSupport\ST\STM32F10x\system_stm32f10x.o
 .debug_ranges  0x00000038      0x1a0 .\freertos\queue.o
 .debug_ranges  0x000001d8      0x1d0 .\freertos\tasks.o
 .debug_ranges  0x000003a8       0x78 .\freertos\timers.o
 .debug_ranges  0x00000420       0x18 .\freertos\portable\GCC\ARM_CM3\port.o
 .debug_ranges  0x00000438       0x10 .\usr_src\main.o

.debug_loc      0x00000000     0x5260
 .debug_loc     0x00000000       0xf5 .\stlib\CMSIS\CM3\DeviceSupport\ST\STM32F10x\system_stm32f10x.o
 .debug_loc     0x000000f5       0xcf .\freertos\list.o
 .debug_loc     0x000001c4     0x18af .\freertos\queue.o
 .debug_loc     0x00001a73     0x24fb .\freertos\tasks.o
 .debug_loc     0x00003f6e      0xce4 .\freertos\timers.o
 .debug_loc     0x00004c52      0x12a .\freertos\portable\GCC\ARM_CM3\port.o
 .debug_loc     0x00004d7c      0x3d9 .\freertos\portable\MemMang\heap_4.o
 .debug_loc     0x00005155       0x20 .\usr_src\main.o
 .debug_loc     0x00005175       0xeb .\task_src\task_debug.o

.comment        0x00000000       0x79
 .comment       0x00000000       0x79 .\stlib\CMSIS\CM3\DeviceSupport\ST\STM32F10x\system_stm32f10x.o
                                 0x7a (size before relaxing)
 .comment       0x00000079       0x7a .\freertos\list.o
 .comment       0x00000079       0x7a .\freertos\queue.o
 .comment       0x00000079       0x7a .\freertos\tasks.o
 .comment       0x00000079       0x7a .\freertos\timers.o
 .comment       0x00000079       0x7a .\freertos\portable\GCC\ARM_CM3\port.o
 .comment       0x00000079       0x7a .\freertos\portable\MemMang\heap_4.o
 .comment       0x00000079       0x7a .\usr_src\main.o
 .comment       0x00000079       0x7a .\task_src\task_debug.o

.debug_frame    0x00000000      0xf58
 .debug_frame   0x00000000       0x38 .\stlib\CMSIS\CM3\DeviceSupport\ST\STM32F10x\system_stm32f10x.o
 .debug_frame   0x00000038       0x6c .\freertos\list.o
 .debug_frame   0x000000a4      0x39c .\freertos\queue.o
 .debug_frame   0x00000440      0x69c .\freertos\tasks.o
 .debug_frame   0x00000adc      0x21c .\freertos\timers.o
 .debug_frame   0x00000cf8       0xe0 .\freertos\portable\GCC\ARM_CM3\port.o
 .debug_frame   0x00000dd8       0xb4 .\freertos\portable\MemMang\heap_4.o
 .debug_frame   0x00000e8c       0x2c .\usr_src\main.o
 .debug_frame   0x00000eb8       0x68 .\task_src\task_debug.o
 .debug_frame   0x00000f20       0x38 c:/program files (x86)/gnu tools arm embedded/9 2019-q4-major/bin/../lib/gcc/arm-none-eabi/9.2.1/../../../../arm-none-eabi/lib/thumb/v7-m/nofp\libg.a(lib_a-memset.o)

Cross Reference Table

Symbol                                            File
ADC1_2_IRQHandler                                 .\stlib\CMSIS\CM3\DeviceSupport\ST\STM32F10x\startup\gcc_ride7\startup_stm32f10x_hd.o
ADC3_IRQHandler                                   .\stlib\CMSIS\CM3\DeviceSupport\ST\STM32F10x\startup\gcc_ride7\startup_stm32f10x_hd.o
ADC_AnalogWatchdogCmd                             .\stlib\STM32F10x_StdPeriph_Driver\src\stm32f10x_adc.o
ADC_AnalogWatchdogSingleChannelConfig             .\stlib\STM32F10x_StdPeriph_Driver\src\stm32f10x_adc.o
ADC_AnalogWatchdogThresholdsConfig                .\stlib\STM32F10x_StdPeriph_Driver\src\stm32f10x_adc.o
ADC_AutoInjectedConvCmd                           .\stlib\STM32F10x_StdPeriph_Driver\src\stm32f10x_adc.o
ADC_ClearFlag                                     .\stlib\STM32F10x_StdPeriph_Driver\src\stm32f10x_adc.o
ADC_ClearITPendingBit                             .\stlib\STM32F10x_StdPeriph_Driver\src\stm32f10x_adc.o
ADC_Cmd                                           .\stlib\STM32F10x_StdPeriph_Driver\src\stm32f10x_adc.o
ADC_DMACmd                                        .\stlib\STM32F10x_StdPeriph_Driver\src\stm32f10x_adc.o
ADC_DeInit                                        .\stlib\STM32F10x_StdPeriph_Driver\src\stm32f10x_adc.o
ADC_DiscModeChannelCountConfig                    .\stlib\STM32F10x_StdPeriph_Driver\src\stm32f10x_adc.o
ADC_DiscModeCmd                                   .\stlib\STM32F10x_StdPeriph_Driver\src\stm32f10x_adc.o
ADC_ExternalTrigConvCmd                           .\stlib\STM32F10x_StdPeriph_Driver\src\stm32f10x_adc.o
ADC_ExternalTrigInjectedConvCmd                   .\stlib\STM32F10x_StdPeriph_Driver\src\stm32f10x_adc.o
ADC_ExternalTrigInjectedConvConfig                .\stlib\STM32F10x_StdPeriph_Driver\src\stm32f10x_adc.o
ADC_GetCalibrationStatus                          .\stlib\STM32F10x_StdPeriph_Driver\src\stm32f10x_adc.o
ADC_GetConversionValue                            .\stlib\STM32F10x_StdPeriph_Driver\src\stm32f10x_adc.o
ADC_GetDualModeConversionValue                    .\stlib\STM32F10x_StdPeriph_Driver\src\stm32f10x_adc.o
ADC_GetFlagStatus                                 .\stlib\STM32F10x_StdPeriph_Driver\src\stm32f10x_adc.o
ADC_GetITStatus                                   .\stlib\STM32F10x_StdPeriph_Driver\src\stm32f10x_adc.o
ADC_GetInjectedConversionValue                    .\stlib\STM32F10x_StdPeriph_Driver\src\stm32f10x_adc.o
ADC_GetResetCalibrationStatus                     .\stlib\STM32F10x_StdPeriph_Driver\src\stm32f10x_adc.o
ADC_GetSoftwareStartConvStatus                    .\stlib\STM32F10x_StdPeriph_Driver\src\stm32f10x_adc.o
ADC_GetSoftwareStartInjectedConvCmdStatus         .\stlib\STM32F10x_StdPeriph_Driver\src\stm32f10x_adc.o
ADC_ITConfig                                      .\stlib\STM32F10x_StdPeriph_Driver\src\stm32f10x_adc.o
ADC_Init                                          .\stlib\STM32F10x_StdPeriph_Driver\src\stm32f10x_adc.o
ADC_InjectedChannelConfig                         .\stlib\STM32F10x_StdPeriph_Driver\src\stm32f10x_adc.o
ADC_InjectedDiscModeCmd                           .\stlib\STM32F10x_StdPeriph_Driver\src\stm32f10x_adc.o
ADC_InjectedSequencerLengthConfig                 .\stlib\STM32F10x_StdPeriph_Driver\src\stm32f10x_adc.o
ADC_RegularChannelConfig                          .\stlib\STM32F10x_StdPeriph_Driver\src\stm32f10x_adc.o
ADC_ResetCalibration                              .\stlib\STM32F10x_StdPeriph_Driver\src\stm32f10x_adc.o
ADC_SetInjectedOffset                             .\stlib\STM32F10x_StdPeriph_Driver\src\stm32f10x_adc.o
ADC_SoftwareStartConvCmd                          .\stlib\STM32F10x_StdPeriph_Driver\src\stm32f10x_adc.o
ADC_SoftwareStartInjectedConvCmd                  .\stlib\STM32F10x_StdPeriph_Driver\src\stm32f10x_adc.o
ADC_StartCalibration                              .\stlib\STM32F10x_StdPeriph_Driver\src\stm32f10x_adc.o
ADC_StructInit                                    .\stlib\STM32F10x_StdPeriph_Driver\src\stm32f10x_adc.o
ADC_TempSensorVrefintCmd                          .\stlib\STM32F10x_StdPeriph_Driver\src\stm32f10x_adc.o
AHBPrescTable                                     .\stlib\CMSIS\CM3\DeviceSupport\ST\STM32F10x\system_stm32f10x.o
BKP_ClearFlag                                     .\stlib\STM32F10x_StdPeriph_Driver\src\stm32f10x_bkp.o
BKP_ClearITPendingBit                             .\stlib\STM32F10x_StdPeriph_Driver\src\stm32f10x_bkp.o
BKP_DeInit                                        .\stlib\STM32F10x_StdPeriph_Driver\src\stm32f10x_bkp.o
BKP_GetFlagStatus                                 .\stlib\STM32F10x_StdPeriph_Driver\src\stm32f10x_bkp.o
BKP_GetITStatus                                   .\stlib\STM32F10x_StdPeriph_Driver\src\stm32f10x_bkp.o
BKP_ITConfig                                      .\stlib\STM32F10x_StdPeriph_Driver\src\stm32f10x_bkp.o
BKP_RTCOutputConfig                               .\stlib\STM32F10x_StdPeriph_Driver\src\stm32f10x_bkp.o
BKP_ReadBackupRegister                            .\stlib\STM32F10x_StdPeriph_Driver\src\stm32f10x_bkp.o
BKP_SetRTCCalibrationValue                        .\stlib\STM32F10x_StdPeriph_Driver\src\stm32f10x_bkp.o
BKP_TamperPinCmd                                  .\stlib\STM32F10x_StdPeriph_Driver\src\stm32f10x_bkp.o
BKP_TamperPinLevelConfig                          .\stlib\STM32F10x_StdPeriph_Driver\src\stm32f10x_bkp.o
BKP_WriteBackupRegister                           .\stlib\STM32F10x_StdPeriph_Driver\src\stm32f10x_bkp.o
BusFault_Handler                                  .\stlib\CMSIS\CM3\DeviceSupport\ST\STM32F10x\startup\gcc_ride7\startup_stm32f10x_hd.o
CAN1_RX1_IRQHandler                               .\stlib\CMSIS\CM3\DeviceSupport\ST\STM32F10x\startup\gcc_ride7\startup_stm32f10x_hd.o
CAN1_SCE_IRQHandler                               .\stlib\CMSIS\CM3\DeviceSupport\ST\STM32F10x\startup\gcc_ride7\startup_stm32f10x_hd.o
CAN_CancelTransmit                                .\stlib\STM32F10x_StdPeriph_Driver\src\stm32f10x_can.o
CAN_ClearFlag                                     .\stlib\STM32F10x_StdPeriph_Driver\src\stm32f10x_can.o
CAN_ClearITPendingBit                             .\stlib\STM32F10x_StdPeriph_Driver\src\stm32f10x_can.o
CAN_DBGFreeze                                     .\stlib\STM32F10x_StdPeriph_Driver\src\stm32f10x_can.o
CAN_DeInit                                        .\stlib\STM32F10x_StdPeriph_Driver\src\stm32f10x_can.o
CAN_FIFORelease                                   .\stlib\STM32F10x_StdPeriph_Driver\src\stm32f10x_can.o
CAN_FilterInit                                    .\stlib\STM32F10x_StdPeriph_Driver\src\stm32f10x_can.o
CAN_GetFlagStatus                                 .\stlib\STM32F10x_StdPeriph_Driver\src\stm32f10x_can.o
CAN_GetITStatus                                   .\stlib\STM32F10x_StdPeriph_Driver\src\stm32f10x_can.o
CAN_GetLSBTransmitErrorCounter                    .\stlib\STM32F10x_StdPeriph_Driver\src\stm32f10x_can.o
CAN_GetLastErrorCode                              .\stlib\STM32F10x_StdPeriph_Driver\src\stm32f10x_can.o
CAN_GetReceiveErrorCounter                        .\stlib\STM32F10x_StdPeriph_Driver\src\stm32f10x_can.o
CAN_ITConfig                                      .\stlib\STM32F10x_StdPeriph_Driver\src\stm32f10x_can.o
CAN_Init                                          .\stlib\STM32F10x_StdPeriph_Driver\src\stm32f10x_can.o
CAN_MessagePending                                .\stlib\STM32F10x_StdPeriph_Driver\src\stm32f10x_can.o
CAN_OperatingModeRequest                          .\stlib\STM32F10x_StdPeriph_Driver\src\stm32f10x_can.o
CAN_Receive                                       .\stlib\STM32F10x_StdPeriph_Driver\src\stm32f10x_can.o
CAN_SlaveStartBank                                .\stlib\STM32F10x_StdPeriph_Driver\src\stm32f10x_can.o
CAN_Sleep                                         .\stlib\STM32F10x_StdPeriph_Driver\src\stm32f10x_can.o
CAN_StructInit                                    .\stlib\STM32F10x_StdPeriph_Driver\src\stm32f10x_can.o
CAN_TTComModeCmd                                  .\stlib\STM32F10x_StdPeriph_Driver\src\stm32f10x_can.o
CAN_Transmit                                      .\stlib\STM32F10x_StdPeriph_Driver\src\stm32f10x_can.o
CAN_TransmitStatus                                .\stlib\STM32F10x_StdPeriph_Driver\src\stm32f10x_can.o
CAN_WakeUp                                        .\stlib\STM32F10x_StdPeriph_Driver\src\stm32f10x_can.o
CEC_ClearFlag                                     .\stlib\STM32F10x_StdPeriph_Driver\src\stm32f10x_cec.o
CEC_ClearITPendingBit                             .\stlib\STM32F10x_StdPeriph_Driver\src\stm32f10x_cec.o
CEC_Cmd                                           .\stlib\STM32F10x_StdPeriph_Driver\src\stm32f10x_cec.o
CEC_DeInit                                        .\stlib\STM32F10x_StdPeriph_Driver\src\stm32f10x_cec.o
CEC_EndOfMessageCmd                               .\stlib\STM32F10x_StdPeriph_Driver\src\stm32f10x_cec.o
CEC_GetFlagStatus                                 .\stlib\STM32F10x_StdPeriph_Driver\src\stm32f10x_cec.o
CEC_GetITStatus                                   .\stlib\STM32F10x_StdPeriph_Driver\src\stm32f10x_cec.o
CEC_ITConfig                                      .\stlib\STM32F10x_StdPeriph_Driver\src\stm32f10x_cec.o
CEC_Init                                          .\stlib\STM32F10x_StdPeriph_Driver\src\stm32f10x_cec.o
CEC_OwnAddressConfig                              .\stlib\STM32F10x_StdPeriph_Driver\src\stm32f10x_cec.o
CEC_ReceiveDataByte                               .\stlib\STM32F10x_StdPeriph_Driver\src\stm32f10x_cec.o
CEC_SendDataByte                                  .\stlib\STM32F10x_StdPeriph_Driver\src\stm32f10x_cec.o
CEC_SetPrescaler                                  .\stlib\STM32F10x_StdPeriph_Driver\src\stm32f10x_cec.o
CEC_StartOfMessage                                .\stlib\STM32F10x_StdPeriph_Driver\src\stm32f10x_cec.o
Create_Task_Debug                                 .\task_src\task_debug.o
                                                  .\usr_src\main.o
DAC_Cmd                                           .\stlib\STM32F10x_StdPeriph_Driver\src\stm32f10x_dac.o
DAC_DMACmd                                        .\stlib\STM32F10x_StdPeriph_Driver\src\stm32f10x_dac.o
DAC_DeInit                                        .\stlib\STM32F10x_StdPeriph_Driver\src\stm32f10x_dac.o
DAC_DualSoftwareTriggerCmd                        .\stlib\STM32F10x_StdPeriph_Driver\src\stm32f10x_dac.o
DAC_GetDataOutputValue                            .\stlib\STM32F10x_StdPeriph_Driver\src\stm32f10x_dac.o
DAC_Init                                          .\stlib\STM32F10x_StdPeriph_Driver\src\stm32f10x_dac.o
DAC_SetChannel1Data                               .\stlib\STM32F10x_StdPeriph_Driver\src\stm32f10x_dac.o
DAC_SetChannel2Data                               .\stlib\STM32F10x_StdPeriph_Driver\src\stm32f10x_dac.o
DAC_SetDualChannelData                            .\stlib\STM32F10x_StdPeriph_Driver\src\stm32f10x_dac.o
DAC_SoftwareTriggerCmd                            .\stlib\STM32F10x_StdPeriph_Driver\src\stm32f10x_dac.o
DAC_StructInit                                    .\stlib\STM32F10x_StdPeriph_Driver\src\stm32f10x_dac.o
DAC_WaveGenerationCmd                             .\stlib\STM32F10x_StdPeriph_Driver\src\stm32f10x_dac.o
DBGMCU_Config                                     .\stlib\STM32F10x_StdPeriph_Driver\src\stm32f10x_dbgmcu.o
DBGMCU_GetDEVID                                   .\stlib\STM32F10x_StdPeriph_Driver\src\stm32f10x_dbgmcu.o
DBGMCU_GetREVID                                   .\stlib\STM32F10x_StdPeriph_Driver\src\stm32f10x_dbgmcu.o
DMA1_Channel1_IRQHandler                          .\stlib\CMSIS\CM3\DeviceSupport\ST\STM32F10x\startup\gcc_ride7\startup_stm32f10x_hd.o
DMA1_Channel2_IRQHandler                          .\stlib\CMSIS\CM3\DeviceSupport\ST\STM32F10x\startup\gcc_ride7\startup_stm32f10x_hd.o
DMA1_Channel3_IRQHandler                          .\stlib\CMSIS\CM3\DeviceSupport\ST\STM32F10x\startup\gcc_ride7\startup_stm32f10x_hd.o
DMA1_Channel4_IRQHandler                          .\stlib\CMSIS\CM3\DeviceSupport\ST\STM32F10x\startup\gcc_ride7\startup_stm32f10x_hd.o
DMA1_Channel5_IRQHandler                          .\stlib\CMSIS\CM3\DeviceSupport\ST\STM32F10x\startup\gcc_ride7\startup_stm32f10x_hd.o
DMA1_Channel6_IRQHandler                          .\stlib\CMSIS\CM3\DeviceSupport\ST\STM32F10x\startup\gcc_ride7\startup_stm32f10x_hd.o
DMA1_Channel7_IRQHandler                          .\stlib\CMSIS\CM3\DeviceSupport\ST\STM32F10x\startup\gcc_ride7\startup_stm32f10x_hd.o
DMA2_Channel1_IRQHandler                          .\stlib\CMSIS\CM3\DeviceSupport\ST\STM32F10x\startup\gcc_ride7\startup_stm32f10x_hd.o
DMA2_Channel2_IRQHandler                          .\stlib\CMSIS\CM3\DeviceSupport\ST\STM32F10x\startup\gcc_ride7\startup_stm32f10x_hd.o
DMA2_Channel3_IRQHandler                          .\stlib\CMSIS\CM3\DeviceSupport\ST\STM32F10x\startup\gcc_ride7\startup_stm32f10x_hd.o
DMA2_Channel4_5_IRQHandler                        .\stlib\CMSIS\CM3\DeviceSupport\ST\STM32F10x\startup\gcc_ride7\startup_stm32f10x_hd.o
DMA_ClearFlag                                     .\stlib\STM32F10x_StdPeriph_Driver\src\stm32f10x_dma.o
DMA_ClearITPendingBit                             .\stlib\STM32F10x_StdPeriph_Driver\src\stm32f10x_dma.o
DMA_Cmd                                           .\stlib\STM32F10x_StdPeriph_Driver\src\stm32f10x_dma.o
DMA_DeInit                                        .\stlib\STM32F10x_StdPeriph_Driver\src\stm32f10x_dma.o
DMA_GetCurrDataCounter                            .\stlib\STM32F10x_StdPeriph_Driver\src\stm32f10x_dma.o
DMA_GetFlagStatus                                 .\stlib\STM32F10x_StdPeriph_Driver\src\stm32f10x_dma.o
DMA_GetITStatus                                   .\stlib\STM32F10x_StdPeriph_Driver\src\stm32f10x_dma.o
DMA_ITConfig                                      .\stlib\STM32F10x_StdPeriph_Driver\src\stm32f10x_dma.o
DMA_Init                                          .\stlib\STM32F10x_StdPeriph_Driver\src\stm32f10x_dma.o
DMA_SetCurrDataCounter                            .\stlib\STM32F10x_StdPeriph_Driver\src\stm32f10x_dma.o
DMA_StructInit                                    .\stlib\STM32F10x_StdPeriph_Driver\src\stm32f10x_dma.o
DebugMon_Handler                                  .\stlib\CMSIS\CM3\DeviceSupport\ST\STM32F10x\startup\gcc_ride7\startup_stm32f10x_hd.o
Default_Handler                                   .\stlib\CMSIS\CM3\DeviceSupport\ST\STM32F10x\startup\gcc_ride7\startup_stm32f10x_hd.o
EXTI0_IRQHandler                                  .\stlib\CMSIS\CM3\DeviceSupport\ST\STM32F10x\startup\gcc_ride7\startup_stm32f10x_hd.o
EXTI15_10_IRQHandler                              .\stlib\CMSIS\CM3\DeviceSupport\ST\STM32F10x\startup\gcc_ride7\startup_stm32f10x_hd.o
EXTI1_IRQHandler                                  .\stlib\CMSIS\CM3\DeviceSupport\ST\STM32F10x\startup\gcc_ride7\startup_stm32f10x_hd.o
EXTI2_IRQHandler                                  .\stlib\CMSIS\CM3\DeviceSupport\ST\STM32F10x\startup\gcc_ride7\startup_stm32f10x_hd.o
EXTI3_IRQHandler                                  .\stlib\CMSIS\CM3\DeviceSupport\ST\STM32F10x\startup\gcc_ride7\startup_stm32f10x_hd.o
EXTI4_IRQHandler                                  .\stlib\CMSIS\CM3\DeviceSupport\ST\STM32F10x\startup\gcc_ride7\startup_stm32f10x_hd.o
EXTI9_5_IRQHandler                                .\stlib\CMSIS\CM3\DeviceSupport\ST\STM32F10x\startup\gcc_ride7\startup_stm32f10x_hd.o
EXTI_ClearFlag                                    .\stlib\STM32F10x_StdPeriph_Driver\src\stm32f10x_exti.o
EXTI_ClearITPendingBit                            .\stlib\STM32F10x_StdPeriph_Driver\src\stm32f10x_exti.o
EXTI_DeInit                                       .\stlib\STM32F10x_StdPeriph_Driver\src\stm32f10x_exti.o
EXTI_GenerateSWInterrupt                          .\stlib\STM32F10x_StdPeriph_Driver\src\stm32f10x_exti.o
EXTI_GetFlagStatus                                .\stlib\STM32F10x_StdPeriph_Driver\src\stm32f10x_exti.o
EXTI_GetITStatus                                  .\stlib\STM32F10x_StdPeriph_Driver\src\stm32f10x_exti.o
EXTI_Init                                         .\stlib\STM32F10x_StdPeriph_Driver\src\stm32f10x_exti.o
EXTI_StructInit                                   .\stlib\STM32F10x_StdPeriph_Driver\src\stm32f10x_exti.o
FLASH_ClearFlag                                   .\stlib\STM32F10x_StdPeriph_Driver\src\stm32f10x_flash.o
FLASH_EnableWriteProtection                       .\stlib\STM32F10x_StdPeriph_Driver\src\stm32f10x_flash.o
FLASH_EraseAllBank1Pages                          .\stlib\STM32F10x_StdPeriph_Driver\src\stm32f10x_flash.o
FLASH_EraseAllPages                               .\stlib\STM32F10x_StdPeriph_Driver\src\stm32f10x_flash.o
FLASH_EraseOptionBytes                            .\stlib\STM32F10x_StdPeriph_Driver\src\stm32f10x_flash.o
FLASH_ErasePage                                   .\stlib\STM32F10x_StdPeriph_Driver\src\stm32f10x_flash.o
FLASH_GetBank1Status                              .\stlib\STM32F10x_StdPeriph_Driver\src\stm32f10x_flash.o
FLASH_GetFlagStatus                               .\stlib\STM32F10x_StdPeriph_Driver\src\stm32f10x_flash.o
FLASH_GetPrefetchBufferStatus                     .\stlib\STM32F10x_StdPeriph_Driver\src\stm32f10x_flash.o
FLASH_GetReadOutProtectionStatus                  .\stlib\STM32F10x_StdPeriph_Driver\src\stm32f10x_flash.o
FLASH_GetStatus                                   .\stlib\STM32F10x_StdPeriph_Driver\src\stm32f10x_flash.o
FLASH_GetUserOptionByte                           .\stlib\STM32F10x_StdPeriph_Driver\src\stm32f10x_flash.o
FLASH_GetWriteProtectionOptionByte                .\stlib\STM32F10x_StdPeriph_Driver\src\stm32f10x_flash.o
FLASH_HalfCycleAccessCmd                          .\stlib\STM32F10x_StdPeriph_Driver\src\stm32f10x_flash.o
FLASH_IRQHandler                                  .\stlib\CMSIS\CM3\DeviceSupport\ST\STM32F10x\startup\gcc_ride7\startup_stm32f10x_hd.o
FLASH_ITConfig                                    .\stlib\STM32F10x_StdPeriph_Driver\src\stm32f10x_flash.o
FLASH_Lock                                        .\stlib\STM32F10x_StdPeriph_Driver\src\stm32f10x_flash.o
FLASH_LockBank1                                   .\stlib\STM32F10x_StdPeriph_Driver\src\stm32f10x_flash.o
FLASH_PrefetchBufferCmd                           .\stlib\STM32F10x_StdPeriph_Driver\src\stm32f10x_flash.o
FLASH_ProgramHalfWord                             .\stlib\STM32F10x_StdPeriph_Driver\src\stm32f10x_flash.o
FLASH_ProgramOptionByteData                       .\stlib\STM32F10x_StdPeriph_Driver\src\stm32f10x_flash.o
FLASH_ProgramWord                                 .\stlib\STM32F10x_StdPeriph_Driver\src\stm32f10x_flash.o
FLASH_ReadOutProtection                           .\stlib\STM32F10x_StdPeriph_Driver\src\stm32f10x_flash.o
FLASH_SetLatency                                  .\stlib\STM32F10x_StdPeriph_Driver\src\stm32f10x_flash.o
FLASH_Unlock                                      .\stlib\STM32F10x_StdPeriph_Driver\src\stm32f10x_flash.o
FLASH_UnlockBank1                                 .\stlib\STM32F10x_StdPeriph_Driver\src\stm32f10x_flash.o
FLASH_UserOptionByteConfig                        .\stlib\STM32F10x_StdPeriph_Driver\src\stm32f10x_flash.o
FLASH_WaitForLastBank1Operation                   .\stlib\STM32F10x_StdPeriph_Driver\src\stm32f10x_flash.o
FLASH_WaitForLastOperation                        .\stlib\STM32F10x_StdPeriph_Driver\src\stm32f10x_flash.o
FSMC_ClearFlag                                    .\stlib\STM32F10x_StdPeriph_Driver\src\stm32f10x_fsmc.o
FSMC_ClearITPendingBit                            .\stlib\STM32F10x_StdPeriph_Driver\src\stm32f10x_fsmc.o
FSMC_GetECC                                       .\stlib\STM32F10x_StdPeriph_Driver\src\stm32f10x_fsmc.o
FSMC_GetFlagStatus                                .\stlib\STM32F10x_StdPeriph_Driver\src\stm32f10x_fsmc.o
FSMC_GetITStatus                                  .\stlib\STM32F10x_StdPeriph_Driver\src\stm32f10x_fsmc.o
FSMC_IRQHandler                                   .\stlib\CMSIS\CM3\DeviceSupport\ST\STM32F10x\startup\gcc_ride7\startup_stm32f10x_hd.o
FSMC_ITConfig                                     .\stlib\STM32F10x_StdPeriph_Driver\src\stm32f10x_fsmc.o
FSMC_NANDCmd                                      .\stlib\STM32F10x_StdPeriph_Driver\src\stm32f10x_fsmc.o
FSMC_NANDDeInit                                   .\stlib\STM32F10x_StdPeriph_Driver\src\stm32f10x_fsmc.o
FSMC_NANDECCCmd                                   .\stlib\STM32F10x_StdPeriph_Driver\src\stm32f10x_fsmc.o
FSMC_NANDInit                                     .\stlib\STM32F10x_StdPeriph_Driver\src\stm32f10x_fsmc.o
FSMC_NANDStructInit                               .\stlib\STM32F10x_StdPeriph_Driver\src\stm32f10x_fsmc.o
FSMC_NORSRAMCmd                                   .\stlib\STM32F10x_StdPeriph_Driver\src\stm32f10x_fsmc.o
FSMC_NORSRAMDeInit                                .\stlib\STM32F10x_StdPeriph_Driver\src\stm32f10x_fsmc.o
FSMC_NORSRAMInit                                  .\stlib\STM32F10x_StdPeriph_Driver\src\stm32f10x_fsmc.o
FSMC_NORSRAMStructInit                            .\stlib\STM32F10x_StdPeriph_Driver\src\stm32f10x_fsmc.o
FSMC_PCCARDCmd                                    .\stlib\STM32F10x_StdPeriph_Driver\src\stm32f10x_fsmc.o
FSMC_PCCARDDeInit                                 .\stlib\STM32F10x_StdPeriph_Driver\src\stm32f10x_fsmc.o
FSMC_PCCARDInit                                   .\stlib\STM32F10x_StdPeriph_Driver\src\stm32f10x_fsmc.o
FSMC_PCCARDStructInit                             .\stlib\STM32F10x_StdPeriph_Driver\src\stm32f10x_fsmc.o
GPIO_AFIODeInit                                   .\stlib\STM32F10x_StdPeriph_Driver\src\stm32f10x_gpio.o
GPIO_DeInit                                       .\stlib\STM32F10x_StdPeriph_Driver\src\stm32f10x_gpio.o
GPIO_ETH_MediaInterfaceConfig                     .\stlib\STM32F10x_StdPeriph_Driver\src\stm32f10x_gpio.o
GPIO_EXTILineConfig                               .\stlib\STM32F10x_StdPeriph_Driver\src\stm32f10x_gpio.o
GPIO_EventOutputCmd                               .\stlib\STM32F10x_StdPeriph_Driver\src\stm32f10x_gpio.o
GPIO_EventOutputConfig                            .\stlib\STM32F10x_StdPeriph_Driver\src\stm32f10x_gpio.o
GPIO_Init                                         .\stlib\STM32F10x_StdPeriph_Driver\src\stm32f10x_gpio.o
GPIO_PinLockConfig                                .\stlib\STM32F10x_StdPeriph_Driver\src\stm32f10x_gpio.o
GPIO_PinRemapConfig                               .\stlib\STM32F10x_StdPeriph_Driver\src\stm32f10x_gpio.o
GPIO_ReadInputData                                .\stlib\STM32F10x_StdPeriph_Driver\src\stm32f10x_gpio.o
GPIO_ReadInputDataBit                             .\stlib\STM32F10x_StdPeriph_Driver\src\stm32f10x_gpio.o
GPIO_ReadOutputData                               .\stlib\STM32F10x_StdPeriph_Driver\src\stm32f10x_gpio.o
GPIO_ReadOutputDataBit                            .\stlib\STM32F10x_StdPeriph_Driver\src\stm32f10x_gpio.o
GPIO_ResetBits                                    .\stlib\STM32F10x_StdPeriph_Driver\src\stm32f10x_gpio.o
GPIO_SetBits                                      .\stlib\STM32F10x_StdPeriph_Driver\src\stm32f10x_gpio.o
GPIO_StructInit                                   .\stlib\STM32F10x_StdPeriph_Driver\src\stm32f10x_gpio.o
GPIO_Write                                        .\stlib\STM32F10x_StdPeriph_Driver\src\stm32f10x_gpio.o
GPIO_WriteBit                                     .\stlib\STM32F10x_StdPeriph_Driver\src\stm32f10x_gpio.o
HardFault_Handler                                 .\stlib\CMSIS\CM3\DeviceSupport\ST\STM32F10x\startup\gcc_ride7\startup_stm32f10x_hd.o
I2C1_ER_IRQHandler                                .\stlib\CMSIS\CM3\DeviceSupport\ST\STM32F10x\startup\gcc_ride7\startup_stm32f10x_hd.o
I2C1_EV_IRQHandler                                .\stlib\CMSIS\CM3\DeviceSupport\ST\STM32F10x\startup\gcc_ride7\startup_stm32f10x_hd.o
I2C2_ER_IRQHandler                                .\stlib\CMSIS\CM3\DeviceSupport\ST\STM32F10x\startup\gcc_ride7\startup_stm32f10x_hd.o
I2C2_EV_IRQHandler                                .\stlib\CMSIS\CM3\DeviceSupport\ST\STM32F10x\startup\gcc_ride7\startup_stm32f10x_hd.o
I2C_ARPCmd                                        .\stlib\STM32F10x_StdPeriph_Driver\src\stm32f10x_i2c.o
I2C_AcknowledgeConfig                             .\stlib\STM32F10x_StdPeriph_Driver\src\stm32f10x_i2c.o
I2C_CalculatePEC                                  .\stlib\STM32F10x_StdPeriph_Driver\src\stm32f10x_i2c.o
I2C_CheckEvent                                    .\stlib\STM32F10x_StdPeriph_Driver\src\stm32f10x_i2c.o
I2C_ClearFlag                                     .\stlib\STM32F10x_StdPeriph_Driver\src\stm32f10x_i2c.o
I2C_ClearITPendingBit                             .\stlib\STM32F10x_StdPeriph_Driver\src\stm32f10x_i2c.o
I2C_Cmd                                           .\stlib\STM32F10x_StdPeriph_Driver\src\stm32f10x_i2c.o
I2C_DMACmd                                        .\stlib\STM32F10x_StdPeriph_Driver\src\stm32f10x_i2c.o
I2C_DMALastTransferCmd                            .\stlib\STM32F10x_StdPeriph_Driver\src\stm32f10x_i2c.o
I2C_DeInit                                        .\stlib\STM32F10x_StdPeriph_Driver\src\stm32f10x_i2c.o
I2C_DualAddressCmd                                .\stlib\STM32F10x_StdPeriph_Driver\src\stm32f10x_i2c.o
I2C_FastModeDutyCycleConfig                       .\stlib\STM32F10x_StdPeriph_Driver\src\stm32f10x_i2c.o
I2C_GeneralCallCmd                                .\stlib\STM32F10x_StdPeriph_Driver\src\stm32f10x_i2c.o
I2C_GenerateSTART                                 .\stlib\STM32F10x_StdPeriph_Driver\src\stm32f10x_i2c.o
I2C_GenerateSTOP                                  .\stlib\STM32F10x_StdPeriph_Driver\src\stm32f10x_i2c.o
I2C_GetFlagStatus                                 .\stlib\STM32F10x_StdPeriph_Driver\src\stm32f10x_i2c.o
I2C_GetITStatus                                   .\stlib\STM32F10x_StdPeriph_Driver\src\stm32f10x_i2c.o
I2C_GetLastEvent                                  .\stlib\STM32F10x_StdPeriph_Driver\src\stm32f10x_i2c.o
I2C_GetPEC                                        .\stlib\STM32F10x_StdPeriph_Driver\src\stm32f10x_i2c.o
I2C_ITConfig                                      .\stlib\STM32F10x_StdPeriph_Driver\src\stm32f10x_i2c.o
I2C_Init                                          .\stlib\STM32F10x_StdPeriph_Driver\src\stm32f10x_i2c.o
I2C_NACKPositionConfig                            .\stlib\STM32F10x_StdPeriph_Driver\src\stm32f10x_i2c.o
I2C_OwnAddress2Config                             .\stlib\STM32F10x_StdPeriph_Driver\src\stm32f10x_i2c.o
I2C_PECPositionConfig                             .\stlib\STM32F10x_StdPeriph_Driver\src\stm32f10x_i2c.o
I2C_ReadRegister                                  .\stlib\STM32F10x_StdPeriph_Driver\src\stm32f10x_i2c.o
I2C_ReceiveData                                   .\stlib\STM32F10x_StdPeriph_Driver\src\stm32f10x_i2c.o
I2C_SMBusAlertConfig                              .\stlib\STM32F10x_StdPeriph_Driver\src\stm32f10x_i2c.o
I2C_Send7bitAddress                               .\stlib\STM32F10x_StdPeriph_Driver\src\stm32f10x_i2c.o
I2C_SendData                                      .\stlib\STM32F10x_StdPeriph_Driver\src\stm32f10x_i2c.o
I2C_SoftwareResetCmd                              .\stlib\STM32F10x_StdPeriph_Driver\src\stm32f10x_i2c.o
I2C_StretchClockCmd                               .\stlib\STM32F10x_StdPeriph_Driver\src\stm32f10x_i2c.o
I2C_StructInit                                    .\stlib\STM32F10x_StdPeriph_Driver\src\stm32f10x_i2c.o
I2C_TransmitPEC                                   .\stlib\STM32F10x_StdPeriph_Driver\src\stm32f10x_i2c.o
I2S_Cmd                                           .\stlib\STM32F10x_StdPeriph_Driver\src\stm32f10x_spi.o
I2S_Init                                          .\stlib\STM32F10x_StdPeriph_Driver\src\stm32f10x_spi.o
I2S_StructInit                                    .\stlib\STM32F10x_StdPeriph_Driver\src\stm32f10x_spi.o
IWDG_Enable                                       .\stlib\STM32F10x_StdPeriph_Driver\src\stm32f10x_iwdg.o
IWDG_GetFlagStatus                                .\stlib\STM32F10x_StdPeriph_Driver\src\stm32f10x_iwdg.o
IWDG_ReloadCounter                                .\stlib\STM32F10x_StdPeriph_Driver\src\stm32f10x_iwdg.o
IWDG_SetPrescaler                                 .\stlib\STM32F10x_StdPeriph_Driver\src\stm32f10x_iwdg.o
IWDG_SetReload                                    .\stlib\STM32F10x_StdPeriph_Driver\src\stm32f10x_iwdg.o
IWDG_WriteAccessCmd                               .\stlib\STM32F10x_StdPeriph_Driver\src\stm32f10x_iwdg.o
MemManage_Handler                                 .\stlib\CMSIS\CM3\DeviceSupport\ST\STM32F10x\startup\gcc_ride7\startup_stm32f10x_hd.o
NMI_Handler                                       .\stlib\CMSIS\CM3\DeviceSupport\ST\STM32F10x\startup\gcc_ride7\startup_stm32f10x_hd.o
NVIC_Init                                         .\stlib\STM32F10x_StdPeriph_Driver\src\misc.o
NVIC_PriorityGroupConfig                          .\stlib\STM32F10x_StdPeriph_Driver\src\misc.o
NVIC_SetVectorTable                               .\stlib\STM32F10x_StdPeriph_Driver\src\misc.o
NVIC_SystemLPConfig                               .\stlib\STM32F10x_StdPeriph_Driver\src\misc.o
PVD_IRQHandler                                    .\stlib\CMSIS\CM3\DeviceSupport\ST\STM32F10x\startup\gcc_ride7\startup_stm32f10x_hd.o
PWR_BackupAccessCmd                               .\stlib\STM32F10x_StdPeriph_Driver\src\stm32f10x_pwr.o
PWR_ClearFlag                                     .\stlib\STM32F10x_StdPeriph_Driver\src\stm32f10x_pwr.o
PWR_DeInit                                        .\stlib\STM32F10x_StdPeriph_Driver\src\stm32f10x_pwr.o
PWR_EnterSTANDBYMode                              .\stlib\STM32F10x_StdPeriph_Driver\src\stm32f10x_pwr.o
PWR_EnterSTOPMode                                 .\stlib\STM32F10x_StdPeriph_Driver\src\stm32f10x_pwr.o
PWR_GetFlagStatus                                 .\stlib\STM32F10x_StdPeriph_Driver\src\stm32f10x_pwr.o
PWR_PVDCmd                                        .\stlib\STM32F10x_StdPeriph_Driver\src\stm32f10x_pwr.o
PWR_PVDLevelConfig                                .\stlib\STM32F10x_StdPeriph_Driver\src\stm32f10x_pwr.o
PWR_WakeUpPinCmd                                  .\stlib\STM32F10x_StdPeriph_Driver\src\stm32f10x_pwr.o
PendSV_Handler                                    .\freertos\portable\GCC\ARM_CM3\port.o
                                                  .\stlib\CMSIS\CM3\DeviceSupport\ST\STM32F10x\startup\gcc_ride7\startup_stm32f10x_hd.o
RCC_ADCCLKConfig                                  .\stlib\STM32F10x_StdPeriph_Driver\src\stm32f10x_rcc.o
RCC_AHBPeriphClockCmd                             .\stlib\STM32F10x_StdPeriph_Driver\src\stm32f10x_rcc.o
RCC_APB1PeriphClockCmd                            .\stlib\STM32F10x_StdPeriph_Driver\src\stm32f10x_rcc.o
RCC_APB1PeriphResetCmd                            .\stlib\STM32F10x_StdPeriph_Driver\src\stm32f10x_rcc.o
                                                  .\stlib\STM32F10x_StdPeriph_Driver\src\stm32f10x_wwdg.o
                                                  .\stlib\STM32F10x_StdPeriph_Driver\src\stm32f10x_usart.o
                                                  .\stlib\STM32F10x_StdPeriph_Driver\src\stm32f10x_tim.o
                                                  .\stlib\STM32F10x_StdPeriph_Driver\src\stm32f10x_spi.o
                                                  .\stlib\STM32F10x_StdPeriph_Driver\src\stm32f10x_pwr.o
                                                  .\stlib\STM32F10x_StdPeriph_Driver\src\stm32f10x_i2c.o
                                                  .\stlib\STM32F10x_StdPeriph_Driver\src\stm32f10x_dac.o
                                                  .\stlib\STM32F10x_StdPeriph_Driver\src\stm32f10x_cec.o
                                                  .\stlib\STM32F10x_StdPeriph_Driver\src\stm32f10x_can.o
RCC_APB2PeriphClockCmd                            .\stlib\STM32F10x_StdPeriph_Driver\src\stm32f10x_rcc.o
RCC_APB2PeriphResetCmd                            .\stlib\STM32F10x_StdPeriph_Driver\src\stm32f10x_rcc.o
                                                  .\stlib\STM32F10x_StdPeriph_Driver\src\stm32f10x_usart.o
                                                  .\stlib\STM32F10x_StdPeriph_Driver\src\stm32f10x_tim.o
                                                  .\stlib\STM32F10x_StdPeriph_Driver\src\stm32f10x_spi.o
                                                  .\stlib\STM32F10x_StdPeriph_Driver\src\stm32f10x_gpio.o
                                                  .\stlib\STM32F10x_StdPeriph_Driver\src\stm32f10x_adc.o
RCC_AdjustHSICalibrationValue                     .\stlib\STM32F10x_StdPeriph_Driver\src\stm32f10x_rcc.o
RCC_BackupResetCmd                                .\stlib\STM32F10x_StdPeriph_Driver\src\stm32f10x_rcc.o
                                                  .\stlib\STM32F10x_StdPeriph_Driver\src\stm32f10x_bkp.o
RCC_ClearFlag                                     .\stlib\STM32F10x_StdPeriph_Driver\src\stm32f10x_rcc.o
RCC_ClearITPendingBit                             .\stlib\STM32F10x_StdPeriph_Driver\src\stm32f10x_rcc.o
RCC_ClockSecuritySystemCmd                        .\stlib\STM32F10x_StdPeriph_Driver\src\stm32f10x_rcc.o
RCC_DeInit                                        .\stlib\STM32F10x_StdPeriph_Driver\src\stm32f10x_rcc.o
RCC_GetClocksFreq                                 .\stlib\STM32F10x_StdPeriph_Driver\src\stm32f10x_rcc.o
                                                  .\stlib\STM32F10x_StdPeriph_Driver\src\stm32f10x_usart.o
                                                  .\stlib\STM32F10x_StdPeriph_Driver\src\stm32f10x_spi.o
                                                  .\stlib\STM32F10x_StdPeriph_Driver\src\stm32f10x_i2c.o
RCC_GetFlagStatus                                 .\stlib\STM32F10x_StdPeriph_Driver\src\stm32f10x_rcc.o
RCC_GetITStatus                                   .\stlib\STM32F10x_StdPeriph_Driver\src\stm32f10x_rcc.o
RCC_GetSYSCLKSource                               .\stlib\STM32F10x_StdPeriph_Driver\src\stm32f10x_rcc.o
RCC_HCLKConfig                                    .\stlib\STM32F10x_StdPeriph_Driver\src\stm32f10x_rcc.o
RCC_HSEConfig                                     .\stlib\STM32F10x_StdPeriph_Driver\src\stm32f10x_rcc.o
RCC_HSICmd                                        .\stlib\STM32F10x_StdPeriph_Driver\src\stm32f10x_rcc.o
RCC_IRQHandler                                    .\stlib\CMSIS\CM3\DeviceSupport\ST\STM32F10x\startup\gcc_ride7\startup_stm32f10x_hd.o
RCC_ITConfig                                      .\stlib\STM32F10x_StdPeriph_Driver\src\stm32f10x_rcc.o
RCC_LSEConfig                                     .\stlib\STM32F10x_StdPeriph_Driver\src\stm32f10x_rcc.o
RCC_LSICmd                                        .\stlib\STM32F10x_StdPeriph_Driver\src\stm32f10x_rcc.o
RCC_MCOConfig                                     .\stlib\STM32F10x_StdPeriph_Driver\src\stm32f10x_rcc.o
RCC_PCLK1Config                                   .\stlib\STM32F10x_StdPeriph_Driver\src\stm32f10x_rcc.o
RCC_PCLK2Config                                   .\stlib\STM32F10x_StdPeriph_Driver\src\stm32f10x_rcc.o
RCC_PLLCmd                                        .\stlib\STM32F10x_StdPeriph_Driver\src\stm32f10x_rcc.o
RCC_PLLConfig                                     .\stlib\STM32F10x_StdPeriph_Driver\src\stm32f10x_rcc.o
RCC_RTCCLKCmd                                     .\stlib\STM32F10x_StdPeriph_Driver\src\stm32f10x_rcc.o
RCC_RTCCLKConfig                                  .\stlib\STM32F10x_StdPeriph_Driver\src\stm32f10x_rcc.o
RCC_SYSCLKConfig                                  .\stlib\STM32F10x_StdPeriph_Driver\src\stm32f10x_rcc.o
RCC_USBCLKConfig                                  .\stlib\STM32F10x_StdPeriph_Driver\src\stm32f10x_rcc.o
RCC_WaitForHSEStartUp                             .\stlib\STM32F10x_StdPeriph_Driver\src\stm32f10x_rcc.o
RTCAlarm_IRQHandler                               .\stlib\CMSIS\CM3\DeviceSupport\ST\STM32F10x\startup\gcc_ride7\startup_stm32f10x_hd.o
RTC_ClearFlag                                     .\stlib\STM32F10x_StdPeriph_Driver\src\stm32f10x_rtc.o
RTC_ClearITPendingBit                             .\stlib\STM32F10x_StdPeriph_Driver\src\stm32f10x_rtc.o
RTC_EnterConfigMode                               .\stlib\STM32F10x_StdPeriph_Driver\src\stm32f10x_rtc.o
RTC_ExitConfigMode                                .\stlib\STM32F10x_StdPeriph_Driver\src\stm32f10x_rtc.o
RTC_GetCounter                                    .\stlib\STM32F10x_StdPeriph_Driver\src\stm32f10x_rtc.o
RTC_GetDivider                                    .\stlib\STM32F10x_StdPeriph_Driver\src\stm32f10x_rtc.o
RTC_GetFlagStatus                                 .\stlib\STM32F10x_StdPeriph_Driver\src\stm32f10x_rtc.o
RTC_GetITStatus                                   .\stlib\STM32F10x_StdPeriph_Driver\src\stm32f10x_rtc.o
RTC_IRQHandler                                    .\stlib\CMSIS\CM3\DeviceSupport\ST\STM32F10x\startup\gcc_ride7\startup_stm32f10x_hd.o
RTC_ITConfig                                      .\stlib\STM32F10x_StdPeriph_Driver\src\stm32f10x_rtc.o
RTC_SetAlarm                                      .\stlib\STM32F10x_StdPeriph_Driver\src\stm32f10x_rtc.o
RTC_SetCounter                                    .\stlib\STM32F10x_StdPeriph_Driver\src\stm32f10x_rtc.o
RTC_SetPrescaler                                  .\stlib\STM32F10x_StdPeriph_Driver\src\stm32f10x_rtc.o
RTC_WaitForLastTask                               .\stlib\STM32F10x_StdPeriph_Driver\src\stm32f10x_rtc.o
RTC_WaitForSynchro                                .\stlib\STM32F10x_StdPeriph_Driver\src\stm32f10x_rtc.o
Reset_Handler                                     .\stlib\CMSIS\CM3\DeviceSupport\ST\STM32F10x\startup\gcc_ride7\startup_stm32f10x_hd.o
SDIO_CEATAITCmd                                   .\stlib\STM32F10x_StdPeriph_Driver\src\stm32f10x_sdio.o
SDIO_ClearFlag                                    .\stlib\STM32F10x_StdPeriph_Driver\src\stm32f10x_sdio.o
SDIO_ClearITPendingBit                            .\stlib\STM32F10x_StdPeriph_Driver\src\stm32f10x_sdio.o
SDIO_ClockCmd                                     .\stlib\STM32F10x_StdPeriph_Driver\src\stm32f10x_sdio.o
SDIO_CmdStructInit                                .\stlib\STM32F10x_StdPeriph_Driver\src\stm32f10x_sdio.o
SDIO_CommandCompletionCmd                         .\stlib\STM32F10x_StdPeriph_Driver\src\stm32f10x_sdio.o
SDIO_DMACmd                                       .\stlib\STM32F10x_StdPeriph_Driver\src\stm32f10x_sdio.o
SDIO_DataConfig                                   .\stlib\STM32F10x_StdPeriph_Driver\src\stm32f10x_sdio.o
SDIO_DataStructInit                               .\stlib\STM32F10x_StdPeriph_Driver\src\stm32f10x_sdio.o
SDIO_DeInit                                       .\stlib\STM32F10x_StdPeriph_Driver\src\stm32f10x_sdio.o
SDIO_GetCommandResponse                           .\stlib\STM32F10x_StdPeriph_Driver\src\stm32f10x_sdio.o
SDIO_GetDataCounter                               .\stlib\STM32F10x_StdPeriph_Driver\src\stm32f10x_sdio.o
SDIO_GetFIFOCount                                 .\stlib\STM32F10x_StdPeriph_Driver\src\stm32f10x_sdio.o
SDIO_GetFlagStatus                                .\stlib\STM32F10x_StdPeriph_Driver\src\stm32f10x_sdio.o
SDIO_GetITStatus                                  .\stlib\STM32F10x_StdPeriph_Driver\src\stm32f10x_sdio.o
SDIO_GetPowerState                                .\stlib\STM32F10x_StdPeriph_Driver\src\stm32f10x_sdio.o
SDIO_GetResponse                                  .\stlib\STM32F10x_StdPeriph_Driver\src\stm32f10x_sdio.o
SDIO_IRQHandler                                   .\stlib\CMSIS\CM3\DeviceSupport\ST\STM32F10x\startup\gcc_ride7\startup_stm32f10x_hd.o
SDIO_ITConfig                                     .\stlib\STM32F10x_StdPeriph_Driver\src\stm32f10x_sdio.o
SDIO_Init                                         .\stlib\STM32F10x_StdPeriph_Driver\src\stm32f10x_sdio.o
SDIO_ReadData                                     .\stlib\STM32F10x_StdPeriph_Driver\src\stm32f10x_sdio.o
SDIO_SendCEATACmd                                 .\stlib\STM32F10x_StdPeriph_Driver\src\stm32f10x_sdio.o
SDIO_SendCommand                                  .\stlib\STM32F10x_StdPeriph_Driver\src\stm32f10x_sdio.o
SDIO_SendSDIOSuspendCmd                           .\stlib\STM32F10x_StdPeriph_Driver\src\stm32f10x_sdio.o
SDIO_SetPowerState                                .\stlib\STM32F10x_StdPeriph_Driver\src\stm32f10x_sdio.o
SDIO_SetSDIOOperation                             .\stlib\STM32F10x_StdPeriph_Driver\src\stm32f10x_sdio.o
SDIO_SetSDIOReadWaitMode                          .\stlib\STM32F10x_StdPeriph_Driver\src\stm32f10x_sdio.o
SDIO_StartSDIOReadWait                            .\stlib\STM32F10x_StdPeriph_Driver\src\stm32f10x_sdio.o
SDIO_StopSDIOReadWait                             .\stlib\STM32F10x_StdPeriph_Driver\src\stm32f10x_sdio.o
SDIO_StructInit                                   .\stlib\STM32F10x_StdPeriph_Driver\src\stm32f10x_sdio.o
SDIO_WriteData                                    .\stlib\STM32F10x_StdPeriph_Driver\src\stm32f10x_sdio.o
SPI1_IRQHandler                                   .\stlib\CMSIS\CM3\DeviceSupport\ST\STM32F10x\startup\gcc_ride7\startup_stm32f10x_hd.o
SPI2_IRQHandler                                   .\stlib\CMSIS\CM3\DeviceSupport\ST\STM32F10x\startup\gcc_ride7\startup_stm32f10x_hd.o
SPI3_IRQHandler                                   .\stlib\CMSIS\CM3\DeviceSupport\ST\STM32F10x\startup\gcc_ride7\startup_stm32f10x_hd.o
SPI_BiDirectionalLineConfig                       .\stlib\STM32F10x_StdPeriph_Driver\src\stm32f10x_spi.o
SPI_CalculateCRC                                  .\stlib\STM32F10x_StdPeriph_Driver\src\stm32f10x_spi.o
SPI_Cmd                                           .\stlib\STM32F10x_StdPeriph_Driver\src\stm32f10x_spi.o
SPI_DataSizeConfig                                .\stlib\STM32F10x_StdPeriph_Driver\src\stm32f10x_spi.o
SPI_GetCRC                                        .\stlib\STM32F10x_StdPeriph_Driver\src\stm32f10x_spi.o
SPI_GetCRCPolynomial                              .\stlib\STM32F10x_StdPeriph_Driver\src\stm32f10x_spi.o
SPI_I2S_ClearFlag                                 .\stlib\STM32F10x_StdPeriph_Driver\src\stm32f10x_spi.o
SPI_I2S_ClearITPendingBit                         .\stlib\STM32F10x_StdPeriph_Driver\src\stm32f10x_spi.o
SPI_I2S_DMACmd                                    .\stlib\STM32F10x_StdPeriph_Driver\src\stm32f10x_spi.o
SPI_I2S_DeInit                                    .\stlib\STM32F10x_StdPeriph_Driver\src\stm32f10x_spi.o
SPI_I2S_GetFlagStatus                             .\stlib\STM32F10x_StdPeriph_Driver\src\stm32f10x_spi.o
SPI_I2S_GetITStatus                               .\stlib\STM32F10x_StdPeriph_Driver\src\stm32f10x_spi.o
SPI_I2S_ITConfig                                  .\stlib\STM32F10x_StdPeriph_Driver\src\stm32f10x_spi.o
SPI_I2S_ReceiveData                               .\stlib\STM32F10x_StdPeriph_Driver\src\stm32f10x_spi.o
SPI_I2S_SendData                                  .\stlib\STM32F10x_StdPeriph_Driver\src\stm32f10x_spi.o
SPI_Init                                          .\stlib\STM32F10x_StdPeriph_Driver\src\stm32f10x_spi.o
SPI_NSSInternalSoftwareConfig                     .\stlib\STM32F10x_StdPeriph_Driver\src\stm32f10x_spi.o
SPI_SSOutputCmd                                   .\stlib\STM32F10x_StdPeriph_Driver\src\stm32f10x_spi.o
SPI_StructInit                                    .\stlib\STM32F10x_StdPeriph_Driver\src\stm32f10x_spi.o
SPI_TransmitCRC                                   .\stlib\STM32F10x_StdPeriph_Driver\src\stm32f10x_spi.o
SVC_Handler                                       .\freertos\portable\GCC\ARM_CM3\port.o
                                                  .\stlib\CMSIS\CM3\DeviceSupport\ST\STM32F10x\startup\gcc_ride7\startup_stm32f10x_hd.o
SysTick_CLKSourceConfig                           .\stlib\STM32F10x_StdPeriph_Driver\src\misc.o
SysTick_Handler                                   .\freertos\portable\GCC\ARM_CM3\port.o
                                                  .\stlib\CMSIS\CM3\DeviceSupport\ST\STM32F10x\startup\gcc_ride7\startup_stm32f10x_hd.o
SystemCoreClock                                   .\stlib\CMSIS\CM3\DeviceSupport\ST\STM32F10x\system_stm32f10x.o
SystemCoreClockUpdate                             .\stlib\CMSIS\CM3\DeviceSupport\ST\STM32F10x\system_stm32f10x.o
SystemInit                                        .\stlib\CMSIS\CM3\DeviceSupport\ST\STM32F10x\system_stm32f10x.o
                                                  .\stlib\CMSIS\CM3\DeviceSupport\ST\STM32F10x\startup\gcc_ride7\startup_stm32f10x_hd.o
TAMPER_IRQHandler                                 .\stlib\CMSIS\CM3\DeviceSupport\ST\STM32F10x\startup\gcc_ride7\startup_stm32f10x_hd.o
TIM1_BRK_IRQHandler                               .\stlib\CMSIS\CM3\DeviceSupport\ST\STM32F10x\startup\gcc_ride7\startup_stm32f10x_hd.o
TIM1_CC_IRQHandler                                .\stlib\CMSIS\CM3\DeviceSupport\ST\STM32F10x\startup\gcc_ride7\startup_stm32f10x_hd.o
TIM1_TRG_COM_IRQHandler                           .\stlib\CMSIS\CM3\DeviceSupport\ST\STM32F10x\startup\gcc_ride7\startup_stm32f10x_hd.o
TIM1_UP_IRQHandler                                .\stlib\CMSIS\CM3\DeviceSupport\ST\STM32F10x\startup\gcc_ride7\startup_stm32f10x_hd.o
TIM2_IRQHandler                                   .\stlib\CMSIS\CM3\DeviceSupport\ST\STM32F10x\startup\gcc_ride7\startup_stm32f10x_hd.o
TIM3_IRQHandler                                   .\stlib\CMSIS\CM3\DeviceSupport\ST\STM32F10x\startup\gcc_ride7\startup_stm32f10x_hd.o
TIM4_IRQHandler                                   .\stlib\CMSIS\CM3\DeviceSupport\ST\STM32F10x\startup\gcc_ride7\startup_stm32f10x_hd.o
TIM5_IRQHandler                                   .\stlib\CMSIS\CM3\DeviceSupport\ST\STM32F10x\startup\gcc_ride7\startup_stm32f10x_hd.o
TIM6_IRQHandler                                   .\stlib\CMSIS\CM3\DeviceSupport\ST\STM32F10x\startup\gcc_ride7\startup_stm32f10x_hd.o
TIM7_IRQHandler                                   .\stlib\CMSIS\CM3\DeviceSupport\ST\STM32F10x\startup\gcc_ride7\startup_stm32f10x_hd.o
TIM8_BRK_IRQHandler                               .\stlib\CMSIS\CM3\DeviceSupport\ST\STM32F10x\startup\gcc_ride7\startup_stm32f10x_hd.o
TIM8_CC_IRQHandler                                .\stlib\CMSIS\CM3\DeviceSupport\ST\STM32F10x\startup\gcc_ride7\startup_stm32f10x_hd.o
TIM8_TRG_COM_IRQHandler                           .\stlib\CMSIS\CM3\DeviceSupport\ST\STM32F10x\startup\gcc_ride7\startup_stm32f10x_hd.o
TIM8_UP_IRQHandler                                .\stlib\CMSIS\CM3\DeviceSupport\ST\STM32F10x\startup\gcc_ride7\startup_stm32f10x_hd.o
TIM_ARRPreloadConfig                              .\stlib\STM32F10x_StdPeriph_Driver\src\stm32f10x_tim.o
TIM_BDTRConfig                                    .\stlib\STM32F10x_StdPeriph_Driver\src\stm32f10x_tim.o
TIM_BDTRStructInit                                .\stlib\STM32F10x_StdPeriph_Driver\src\stm32f10x_tim.o
TIM_CCPreloadControl                              .\stlib\STM32F10x_StdPeriph_Driver\src\stm32f10x_tim.o
TIM_CCxCmd                                        .\stlib\STM32F10x_StdPeriph_Driver\src\stm32f10x_tim.o
TIM_CCxNCmd                                       .\stlib\STM32F10x_StdPeriph_Driver\src\stm32f10x_tim.o
TIM_ClearFlag                                     .\stlib\STM32F10x_StdPeriph_Driver\src\stm32f10x_tim.o
TIM_ClearITPendingBit                             .\stlib\STM32F10x_StdPeriph_Driver\src\stm32f10x_tim.o
TIM_ClearOC1Ref                                   .\stlib\STM32F10x_StdPeriph_Driver\src\stm32f10x_tim.o
TIM_ClearOC2Ref                                   .\stlib\STM32F10x_StdPeriph_Driver\src\stm32f10x_tim.o
TIM_ClearOC3Ref                                   .\stlib\STM32F10x_StdPeriph_Driver\src\stm32f10x_tim.o
TIM_ClearOC4Ref                                   .\stlib\STM32F10x_StdPeriph_Driver\src\stm32f10x_tim.o
TIM_Cmd                                           .\stlib\STM32F10x_StdPeriph_Driver\src\stm32f10x_tim.o
TIM_CounterModeConfig                             .\stlib\STM32F10x_StdPeriph_Driver\src\stm32f10x_tim.o
TIM_CtrlPWMOutputs                                .\stlib\STM32F10x_StdPeriph_Driver\src\stm32f10x_tim.o
TIM_DMACmd                                        .\stlib\STM32F10x_StdPeriph_Driver\src\stm32f10x_tim.o
TIM_DMAConfig                                     .\stlib\STM32F10x_StdPeriph_Driver\src\stm32f10x_tim.o
TIM_DeInit                                        .\stlib\STM32F10x_StdPeriph_Driver\src\stm32f10x_tim.o
TIM_ETRClockMode1Config                           .\stlib\STM32F10x_StdPeriph_Driver\src\stm32f10x_tim.o
TIM_ETRClockMode2Config                           .\stlib\STM32F10x_StdPeriph_Driver\src\stm32f10x_tim.o
TIM_ETRConfig                                     .\stlib\STM32F10x_StdPeriph_Driver\src\stm32f10x_tim.o
TIM_EncoderInterfaceConfig                        .\stlib\STM32F10x_StdPeriph_Driver\src\stm32f10x_tim.o
TIM_ForcedOC1Config                               .\stlib\STM32F10x_StdPeriph_Driver\src\stm32f10x_tim.o
TIM_ForcedOC2Config                               .\stlib\STM32F10x_StdPeriph_Driver\src\stm32f10x_tim.o
TIM_ForcedOC3Config                               .\stlib\STM32F10x_StdPeriph_Driver\src\stm32f10x_tim.o
TIM_ForcedOC4Config                               .\stlib\STM32F10x_StdPeriph_Driver\src\stm32f10x_tim.o
TIM_GenerateEvent                                 .\stlib\STM32F10x_StdPeriph_Driver\src\stm32f10x_tim.o
TIM_GetCapture1                                   .\stlib\STM32F10x_StdPeriph_Driver\src\stm32f10x_tim.o
TIM_GetCapture2                                   .\stlib\STM32F10x_StdPeriph_Driver\src\stm32f10x_tim.o
TIM_GetCapture3                                   .\stlib\STM32F10x_StdPeriph_Driver\src\stm32f10x_tim.o
TIM_GetCapture4                                   .\stlib\STM32F10x_StdPeriph_Driver\src\stm32f10x_tim.o
TIM_GetCounter                                    .\stlib\STM32F10x_StdPeriph_Driver\src\stm32f10x_tim.o
TIM_GetFlagStatus                                 .\stlib\STM32F10x_StdPeriph_Driver\src\stm32f10x_tim.o
TIM_GetITStatus                                   .\stlib\STM32F10x_StdPeriph_Driver\src\stm32f10x_tim.o
TIM_GetPrescaler                                  .\stlib\STM32F10x_StdPeriph_Driver\src\stm32f10x_tim.o
TIM_ICInit                                        .\stlib\STM32F10x_StdPeriph_Driver\src\stm32f10x_tim.o
TIM_ICStructInit                                  .\stlib\STM32F10x_StdPeriph_Driver\src\stm32f10x_tim.o
TIM_ITConfig                                      .\stlib\STM32F10x_StdPeriph_Driver\src\stm32f10x_tim.o
TIM_ITRxExternalClockConfig                       .\stlib\STM32F10x_StdPeriph_Driver\src\stm32f10x_tim.o
TIM_InternalClockConfig                           .\stlib\STM32F10x_StdPeriph_Driver\src\stm32f10x_tim.o
TIM_OC1FastConfig                                 .\stlib\STM32F10x_StdPeriph_Driver\src\stm32f10x_tim.o
TIM_OC1Init                                       .\stlib\STM32F10x_StdPeriph_Driver\src\stm32f10x_tim.o
TIM_OC1NPolarityConfig                            .\stlib\STM32F10x_StdPeriph_Driver\src\stm32f10x_tim.o
TIM_OC1PolarityConfig                             .\stlib\STM32F10x_StdPeriph_Driver\src\stm32f10x_tim.o
TIM_OC1PreloadConfig                              .\stlib\STM32F10x_StdPeriph_Driver\src\stm32f10x_tim.o
TIM_OC2FastConfig                                 .\stlib\STM32F10x_StdPeriph_Driver\src\stm32f10x_tim.o
TIM_OC2Init                                       .\stlib\STM32F10x_StdPeriph_Driver\src\stm32f10x_tim.o
TIM_OC2NPolarityConfig                            .\stlib\STM32F10x_StdPeriph_Driver\src\stm32f10x_tim.o
TIM_OC2PolarityConfig                             .\stlib\STM32F10x_StdPeriph_Driver\src\stm32f10x_tim.o
TIM_OC2PreloadConfig                              .\stlib\STM32F10x_StdPeriph_Driver\src\stm32f10x_tim.o
TIM_OC3FastConfig                                 .\stlib\STM32F10x_StdPeriph_Driver\src\stm32f10x_tim.o
TIM_OC3Init                                       .\stlib\STM32F10x_StdPeriph_Driver\src\stm32f10x_tim.o
TIM_OC3NPolarityConfig                            .\stlib\STM32F10x_StdPeriph_Driver\src\stm32f10x_tim.o
TIM_OC3PolarityConfig                             .\stlib\STM32F10x_StdPeriph_Driver\src\stm32f10x_tim.o
TIM_OC3PreloadConfig                              .\stlib\STM32F10x_StdPeriph_Driver\src\stm32f10x_tim.o
TIM_OC4FastConfig                                 .\stlib\STM32F10x_StdPeriph_Driver\src\stm32f10x_tim.o
TIM_OC4Init                                       .\stlib\STM32F10x_StdPeriph_Driver\src\stm32f10x_tim.o
TIM_OC4PolarityConfig                             .\stlib\STM32F10x_StdPeriph_Driver\src\stm32f10x_tim.o
TIM_OC4PreloadConfig                              .\stlib\STM32F10x_StdPeriph_Driver\src\stm32f10x_tim.o
TIM_OCStructInit                                  .\stlib\STM32F10x_StdPeriph_Driver\src\stm32f10x_tim.o
TIM_PWMIConfig                                    .\stlib\STM32F10x_StdPeriph_Driver\src\stm32f10x_tim.o
TIM_PrescalerConfig                               .\stlib\STM32F10x_StdPeriph_Driver\src\stm32f10x_tim.o
TIM_SelectCCDMA                                   .\stlib\STM32F10x_StdPeriph_Driver\src\stm32f10x_tim.o
TIM_SelectCOM                                     .\stlib\STM32F10x_StdPeriph_Driver\src\stm32f10x_tim.o
TIM_SelectHallSensor                              .\stlib\STM32F10x_StdPeriph_Driver\src\stm32f10x_tim.o
TIM_SelectInputTrigger                            .\stlib\STM32F10x_StdPeriph_Driver\src\stm32f10x_tim.o
TIM_SelectMasterSlaveMode                         .\stlib\STM32F10x_StdPeriph_Driver\src\stm32f10x_tim.o
TIM_SelectOCxM                                    .\stlib\STM32F10x_StdPeriph_Driver\src\stm32f10x_tim.o
TIM_SelectOnePulseMode                            .\stlib\STM32F10x_StdPeriph_Driver\src\stm32f10x_tim.o
TIM_SelectOutputTrigger                           .\stlib\STM32F10x_StdPeriph_Driver\src\stm32f10x_tim.o
TIM_SelectSlaveMode                               .\stlib\STM32F10x_StdPeriph_Driver\src\stm32f10x_tim.o
TIM_SetAutoreload                                 .\stlib\STM32F10x_StdPeriph_Driver\src\stm32f10x_tim.o
TIM_SetClockDivision                              .\stlib\STM32F10x_StdPeriph_Driver\src\stm32f10x_tim.o
TIM_SetCompare1                                   .\stlib\STM32F10x_StdPeriph_Driver\src\stm32f10x_tim.o
TIM_SetCompare2                                   .\stlib\STM32F10x_StdPeriph_Driver\src\stm32f10x_tim.o
TIM_SetCompare3                                   .\stlib\STM32F10x_StdPeriph_Driver\src\stm32f10x_tim.o
TIM_SetCompare4                                   .\stlib\STM32F10x_StdPeriph_Driver\src\stm32f10x_tim.o
TIM_SetCounter                                    .\stlib\STM32F10x_StdPeriph_Driver\src\stm32f10x_tim.o
TIM_SetIC1Prescaler                               .\stlib\STM32F10x_StdPeriph_Driver\src\stm32f10x_tim.o
TIM_SetIC2Prescaler                               .\stlib\STM32F10x_StdPeriph_Driver\src\stm32f10x_tim.o
TIM_SetIC3Prescaler                               .\stlib\STM32F10x_StdPeriph_Driver\src\stm32f10x_tim.o
TIM_SetIC4Prescaler                               .\stlib\STM32F10x_StdPeriph_Driver\src\stm32f10x_tim.o
TIM_TIxExternalClockConfig                        .\stlib\STM32F10x_StdPeriph_Driver\src\stm32f10x_tim.o
TIM_TimeBaseInit                                  .\stlib\STM32F10x_StdPeriph_Driver\src\stm32f10x_tim.o
TIM_TimeBaseStructInit                            .\stlib\STM32F10x_StdPeriph_Driver\src\stm32f10x_tim.o
TIM_UpdateDisableConfig                           .\stlib\STM32F10x_StdPeriph_Driver\src\stm32f10x_tim.o
TIM_UpdateRequestConfig                           .\stlib\STM32F10x_StdPeriph_Driver\src\stm32f10x_tim.o
Task_Debug                                        .\task_src\task_debug.o
UART3_Init                                        .\task_src\task_debug.o
UART3_Send                                        .\task_src\task_debug.o
UART4_IRQHandler                                  .\stlib\CMSIS\CM3\DeviceSupport\ST\STM32F10x\startup\gcc_ride7\startup_stm32f10x_hd.o
UART5_IRQHandler                                  .\stlib\CMSIS\CM3\DeviceSupport\ST\STM32F10x\startup\gcc_ride7\startup_stm32f10x_hd.o
USART1_IRQHandler                                 .\stlib\CMSIS\CM3\DeviceSupport\ST\STM32F10x\startup\gcc_ride7\startup_stm32f10x_hd.o
USART2_IRQHandler                                 .\stlib\CMSIS\CM3\DeviceSupport\ST\STM32F10x\startup\gcc_ride7\startup_stm32f10x_hd.o
USART3_IRQHandler                                 .\stlib\CMSIS\CM3\DeviceSupport\ST\STM32F10x\startup\gcc_ride7\startup_stm32f10x_hd.o
USART_ClearFlag                                   .\stlib\STM32F10x_StdPeriph_Driver\src\stm32f10x_usart.o
USART_ClearITPendingBit                           .\stlib\STM32F10x_StdPeriph_Driver\src\stm32f10x_usart.o
USART_ClockInit                                   .\stlib\STM32F10x_StdPeriph_Driver\src\stm32f10x_usart.o
USART_ClockStructInit                             .\stlib\STM32F10x_StdPeriph_Driver\src\stm32f10x_usart.o
USART_Cmd                                         .\stlib\STM32F10x_StdPeriph_Driver\src\stm32f10x_usart.o
USART_DMACmd                                      .\stlib\STM32F10x_StdPeriph_Driver\src\stm32f10x_usart.o
USART_DeInit                                      .\stlib\STM32F10x_StdPeriph_Driver\src\stm32f10x_usart.o
USART_GetFlagStatus                               .\stlib\STM32F10x_StdPeriph_Driver\src\stm32f10x_usart.o
USART_GetITStatus                                 .\stlib\STM32F10x_StdPeriph_Driver\src\stm32f10x_usart.o
USART_HalfDuplexCmd                               .\stlib\STM32F10x_StdPeriph_Driver\src\stm32f10x_usart.o
USART_ITConfig                                    .\stlib\STM32F10x_StdPeriph_Driver\src\stm32f10x_usart.o
USART_Init                                        .\stlib\STM32F10x_StdPeriph_Driver\src\stm32f10x_usart.o
USART_IrDACmd                                     .\stlib\STM32F10x_StdPeriph_Driver\src\stm32f10x_usart.o
USART_IrDAConfig                                  .\stlib\STM32F10x_StdPeriph_Driver\src\stm32f10x_usart.o
USART_LINBreakDetectLengthConfig                  .\stlib\STM32F10x_StdPeriph_Driver\src\stm32f10x_usart.o
USART_LINCmd                                      .\stlib\STM32F10x_StdPeriph_Driver\src\stm32f10x_usart.o
USART_OneBitMethodCmd                             .\stlib\STM32F10x_StdPeriph_Driver\src\stm32f10x_usart.o
USART_OverSampling8Cmd                            .\stlib\STM32F10x_StdPeriph_Driver\src\stm32f10x_usart.o
USART_ReceiveData                                 .\stlib\STM32F10x_StdPeriph_Driver\src\stm32f10x_usart.o
USART_ReceiverWakeUpCmd                           .\stlib\STM32F10x_StdPeriph_Driver\src\stm32f10x_usart.o
USART_SendBreak                                   .\stlib\STM32F10x_StdPeriph_Driver\src\stm32f10x_usart.o
USART_SendData                                    .\stlib\STM32F10x_StdPeriph_Driver\src\stm32f10x_usart.o
USART_SetAddress                                  .\stlib\STM32F10x_StdPeriph_Driver\src\stm32f10x_usart.o
USART_SetGuardTime                                .\stlib\STM32F10x_StdPeriph_Driver\src\stm32f10x_usart.o
USART_SetPrescaler                                .\stlib\STM32F10x_StdPeriph_Driver\src\stm32f10x_usart.o
USART_SmartCardCmd                                .\stlib\STM32F10x_StdPeriph_Driver\src\stm32f10x_usart.o
USART_SmartCardNACKCmd                            .\stlib\STM32F10x_StdPeriph_Driver\src\stm32f10x_usart.o
USART_StructInit                                  .\stlib\STM32F10x_StdPeriph_Driver\src\stm32f10x_usart.o
USART_WakeUpConfig                                .\stlib\STM32F10x_StdPeriph_Driver\src\stm32f10x_usart.o
USBWakeUp_IRQHandler                              .\stlib\CMSIS\CM3\DeviceSupport\ST\STM32F10x\startup\gcc_ride7\startup_stm32f10x_hd.o
USB_HP_CAN1_TX_IRQHandler                         .\stlib\CMSIS\CM3\DeviceSupport\ST\STM32F10x\startup\gcc_ride7\startup_stm32f10x_hd.o
USB_LP_CAN1_RX0_IRQHandler                        .\stlib\CMSIS\CM3\DeviceSupport\ST\STM32F10x\startup\gcc_ride7\startup_stm32f10x_hd.o
UsageFault_Handler                                .\stlib\CMSIS\CM3\DeviceSupport\ST\STM32F10x\startup\gcc_ride7\startup_stm32f10x_hd.o
WWDG_ClearFlag                                    .\stlib\STM32F10x_StdPeriph_Driver\src\stm32f10x_wwdg.o
WWDG_DeInit                                       .\stlib\STM32F10x_StdPeriph_Driver\src\stm32f10x_wwdg.o
WWDG_Enable                                       .\stlib\STM32F10x_StdPeriph_Driver\src\stm32f10x_wwdg.o
WWDG_EnableIT                                     .\stlib\STM32F10x_StdPeriph_Driver\src\stm32f10x_wwdg.o
WWDG_GetFlagStatus                                .\stlib\STM32F10x_StdPeriph_Driver\src\stm32f10x_wwdg.o
WWDG_IRQHandler                                   .\stlib\CMSIS\CM3\DeviceSupport\ST\STM32F10x\startup\gcc_ride7\startup_stm32f10x_hd.o
WWDG_SetCounter                                   .\stlib\STM32F10x_StdPeriph_Driver\src\stm32f10x_wwdg.o
WWDG_SetPrescaler                                 .\stlib\STM32F10x_StdPeriph_Driver\src\stm32f10x_wwdg.o
WWDG_SetWindowValue                               .\stlib\STM32F10x_StdPeriph_Driver\src\stm32f10x_wwdg.o
__LDREXB                                          .\stlib\CMSIS\CM3\CoreSupport\core_cm3.o
__LDREXH                                          .\stlib\CMSIS\CM3\CoreSupport\core_cm3.o
__LDREXW                                          .\stlib\CMSIS\CM3\CoreSupport\core_cm3.o
__RBIT                                            .\stlib\CMSIS\CM3\CoreSupport\core_cm3.o
__REV                                             .\stlib\CMSIS\CM3\CoreSupport\core_cm3.o
__REV16                                           .\stlib\CMSIS\CM3\CoreSupport\core_cm3.o
__REVSH                                           .\stlib\CMSIS\CM3\CoreSupport\core_cm3.o
__STREXB                                          .\stlib\CMSIS\CM3\CoreSupport\core_cm3.o
__STREXH                                          .\stlib\CMSIS\CM3\CoreSupport\core_cm3.o
__STREXW                                          .\stlib\CMSIS\CM3\CoreSupport\core_cm3.o
__get_BASEPRI                                     .\stlib\CMSIS\CM3\CoreSupport\core_cm3.o
__get_CONTROL                                     .\stlib\CMSIS\CM3\CoreSupport\core_cm3.o
__get_FAULTMASK                                   .\stlib\CMSIS\CM3\CoreSupport\core_cm3.o
__get_MSP                                         .\stlib\CMSIS\CM3\CoreSupport\core_cm3.o
__get_PRIMASK                                     .\stlib\CMSIS\CM3\CoreSupport\core_cm3.o
__get_PSP                                         .\stlib\CMSIS\CM3\CoreSupport\core_cm3.o
__set_BASEPRI                                     .\stlib\CMSIS\CM3\CoreSupport\core_cm3.o
__set_CONTROL                                     .\stlib\CMSIS\CM3\CoreSupport\core_cm3.o
__set_FAULTMASK                                   .\stlib\CMSIS\CM3\CoreSupport\core_cm3.o
__set_MSP                                         .\stlib\CMSIS\CM3\CoreSupport\core_cm3.o
__set_PRIMASK                                     .\stlib\CMSIS\CM3\CoreSupport\core_cm3.o
__set_PSP                                         .\stlib\CMSIS\CM3\CoreSupport\core_cm3.o
_ebss                                             .\stlib\CMSIS\CM3\DeviceSupport\ST\STM32F10x\startup\gcc_ride7\startup_stm32f10x_hd.o
_edata                                            .\stlib\CMSIS\CM3\DeviceSupport\ST\STM32F10x\startup\gcc_ride7\startup_stm32f10x_hd.o
_estack                                           .\stlib\CMSIS\CM3\DeviceSupport\ST\STM32F10x\startup\gcc_ride7\startup_stm32f10x_hd.o
_sbss                                             .\stlib\CMSIS\CM3\DeviceSupport\ST\STM32F10x\startup\gcc_ride7\startup_stm32f10x_hd.o
_sdata                                            .\stlib\CMSIS\CM3\DeviceSupport\ST\STM32F10x\startup\gcc_ride7\startup_stm32f10x_hd.o
_sidata                                           .\stlib\CMSIS\CM3\DeviceSupport\ST\STM32F10x\startup\gcc_ride7\startup_stm32f10x_hd.o
eTaskGetState                                     .\freertos\tasks.o
g_pfnVectors                                      .\stlib\CMSIS\CM3\DeviceSupport\ST\STM32F10x\startup\gcc_ride7\startup_stm32f10x_hd.o
main                                              .\usr_src\main.o
                                                  .\stlib\CMSIS\CM3\DeviceSupport\ST\STM32F10x\startup\gcc_ride7\startup_stm32f10x_hd.o
memcpy                                            c:/program files (x86)/gnu tools arm embedded/9 2019-q4-major/bin/../lib/gcc/arm-none-eabi/9.2.1/../../../../arm-none-eabi/lib/thumb/v7-m/nofp\libg.a(lib_a-memcpy.o)
                                                  .\freertos\queue.o
memset                                            c:/program files (x86)/gnu tools arm embedded/9 2019-q4-major/bin/../lib/gcc/arm-none-eabi/9.2.1/../../../../arm-none-eabi/lib/thumb/v7-m/nofp\libg.a(lib_a-memset.o)
                                                  .\freertos\tasks.o
pcTaskGetName                                     .\freertos\tasks.o
pcTimerGetName                                    .\freertos\timers.o
pvPortMalloc                                      .\freertos\portable\MemMang\heap_4.o
                                                  .\freertos\timers.o
                                                  .\freertos\tasks.o
                                                  .\freertos\queue.o
pvTaskIncrementMutexHeldCount                     .\freertos\tasks.o
                                                  .\freertos\queue.o
pvTimerGetTimerID                                 .\freertos\timers.o
pxCurrentTCB                                      .\freertos\tasks.o
                                                  .\freertos\portable\GCC\ARM_CM3\port.o
pxPortInitialiseStack                             .\freertos\portable\GCC\ARM_CM3\port.o
                                                  .\freertos\tasks.o
ucQueueGetQueueType                               .\freertos\queue.o
ulTaskNotifyTake                                  .\freertos\tasks.o